Component: ARM Compiler 5.06 update 7 (build 960) Tool: armlink [4d3601]

==============================================================================

Section Cross References

    startup_stm32l431xx.o(STACK) refers (Special) to heapauxi.o(.text) for __use_two_region_memory
    startup_stm32l431xx.o(HEAP) refers (Special) to heapauxi.o(.text) for __use_two_region_memory
    startup_stm32l431xx.o(RESET) refers (Special) to heapauxi.o(.text) for __use_two_region_memory
    startup_stm32l431xx.o(RESET) refers to startup_stm32l431xx.o(STACK) for __initial_sp
    startup_stm32l431xx.o(RESET) refers to startup_stm32l431xx.o(.text) for Reset_Handler
    startup_stm32l431xx.o(RESET) refers to stm32l4xx_it.o(i.NMI_Handler) for NMI_Handler
    startup_stm32l431xx.o(RESET) refers to stm32l4xx_it.o(i.HardFault_Handler) for HardFault_Handler
    startup_stm32l431xx.o(RESET) refers to stm32l4xx_it.o(i.MemManage_Handler) for MemManage_Handler
    startup_stm32l431xx.o(RESET) refers to stm32l4xx_it.o(i.BusFault_Handler) for BusFault_Handler
    startup_stm32l431xx.o(RESET) refers to stm32l4xx_it.o(i.UsageFault_Handler) for UsageFault_Handler
    startup_stm32l431xx.o(RESET) refers to port.o(.emb_text) for SVC_Handler
    startup_stm32l431xx.o(RESET) refers to stm32l4xx_it.o(i.DebugMon_Handler) for DebugMon_Handler
    startup_stm32l431xx.o(RESET) refers to stm32l4xx_it.o(i.SysTick_Handler) for SysTick_Handler
    startup_stm32l431xx.o(.text) refers (Special) to heapauxi.o(.text) for __use_two_region_memory
    startup_stm32l431xx.o(.text) refers to system_stm32l4xx.o(i.SystemInit) for SystemInit
    startup_stm32l431xx.o(.text) refers to __main.o(!!!main) for __main
    startup_stm32l431xx.o(.text) refers to startup_stm32l431xx.o(HEAP) for Heap_Mem
    startup_stm32l431xx.o(.text) refers to startup_stm32l431xx.o(STACK) for Stack_Mem
    main.o(i.MX_GPIO_Init) refers to rt_memclr_w.o(.text) for __aeabi_memclr4
    main.o(i.MX_GPIO_Init) refers to stm32l4xx_hal_gpio.o(i.HAL_GPIO_WritePin) for HAL_GPIO_WritePin
    main.o(i.MX_GPIO_Init) refers to stm32l4xx_hal_gpio.o(i.HAL_GPIO_Init) for HAL_GPIO_Init
    main.o(i.MX_SPI1_Init) refers to stm32l4xx_hal_spi.o(i.HAL_SPI_Init) for HAL_SPI_Init
    main.o(i.MX_SPI1_Init) refers to main.o(i.Error_Handler) for Error_Handler
    main.o(i.MX_SPI1_Init) refers to main.o(.bss) for hspi1
    main.o(i.MX_USART1_UART_Init) refers to stm32l4xx_hal_uart.o(i.HAL_UART_Init) for HAL_UART_Init
    main.o(i.MX_USART1_UART_Init) refers to main.o(i.Error_Handler) for Error_Handler
    main.o(i.MX_USART1_UART_Init) refers to main.o(.bss) for huart1
    main.o(i.MX_USART2_UART_Init) refers to stm32l4xx_hal_uart.o(i.HAL_UART_Init) for HAL_UART_Init
    main.o(i.MX_USART2_UART_Init) refers to main.o(i.Error_Handler) for Error_Handler
    main.o(i.MX_USART2_UART_Init) refers to main.o(.bss) for huart2
    main.o(i.MX_USART3_UART_Init) refers to stm32l4xx_hal_uart.o(i.HAL_UART_Init) for HAL_UART_Init
    main.o(i.MX_USART3_UART_Init) refers to main.o(i.Error_Handler) for Error_Handler
    main.o(i.MX_USART3_UART_Init) refers to main.o(.bss) for huart3
    main.o(i.StartDefaultTask) refers to cmsis_os2.o(i.osDelay) for osDelay
    main.o(i.SystemClock_Config) refers to rt_memclr_w.o(.text) for __aeabi_memclr4
    main.o(i.SystemClock_Config) refers to stm32l4xx_hal_pwr_ex.o(i.HAL_PWREx_ControlVoltageScaling) for HAL_PWREx_ControlVoltageScaling
    main.o(i.SystemClock_Config) refers to main.o(i.Error_Handler) for Error_Handler
    main.o(i.SystemClock_Config) refers to stm32l4xx_hal_rcc.o(i.HAL_RCC_OscConfig) for HAL_RCC_OscConfig
    main.o(i.SystemClock_Config) refers to stm32l4xx_hal_rcc.o(i.HAL_RCC_ClockConfig) for HAL_RCC_ClockConfig
    main.o(i.main) refers to stm32l4xx_hal.o(i.HAL_Init) for HAL_Init
    main.o(i.main) refers to main.o(i.SystemClock_Config) for SystemClock_Config
    main.o(i.main) refers to main.o(i.MX_GPIO_Init) for MX_GPIO_Init
    main.o(i.main) refers to main.o(i.MX_SPI1_Init) for MX_SPI1_Init
    main.o(i.main) refers to main.o(i.MX_USART1_UART_Init) for MX_USART1_UART_Init
    main.o(i.main) refers to main.o(i.MX_USART2_UART_Init) for MX_USART2_UART_Init
    main.o(i.main) refers to main.o(i.MX_USART3_UART_Init) for MX_USART3_UART_Init
    main.o(i.main) refers to cmsis_os2.o(i.osKernelInitialize) for osKernelInitialize
    main.o(i.main) refers to cmsis_os2.o(i.osThreadNew) for osThreadNew
    main.o(i.main) refers to cmsis_os2.o(i.osKernelStart) for osKernelStart
    main.o(i.main) refers to main.o(.constdata) for defaultTask_attributes
    main.o(i.main) refers to main.o(i.StartDefaultTask) for StartDefaultTask
    main.o(i.main) refers to main.o(.data) for defaultTaskHandle
    main.o(.constdata) refers to main.o(.conststring) for .conststring
    stm32l4xx_it.o(i.SysTick_Handler) refers to stm32l4xx_hal.o(i.HAL_IncTick) for HAL_IncTick
    stm32l4xx_it.o(i.SysTick_Handler) refers to tasks.o(i.xTaskGetSchedulerState) for xTaskGetSchedulerState
[...]
    ..\Core\Src\system_stm32l4xx.c           0x00000000   Number         0  system_stm32l4xx.o ABSOLUTE
    ..\Drivers\STM32L4xx_HAL_Driver\Src\stm32l4xx_hal.c 0x00000000   Number         0  stm32l4xx_hal.o ABSOLUTE
    ..\Drivers\STM32L4xx_HAL_Driver\Src\stm32l4xx_hal_cortex.c 0x00000000   Number         0  stm32l4xx_hal_cortex.o ABSOLUTE
    ..\Drivers\STM32L4xx_HAL_Driver\Src\stm32l4xx_hal_dma.c 0x00000000   Number         0  stm32l4xx_hal_dma.o ABSOLUTE
    ..\Drivers\STM32L4xx_HAL_Driver\Src\stm32l4xx_hal_dma_ex.c 0x00000000   Number         0  stm32l4xx_hal_dma_ex.o ABSOLUTE
    ..\Drivers\STM32L4xx_HAL_Driver\Src\stm32l4xx_hal_exti.c 0x00000000   Number         0  stm32l4xx_hal_exti.o ABSOLUTE
    ..\Drivers\STM32L4xx_HAL_Driver\Src\stm32l4xx_hal_flash.c 0x00000000   Number         0  stm32l4xx_hal_flash.o ABSOLUTE
    ..\Drivers\STM32L4xx_HAL_Driver\Src\stm32l4xx_hal_flash_ex.c 0x00000000   Number         0  stm32l4xx_hal_flash_ex.o ABSOLUTE
    ..\Drivers\STM32L4xx_HAL_Driver\Src\stm32l4xx_hal_flash_ramfunc.c 0x00000000   Number         0  stm32l4xx_hal_flash_ramfunc.o ABSOLUTE
    ..\Drivers\STM32L4xx_HAL_Driver\Src\stm32l4xx_hal_gpio.c 0x00000000   Number         0  stm32l4xx_hal_gpio.o ABSOLUTE
    ..\Drivers\STM32L4xx_HAL_Driver\Src\stm32l4xx_hal_i2c.c 0x00000000   Number         0  stm32l4xx_hal_i2c.o ABSOLUTE
    ..\Drivers\STM32L4xx_HAL_Driver\Src\stm32l4xx_hal_i2c_ex.c 0x00000000   Number         0  stm32l4xx_hal_i2c_ex.o ABSOLUTE
    ..\Drivers\STM32L4xx_HAL_Driver\Src\stm32l4xx_hal_pwr.c 0x00000000   Number         0  stm32l4xx_hal_pwr.o ABSOLUTE
    ..\Drivers\STM32L4xx_HAL_Driver\Src\stm32l4xx_hal_pwr_ex.c 0x00000000   Number         0  stm32l4xx_hal_pwr_ex.o ABSOLUTE
    ..\Drivers\STM32L4xx_HAL_Driver\Src\stm32l4xx_hal_rcc.c 0x00000000   Number         0  stm32l4xx_hal_rcc.o ABSOLUTE
    ..\Drivers\STM32L4xx_HAL_Driver\Src\stm32l4xx_hal_rcc_ex.c 0x00000000   Number         0  stm32l4xx_hal_rcc_ex.o ABSOLUTE
    ..\Drivers\STM32L4xx_HAL_Driver\Src\stm32l4xx_hal_spi.c 0x00000000   Number         0  stm32l4xx_hal_spi.o ABSOLUTE
    ..\Drivers\STM32L4xx_HAL_Driver\Src\stm32l4xx_hal_spi_ex.c 0x00000000   Number         0  stm32l4xx_hal_spi_ex.o ABSOLUTE
    ..\Drivers\STM32L4xx_HAL_Driver\Src\stm32l4xx_hal_tim.c 0x00000000   Number         0  stm32l4xx_hal_tim.o ABSOLUTE
    ..\Drivers\STM32L4xx_HAL_Driver\Src\stm32l4xx_hal_tim_ex.c 0x00000000   Number         0  stm32l4xx_hal_tim_ex.o ABSOLUTE
    ..\Drivers\STM32L4xx_HAL_Driver\Src\stm32l4xx_hal_uart.c 0x00000000   Number         0  stm32l4xx_hal_uart.o ABSOLUTE
    ..\Drivers\STM32L4xx_HAL_Driver\Src\stm32l4xx_hal_uart_ex.c 0x00000000   Number         0  stm32l4xx_hal_uart_ex.o ABSOLUTE
    ..\Middlewares\Third_Party\FreeRTOS\Source\CMSIS_RTOS_V2\cmsis_os2.c 0x00000000   Number         0  cmsis_os2.o ABSOLUTE
    ..\Middlewares\Third_Party\FreeRTOS\Source\portable\RVDS\ARM_CM4F\port.c 0x00000000   Number         0  port.o ABSOLUTE
    dc.s                                     0x00000000   Number         0  dc.o ABSOLUTE
    startup_stm32l431xx.s                    0x00000000   Number         0  startup_stm32l431xx.o ABSOLUTE
    RESET                                    0x08000000   Section      396  startup_stm32l431xx.o(RESET)
    !!!main                                  0x0800018c   Section        8  __main.o(!!!main)
    !!!scatter                               0x08000194   Section       52  __scatter.o(!!!scatter)
    !!handler_copy                           0x080001c8   Section       26  __scatter_copy.o(!!handler_copy)
    !!handler_zi                             0x080001e4   Section       28  __scatter_zi.o(!!handler_zi)
    .ARM.Collect$$libinit$$00000000          0x08000200   Section        2  libinit.o(.ARM.Collect$$libinit$$00000000)
    .ARM.Collect$$libinit$$00000001          0x08000202   Section        4  libinit2.o(.ARM.Collect$$libinit$$00000001)
    .ARM.Collect$$libinit$$00000004          0x08000206   Section        0  libinit2.o(.ARM.Collect$$libinit$$00000004)
    .ARM.Collect$$libinit$$0000000A          0x08000206   Section        0  libinit2.o(.ARM.Collect$$libinit$$0000000A)
    .ARM.Collect$$libinit$$0000000C          0x08000206   Section        0  libinit2.o(.ARM.Collect$$libinit$$0000000C)
    .ARM.Collect$$libinit$$0000000E          0x08000206   Section        0  libinit2.o(.ARM.Collect$$libinit$$0000000E)
    .ARM.Collect$$libinit$$00000011          0x08000206   Section        0  libinit2.o(.ARM.Collect$$libinit$$00000011)
    .ARM.Collect$$libinit$$00000013          0x08000206   Section        0  libinit2.o(.ARM.Collect$$libinit$$00000013)
    .ARM.Collect$$libinit$$00000015          0x08000206   Section        0  libinit2.o(.ARM.Collect$$libinit$$00000015)
    .ARM.Collect$$libinit$$00000017          0x08000206   Section        0  libinit2.o(.ARM.Collect$$libinit$$00000017)
    .ARM.Collect$$libinit$$00000019          0x08000206   Section        0  libinit2.o(.ARM.Collect$$libinit$$00000019)
    .ARM.Collect$$libinit$$0000001B          0x08000206   Section        0  libinit2.o(.ARM.Collect$$libinit$$0000001B)
    .ARM.Collect$$libinit$$0000001D          0x08000206   Section        0  libinit2.o(.ARM.Collect$$libinit$$0000001D)
    .ARM.Collect$$libinit$$0000001F          0x08000206   Section        0  libinit2.o(.ARM.Collect$$libinit$$0000001F)
    .ARM.Collect$$libinit$$00000021          0x08000206   Section        0  libinit2.o(.ARM.Collect$$libinit$$00000021)
    .ARM.Collect$$libinit$$00000023          0x08000206   Section        0  libinit2.o(.ARM.Collect$$libinit$$00000023)
    .ARM.Collect$$libinit$$00000025          0x08000206   Section        0  libinit2.o(.ARM.Collect$$libinit$$00000025)
    .ARM.Collect$$libinit$$0000002C          0x08000206   Section        0  libinit2.o(.ARM.Collect$$libinit$$0000002C)
    .ARM.Collect$$libinit$$0000002E          0x08000206   Section        0  libinit2.o(.ARM.Collect$$libinit$$0000002E)
    .ARM.Collect$$libinit$$00000030          0x08000206   Section        0  libinit2.o(.ARM.Collect$$libinit$$00000030)
    .ARM.Collect$$libinit$$00000032          0x08000206   Section        0  libinit2.o(.ARM.Collect$$libinit$$00000032)
    .ARM.Collect$$libinit$$00000033          0x08000206   Section        2  libinit2.o(.ARM.Collect$$libinit$$00000033)
    .ARM.Collect$$libshutdown$$00000000      0x08000208   Section        2  libshutdown.o(.ARM.Collect$$libshutdown$$00000000)
    .ARM.Collect$$libshutdown$$00000002      0x0800020a   Section        0  libshutdown2.o(.ARM.Collect$$libshutdown$$00000002)
    .ARM.Collect$$libshutdown$$00000004      0x0800020a   Section        0  libshutdown2.o(.ARM.Collect$$libshutdown$$00000004)
    .ARM.Collect$$libshutdown$$00000006      0x0800020a   Section        0  libshutdown2.o(.ARM.Collect$$libshutdown$$00000006)
    .ARM.Collect$$libshutdown$$00000009      0x0800020a   Section        0  libshutdown2.o(.ARM.Collect$$libshutdown$$00000009)
    .ARM.Collect$$libshutdown$$0000000C      0x0800020a   Section        0  libshutdown2.o(.ARM.Collect$$libshutdown$$0000000C)
    .ARM.Collect$$libshutdown$$0000000E      0x0800020a   Section        0  libshutdown2.o(.ARM.Collect$$libshutdown$$0000000E)
    .ARM.Collect$$libshutdown$$00000011      0x0800020a   Section        0  libshutdown2.o(.ARM.Collect$$libshutdown$$00000011)
    .ARM.Collect$$libshutdown$$00000012      0x0800020a   Section        2  libshutdown2.o(.ARM.Collect$$libshutdown$$00000012)
    .ARM.Collect$$rtentry$$00000000          0x0800020c   Section        0  __rtentry.o(.ARM.Collect$$rtentry$$00000000)
    .ARM.Collect$$rtentry$$00000002          0x0800020c   Section        0  __rtentry2.o(.ARM.Collect$$rtentry$$00000002)
    .ARM.Collect$$rtentry$$00000004          0x0800020c   Section        6  __rtentry4.o(.ARM.Collect$$rtentry$$00000004)
    .ARM.Collect$$rtentry$$00000009          0x08000212   Section        0  __rtentry2.o(.ARM.Collect$$rtentry$$00000009)
    .ARM.Collect$$rtentry$$0000000A          0x08000212   Section        4  __rtentry2.o(.ARM.Collect$$rtentry$$0000000A)
    .ARM.Collect$$rtentry$$0000000C          0x08000216   Section        0  __rtentry2.o(.ARM.Collect$$rtentry$$0000000C)
    .ARM.Collect$$rtentry$$0000000D          0x08000216   Section        8  __rtentry2.o(.ARM.Collect$$rtentry$$0000000D)
    .ARM.Collect$$rtexit$$00000000           0x0800021e   Section        2  rtexit.o(.ARM.Collect$$rtexit$$00000000)
    .ARM.Collect$$rtexit$$00000002           0x08000220   Section        0  rtexit2.o(.ARM.Collect$$rtexit$$00000002)
    .ARM.Collect$$rtexit$$00000003           0x08000220   Section        4  rtexit2.o(.ARM.Collect$$rtexit$$00000003)
    .ARM.Collect$$rtexit$$00000004           0x08000224   Section        6  rtexit2.o(.ARM.Collect$$rtexit$$00000004)
    .emb_text                                0x0800022c   Section      190  port.o(.emb_text)
    $v0                                      0x0800022c   Number         0  port.o(.emb_text)
    .text                                    0x080002ec   Section       64  startup_stm32l431xx.o(.text)
    $v0                                      0x080002ec   Number         0  startup_stm32l431xx.o(.text)
    .text                                    0x0800032c   Section      238  lludivv7m.o(.text)
    .text                                    0x0800041a   Section      138  rt_memcpy_v6.o(.text)
    .text                                    0x080004a4   Section       16  aeabi_memset.o(.text)
    .text                                    0x080004b4   Section       78  rt_memclr_w.o(.text)
    .text                                    0x08000502   Section        0  heapauxi.o(.text)
    .text                                    0x08000508   Section      100  rt_memcpy_w.o(.text)
    .text                                    0x0800056c   Section       68  rt_memclr.o(.text)
    .text                                    0x080005b0   Section       74  sys_stackheap_outer.o(.text)
    .text                                    0x080005fa   Section        0  exit.o(.text)
    .text                                    0x0800060c   Section        8  libspace.o(.text)
    .text                                    0x08000614   Section        0  sys_exit.o(.text)
    .text                                    0x08000620   Section        2  use_no_semi.o(.text)
    .text                                    0x08000622   Section        0  indicate_semi.o(.text)
    i.BusFault_Handler                       0x08000622   Section        0  stm32l4xx_it.o(i.BusFault_Handler)
    i.DebugMon_Handler                       0x08000626   Section        0  stm32l4xx_it.o(i.DebugMon_Handler)
    i.Error_Handler                          0x08000628   Section        0  main.o(i.Error_Handler)
    i.HAL_GPIO_Init                          0x08000630   Section        0  stm32l4xx_hal_gpio.o(i.HAL_GPIO_Init)
    i.HAL_GPIO_WritePin                      0x080007f0   Section        0  stm32l4xx_hal_gpio.o(i.HAL_GPIO_WritePin)
    i.HAL_GetTick                            0x080007fc   Section        0  stm32l4xx_hal.o(i.HAL_GetTick)
    i.HAL_IncTick                            0x08000808   Section        0  stm32l4xx_hal.o(i.HAL_IncTick)
    i.HAL_Init                               0x08000820   Section        0  stm32l4xx_hal.o(i.HAL_Init)
    i.HAL_InitTick                           0x08000840   Section        0  stm32l4xx_hal.o(i.HAL_InitTick)
    i.HAL_MspInit                            0x08000898   Section        0  stm32l4xx_hal_msp.o(i.HAL_MspInit)
    i.HAL_NVIC_SetPriority                   0x080008e0   Section        0  stm32l4xx_hal_cortex.o(i.HAL_NVIC_SetPriority)
    i.HAL_NVIC_SetPriorityGrouping           0x0800095c   Section        0  stm32l4xx_hal_cortex.o(i.HAL_NVIC_SetPriorityGrouping)
    i.HAL_PWREx_ControlVoltageScaling        0x08000984   Section        0  stm32l4xx_hal_pwr_ex.o(i.HAL_PWREx_ControlVoltageScaling)
    i.HAL_PWREx_GetVoltageRange              0x08000a10   Section        0  stm32l4xx_hal_pwr_ex.o(i.HAL_PWREx_GetVoltageRange)
    i.HAL_RCCEx_PeriphCLKConfig              0x08000a20   Section        0  stm32l4xx_hal_rcc_ex.o(i.HAL_RCCEx_PeriphCLKConfig)
    i.HAL_RCC_ClockConfig                    0x08000da8   Section        0  stm32l4xx_hal_rcc.o(i.HAL_RCC_ClockConfig)
    i.HAL_RCC_GetHCLKFreq                    0x08000f5c   Section        0  stm32l4xx_hal_rcc.o(i.HAL_RCC_GetHCLKFreq)
    i.HAL_RCC_GetPCLK1Freq                   0x08000f68   Section        0  stm32l4xx_hal_rcc.o(i.HAL_RCC_GetPCLK1Freq)
    i.HAL_RCC_GetPCLK2Freq                   0x08000f8c   Section        0  stm32l4xx_hal_rcc.o(i.HAL_RCC_GetPCLK2Freq)
    i.HAL_RCC_GetSysClockFreq                0x08000fb0   Section        0  stm32l4xx_hal_rcc.o(i.HAL_RCC_GetSysClockFreq)
    i.HAL_RCC_OscConfig                      0x0800109c   Section        0  stm32l4xx_hal_rcc.o(i.HAL_RCC_OscConfig)
    i.HAL_SPI_Init                           0x080017ec   Section        0  stm32l4xx_hal_spi.o(i.HAL_SPI_Init)
    i.HAL_SPI_MspInit                        0x080018dc   Section        0  stm32l4xx_hal_msp.o(i.HAL_SPI_MspInit)
    i.HAL_SYSTICK_Config                     0x08001954   Section        0  stm32l4xx_hal_cortex.o(i.HAL_SYSTICK_Config)
    i.HAL_UART_Init                          0x08001988   Section        0  stm32l4xx_hal_uart.o(i.HAL_UART_Init)
    i.HAL_UART_MspInit                       0x080019fc   Section        0  stm32l4xx_hal_msp.o(i.HAL_UART_MspInit)
    i.HardFault_Handler                      0x08001bbc   Section        0  stm32l4xx_it.o(i.HardFault_Handler)
    i.MX_GPIO_Init                           0x08001bc0   Section        0  main.o(i.MX_GPIO_Init)
    MX_GPIO_Init                             0x08001bc1   Thumb Code   154  main.o(i.MX_GPIO_Init)
    i.MX_SPI1_Init                           0x08001c64   Section        0  main.o(i.MX_SPI1_Init)
    MX_SPI1_Init                             0x08001c65   Thumb Code    72  main.o(i.MX_SPI1_Init)
    i.MX_USART1_UART_Init                    0x08001cb4   Section        0  main.o(i.MX_USART1_UART_Init)
    MX_USART1_UART_Init                      0x08001cb5   Thumb Code    56  main.o(i.MX_USART1_UART_Init)
    i.MX_USART2_UART_Init                    0x08001cf4   Section        0  main.o(i.MX_USART2_UART_Init)
    MX_USART2_UART_Init                      0x08001cf5   Thumb Code    56  main.o(i.MX_USART2_UART_Init)
    i.MX_USART3_UART_Init                    0x08001d34   Section        0  main.o(i.MX_USART3_UART_Init)
    MX_USART3_UART_Init                      0x08001d35   Thumb Code    56  main.o(i.MX_USART3_UART_Init)
    i.MemManage_Handler                      0x08001d74   Section        0  stm32l4xx_it.o(i.MemManage_Handler)
    i.NMI_Handler                            0x08001d78   Section        0  stm32l4xx_it.o(i.NMI_Handler)
    i.RCCEx_PLLSAI1_Config                   0x08001d7c   Section        0  stm32l4xx_hal_rcc_ex.o(i.RCCEx_PLLSAI1_Config)
    RCCEx_PLLSAI1_Config                     0x08001d7d   Thumb Code   376  stm32l4xx_hal_rcc_ex.o(i.RCCEx_PLLSAI1_Config)
    i.RCC_SetFlashLatencyFromMSIRange        0x08001f04   Section        0  stm32l4xx_hal_rcc.o(i.RCC_SetFlashLatencyFromMSIRange)
    RCC_SetFlashLatencyFromMSIRange          0x08001f05   Thumb Code   148  stm32l4xx_hal_rcc.o(i.RCC_SetFlashLatencyFromMSIRange)
    i.StartDefaultTask                       0x08001fa0   Section        0  main.o(i.StartDefaultTask)
    i.SysTick_Handler                        0x08001faa   Section        0  stm32l4xx_it.o(i.SysTick_Handler)
    i.SystemClock_Config                     0x08001fbe   Section        0  main.o(i.SystemClock_Config)
    i.SystemInit                             0x08002030   Section        0  system_stm32l4xx.o(i.SystemInit)
    i.UART_AdvFeatureConfig                  0x08002044   Section        0  stm32l4xx_hal_uart.o(i.UART_AdvFeatureConfig)
    i.UART_CheckIdleState                    0x0800213c   Section        0  stm32l4xx_hal_uart.o(i.UART_CheckIdleState)
    i.UART_EndRxTransfer                     0x08002222   Section        0  stm32l4xx_hal_uart.o(i.UART_EndRxTransfer)
    UART_EndRxTransfer                       0x08002223   Thumb Code   102  stm32l4xx_hal_uart.o(i.UART_EndRxTransfer)
    i.UART_SetConfig                         0x08002288   Section        0  stm32l4xx_hal_uart.o(i.UART_SetConfig)
    i.UART_WaitOnFlagUntilTimeout            0x08002578   Section        0  stm32l4xx_hal_uart.o(i.UART_WaitOnFlagUntilTimeout)
    i.UsageFault_Handler                     0x08002624   Section        0  stm32l4xx_it.o(i.UsageFault_Handler)
    i.__NVIC_GetPriorityGrouping             0x08002628   Section        0  stm32l4xx_hal_cortex.o(i.__NVIC_GetPriorityGrouping)
    __NVIC_GetPriorityGrouping               0x08002629   Thumb Code    10  stm32l4xx_hal_cortex.o(i.__NVIC_GetPriorityGrouping)
    i.__NVIC_SetPriority                     0x08002638   Section        0  stm32l4xx_hal_cortex.o(i.__NVIC_SetPriority)
    __NVIC_SetPriority                       0x08002639   Thumb Code    32  stm32l4xx_hal_cortex.o(i.__NVIC_SetPriority)
    i.__get_IPSR                             0x08002660   Section        0  cmsis_os2.o(i.__get_IPSR)
    __get_IPSR                               0x08002661   Thumb Code     6  cmsis_os2.o(i.__get_IPSR)
    i.main                                   0x08002668   Section        0  main.o(i.main)
    i.osDelay                                0x080026ac   Section        0  cmsis_os2.o(i.osDelay)
    i.osKernelInitialize                     0x080026cc   Section        0  cmsis_os2.o(i.osKernelInitialize)
    i.osKernelStart                          0x080026f8   Section        0  cmsis_os2.o(i.osKernelStart)
    i.osThreadNew                            0x08002758   Section        0  cmsis_os2.o(i.osThreadNew)
    i.prvAddCurrentTaskToDelayedList         0x08002810   Section        0  tasks.o(i.prvAddCurrentTaskToDelayedList)
    prvAddCurrentTaskToDelayedList           0x08002811   Thumb Code   100  tasks.o(i.prvAddCurrentTaskToDelayedList)
    i.prvAddNewTaskToReadyList               0x0800288c   Section        0  tasks.o(i.prvAddNewTaskToReadyList)
    prvAddNewTaskToReadyList                 0x0800288d   Thumb Code   154  tasks.o(i.prvAddNewTaskToReadyList)
    i.prvCheckForValidListAndQueue           0x08002944   Section        0  timers.o(i.prvCheckForValidListAndQueue)
    prvCheckForValidListAndQueue             0x08002945   Thumb Code    78  timers.o(i.prvCheckForValidListAndQueue)
    i.prvCheckTasksWaitingTermination        0x080029b8   Section        0  tasks.o(i.prvCheckTasksWaitingTermination)
    prvCheckTasksWaitingTermination          0x080029b9   Thumb Code    60  tasks.o(i.prvCheckTasksWaitingTermination)
    i.prvCopyDataFromQueue                   0x08002a00   Section        0  queue.o(i.prvCopyDataFromQueue)
    prvCopyDataFromQueue                     0x08002a01   Thumb Code    42  queue.o(i.prvCopyDataFromQueue)
    i.prvCopyDataToQueue                     0x08002a2a   Section        0  queue.o(i.prvCopyDataToQueue)
    prvCopyDataToQueue                       0x08002a2b   Thumb Code   126  queue.o(i.prvCopyDataToQueue)
    i.prvDeleteTCB                           0x08002aa8   Section        0  tasks.o(i.prvDeleteTCB)
    prvDeleteTCB                             0x08002aa9   Thumb Code    80  tasks.o(i.prvDeleteTCB)
    i.prvGetNextExpireTime                   0x08002af8   Section        0  timers.o(i.prvGetNextExpireTime)
    prvGetNextExpireTime                     0x08002af9   Thumb Code    36  timers.o(i.prvGetNextExpireTime)
    i.prvHeapInit                            0x08002b20   Section        0  heap_4.o(i.prvHeapInit)
    prvHeapInit                              0x08002b21   Thumb Code    98  heap_4.o(i.prvHeapInit)
    i.prvIdleTask                            0x08002b9c   Section        0  tasks.o(i.prvIdleTask)
    prvIdleTask                              0x08002b9d   Thumb Code    32  tasks.o(i.prvIdleTask)
    i.prvInitialiseNewQueue                  0x08002bc4   Section        0  queue.o(i.prvInitialiseNewQueue)
    prvInitialiseNewQueue                    0x08002bc5   Thumb Code    42  queue.o(i.prvInitialiseNewQueue)
    i.prvInitialiseNewTask                   0x08002bee   Section        0  tasks.o(i.prvInitialiseNewTask)
    prvInitialiseNewTask                     0x08002bef   Thumb Code   190  tasks.o(i.prvInitialiseNewTask)
    i.prvInitialiseTaskLists                 0x08002cac   Section        0  tasks.o(i.prvInitialiseTaskLists)
    prvInitialiseTaskLists                   0x08002cad   Thumb Code    70  tasks.o(i.prvInitialiseTaskLists)
    i.prvInsertBlockIntoFreeList             0x08002d14   Section        0  heap_4.o(i.prvInsertBlockIntoFreeList)
    prvInsertBlockIntoFreeList               0x08002d15   Thumb Code    96  heap_4.o(i.prvInsertBlockIntoFreeList)
    i.prvInsertTimerInActiveList             0x08002d7c   Section        0  timers.o(i.prvInsertTimerInActiveList)
    prvInsertTimerInActiveList               0x08002d7d   Thumb Code    80  timers.o(i.prvInsertTimerInActiveList)
    i.prvIsQueueEmpty                        0x08002dd4   Section        0  queue.o(i.prvIsQueueEmpty)
    prvIsQueueEmpty                          0x08002dd5   Thumb Code    26  queue.o(i.prvIsQueueEmpty)
    i.prvIsQueueFull                         0x08002dee   Section        0  queue.o(i.prvIsQueueFull)
    prvIsQueueFull                           0x08002def   Thumb Code    30  queue.o(i.prvIsQueueFull)
    i.prvProcessExpiredTimer                 0x08002e0c   Section        0  timers.o(i.prvProcessExpiredTimer)
    prvProcessExpiredTimer                   0x08002e0d   Thumb Code   110  timers.o(i.prvProcessExpiredTimer)
    i.prvProcessReceivedCommands             0x08002e80   Section        0  timers.o(i.prvProcessReceivedCommands)
    prvProcessReceivedCommands               0x08002e81   Thumb Code   350  timers.o(i.prvProcessReceivedCommands)
    i.prvProcessTimerOrBlockTask             0x08002fe4   Section        0  timers.o(i.prvProcessTimerOrBlockTask)
    prvProcessTimerOrBlockTask               0x08002fe5   Thumb Code   102  timers.o(i.prvProcessTimerOrBlockTask)
    i.prvResetNextTaskUnblockTime            0x08003058   Section        0  tasks.o(i.prvResetNextTaskUnblockTime)
    prvResetNextTaskUnblockTime              0x08003059   Thumb Code    42  tasks.o(i.prvResetNextTaskUnblockTime)
    i.prvSampleTimeNow                       0x0800308c   Section        0  timers.o(i.prvSampleTimeNow)
    prvSampleTimeNow                         0x0800308d   Thumb Code    40  timers.o(i.prvSampleTimeNow)
    i.prvSwitchTimerLists                    0x080030b8   Section        0  timers.o(i.prvSwitchTimerLists)
    prvSwitchTimerLists                      0x080030b9   Thumb Code   154  timers.o(i.prvSwitchTimerLists)
    i.prvTaskExitError                       0x0800315c   Section        0  port.o(i.prvTaskExitError)
    prvTaskExitError                         0x0800315d   Thumb Code    60  port.o(i.prvTaskExitError)
    i.prvTimerTask                           0x0800319c   Section        0  timers.o(i.prvTimerTask)
    prvTimerTask                             0x0800319d   Thumb Code    26  timers.o(i.prvTimerTask)
    i.prvUnlockQueue                         0x080031b6   Section        0  queue.o(i.prvUnlockQueue)
    prvUnlockQueue                           0x080031b7   Thumb Code   126  queue.o(i.prvUnlockQueue)
    i.pvPortMalloc                           0x08003234   Section        0  heap_4.o(i.pvPortMalloc)
    i.pxPortInitialiseStack                  0x08003380   Section        0  port.o(i.pxPortInitialiseStack)
    i.uxListRemove                           0x080033ac   Section        0  list.o(i.uxListRemove)
    i.vApplicationGetIdleTaskMemory          0x080033d4   Section        0  cmsis_os2.o(i.vApplicationGetIdleTaskMemory)
    i.vApplicationGetTimerTaskMemory         0x080033ec   Section        0  cmsis_os2.o(i.vApplicationGetTimerTaskMemory)
    i.vListInitialise                        0x08003404   Section        0  list.o(i.vListInitialise)
    i.vListInitialiseItem                    0x0800341e   Section        0  list.o(i.vListInitialiseItem)
    i.vListInsert                            0x08003424   Section        0  list.o(i.vListInsert)
    i.vListInsertEnd                         0x08003458   Section        0  list.o(i.vListInsertEnd)
    i.vPortEnterCritical                     0x08003470   Section        0  port.o(i.vPortEnterCritical)
    i.vPortExitCritical                      0x080034c4   Section        0  port.o(i.vPortExitCritical)
    i.vPortFree                              0x08003500   Section        0  heap_4.o(i.vPortFree)
    i.vPortSetupTimerInterrupt               0x080035a4   Section        0  port.o(i.vPortSetupTimerInterrupt)
    i.vPortValidateInterruptPriority         0x080035cc   Section        0  port.o(i.vPortValidateInterruptPriority)
    i.vQueueAddToRegistry                    0x08003644   Section        0  queue.o(i.vQueueAddToRegistry)
    i.vQueueWaitForMessageRestricted         0x08003670   Section        0  queue.o(i.vQueueWaitForMessageRestricted)
    i.vTaskDelay                             0x080036bc   Section        0  tasks.o(i.vTaskDelay)
    i.vTaskInternalSetTimeOutState           0x08003718   Section        0  tasks.o(i.vTaskInternalSetTimeOutState)
    i.vTaskMissedYield                       0x08003730   Section        0  tasks.o(i.vTaskMissedYield)
    i.vTaskPlaceOnEventList                  0x0800373c   Section        0  tasks.o(i.vTaskPlaceOnEventList)
    i.vTaskPlaceOnEventListRestricted        0x08003774   Section        0  tasks.o(i.vTaskPlaceOnEventListRestricted)
    i.vTaskStartScheduler                    0x080037b4   Section        0  tasks.o(i.vTaskStartScheduler)
    i.vTaskSuspendAll                        0x0800386c   Section        0  tasks.o(i.vTaskSuspendAll)
    i.vTaskSwitchContext                     0x0800387c   Section        0  tasks.o(i.vTaskSwitchContext)
    i.xPortStartScheduler                    0x0800390c   Section        0  port.o(i.xPortStartScheduler)
    i.xPortSysTickHandler                    0x08003a74   Section        0  port.o(i.xPortSysTickHandler)
    i.xQueueGenericCreateStatic              0x08003aa8   Section        0  queue.o(i.xQueueGenericCreateStatic)
    i.xQueueGenericReset                     0x08003b88   Section        0  queue.o(i.xQueueGenericReset)
    i.xQueueGenericSend                      0x08003c20   Section        0  queue.o(i.xQueueGenericSend)
    i.xQueueGenericSendFromISR               0x08003dc8   Section        0  queue.o(i.xQueueGenericSendFromISR)
    i.xQueueReceive                          0x08003ec4   Section        0  queue.o(i.xQueueReceive)
    i.xTaskCheckForTimeOut                   0x0800402c   Section        0  tasks.o(i.xTaskCheckForTimeOut)
    i.xTaskCreate                            0x080040b8   Section        0  tasks.o(i.xTaskCreate)
    i.xTaskCreateStatic                      0x0800411c   Section        0  tasks.o(i.xTaskCreateStatic)
    i.xTaskGetSchedulerState                 0x080041d8   Section        0  tasks.o(i.xTaskGetSchedulerState)
    i.xTaskGetTickCount                      0x080041f8   Section        0  tasks.o(i.xTaskGetTickCount)
    i.xTaskIncrementTick                     0x08004204   Section        0  tasks.o(i.xTaskIncrementTick)
    i.xTaskPriorityDisinherit                0x08004348   Section        0  tasks.o(i.xTaskPriorityDisinherit)
    i.xTaskRemoveFromEventList               0x080043ec   Section        0  tasks.o(i.xTaskRemoveFromEventList)
    i.xTaskResumeAll                         0x08004484   Section        0  tasks.o(i.xTaskResumeAll)
    i.xTimerCreateTimerTask                  0x08004588   Section        0  timers.o(i.xTimerCreateTimerTask)
    i.xTimerGenericCommand                   0x08004600   Section        0  timers.o(i.xTimerGenericCommand)
    x$fpl$fpinit                             0x08004684   Section       10  fpinit.o(x$fpl$fpinit)
    $v0                                      0x08004684   Number         0  fpinit.o(x$fpl$fpinit)
    .constdata                               0x08004690   Section       36  main.o(.constdata)
    .constdata                               0x080046b4   Section       72  system_stm32l4xx.o(.constdata)
    .conststring                             0x080046fc   Section       12  main.o(.conststring)
    .data                                    0x20000000   Section        4  main.o(.data)
    .data                                    0x20000004   Section        9  stm32l4xx_hal.o(.data)
    .data                                    0x20000010   Section        4  system_stm32l4xx.o(.data)
    .data                                    0x20000014   Section       60  tasks.o(.data)
    pxDelayedTaskList                        0x20000018   Data           4  tasks.o(.data)
    pxOverflowDelayedTaskList                0x2000001c   Data           4  tasks.o(.data)
    uxDeletedTasksWaitingCleanUp             0x20000020   Data           4  tasks.o(.data)
    uxCurrentNumberOfTasks                   0x20000024   Data           4  tasks.o(.data)
    xTickCount                               0x20000028   Data           4  tasks.o(.data)
    uxTopReadyPriority                       0x2000002c   Data           4  tasks.o(.data)
    xSchedulerRunning                        0x20000030   Data           4  tasks.o(.data)
    xPendedTicks                             0x20000034   Data           4  tasks.o(.data)
    xYieldPending                            0x20000038   Data           4  tasks.o(.data)
    xNumOfOverflows                          0x2000003c   Data           4  tasks.o(.data)
    uxTaskNumber                             0x20000040   Data           4  tasks.o(.data)
    xNextTaskUnblockTime                     0x20000044   Data           4  tasks.o(.data)
    xIdleTaskHandle                          0x20000048   Data           4  tasks.o(.data)
    uxSchedulerSuspended                     0x2000004c   Data           4  tasks.o(.data)
    .data                                    0x20000050   Section       20  timers.o(.data)
    pxCurrentTimerList                       0x20000050   Data           4  timers.o(.data)
    pxOverflowTimerList                      0x20000054   Data           4  timers.o(.data)
    xTimerQueue                              0x20000058   Data           4  timers.o(.data)
    xTimerTaskHandle                         0x2000005c   Data           4  timers.o(.data)
    xLastTime                                0x20000060   Data           4  timers.o(.data)
    .data                                    0x20000064   Section        4  cmsis_os2.o(.data)
    KernelState                              0x20000064   Data           4  cmsis_os2.o(.data)
    .data                                    0x20000068   Section       32  heap_4.o(.data)
    xStart                                   0x20000068   Data           8  heap_4.o(.data)
    pxEnd                                    0x20000070   Data           4  heap_4.o(.data)
    xFreeBytesRemaining                      0x20000074   Data           4  heap_4.o(.data)
    xMinimumEverFreeBytesRemaining           0x20000078   Data           4  heap_4.o(.data)
    xNumberOfSuccessfulAllocations           0x2000007c   Data           4  heap_4.o(.data)
    xNumberOfSuccessfulFrees                 0x20000080   Data           4  heap_4.o(.data)
    xBlockAllocatedBit                       0x20000084   Data           4  heap_4.o(.data)
    .data                                    0x20000088   Section       12  port.o(.data)
    uxCriticalNesting                        0x20000088   Data           4  port.o(.data)
    ucMaxSysCallPriority                     0x2000008c   Data           1  port.o(.data)
    ulMaxPRIGROUPValue                       0x20000090   Data           4  port.o(.data)
    .bss                                     0x20000094   Section      508  main.o(.bss)
    .bss                                     0x20000290   Section       64  queue.o(.bss)
    .bss                                     0x200002d0   Section     1220  tasks.o(.bss)
    pxReadyTasksLists                        0x200002d0   Data        1120  tasks.o(.bss)
    xDelayedTaskList1                        0x20000730   Data          20  tasks.o(.bss)
    xDelayedTaskList2                        0x20000744   Data          20  tasks.o(.bss)
    xPendingReadyList                        0x20000758   Data          20  tasks.o(.bss)
    xTasksWaitingTermination                 0x2000076c   Data          20  tasks.o(.bss)
    xSuspendedTaskList                       0x20000780   Data          20  tasks.o(.bss)
    .bss                                     0x20000794   Section      280  timers.o(.bss)
    xActiveTimerList1                        0x20000794   Data          20  timers.o(.bss)
    xActiveTimerList2                        0x200007a8   Data          20  timers.o(.bss)
    xStaticTimerQueue                        0x200007bc   Data          80  timers.o(.bss)
    ucStaticTimerQueueStorage                0x2000080c   Data         160  timers.o(.bss)
    .bss                                     0x200008ac   Section     1720  cmsis_os2.o(.bss)
    Idle_TCB                                 0x200008ac   Data          92  cmsis_os2.o(.bss)
    Idle_Stack                               0x20000908   Data         512  cmsis_os2.o(.bss)
    Timer_TCB                                0x20000b08   Data          92  cmsis_os2.o(.bss)
    Timer_Stack                              0x20000b64   Data        1024  cmsis_os2.o(.bss)
    .bss                                     0x20000f64   Section     3000  heap_4.o(.bss)
    ucHeap                                   0x20000f64   Data        3000  heap_4.o(.bss)
    .bss                                     0x20001b1c   Section       96  libspace.o(.bss)
    HEAP                                     0x20001b80   Section      512  startup_stm32l431xx.o(HEAP)
    Heap_Mem                                 0x20001b80   Data         512  startup_stm32l431xx.o(HEAP)
    STACK                                    0x20001d80   Section     1024  startup_stm32l431xx.o(STACK)
    Stack_Mem                                0x20001d80   Data        1024  startup_stm32l431xx.o(STACK)
    __initial_sp                             0x20002180   Data           0  startup_stm32l431xx.o(STACK)

    Global Symbols

    Symbol Name                              Value     Ov Type        Size  Object(Section)

    BuildAttributes$$THM_ISAv4$E$P$D$K$B$S$7EM$VFPi3$EXTD16$VFPS$VFMA$PE$A:L22UL41UL21$X:L11$S22US41US21$IEEE1$IW$USESV6$~STKCKD$USESV7$~SHL$OSPACE$ROPI$EBA8$UX$STANDARDLIB$REQ8$PRES8$EABIv2 0x00000000   Number         0  anon$$obj.o ABSOLUTE
    __ARM_use_no_argv                        0x00000000   Number         0  main.o ABSOLUTE
    __ARM_exceptions_init                     - Undefined Weak Reference
    __alloca_initialize                       - Undefined Weak Reference
    __arm_fini_                               - Undefined Weak Reference
    __arm_preinit_                            - Undefined Weak Reference
    __cpp_initialize__aeabi_                  - Undefined Weak Reference
    __cxa_finalize                            - Undefined Weak Reference
    __rt_locale                               - Undefined Weak Reference
    __sigvec_lookup                           - Undefined Weak Reference
    _atexit_init                              - Undefined Weak Reference
    _call_atexit_fns                          - Undefined Weak Reference
    _clock_init                               - Undefined Weak Reference
    _fp_trap_init                             - Undefined Weak Reference
    _fp_trap_shutdown                         - Undefined Weak Reference
    _get_lc_collate                           - Undefined Weak Reference
    _get_lc_ctype                             - Undefined Weak Reference
    _get_lc_monetary                          - Undefined Weak Reference
    _get_lc_numeric                           - Undefined Weak Reference
    _get_lc_time                              - Undefined Weak Reference
    _getenv_init                              - Undefined Weak Reference
    _handle_redirection                       - Undefined Weak Reference
    _init_alloc                               - Undefined Weak Reference
    _init_user_alloc                          - Undefined Weak Reference
    _initio                                   - Undefined Weak Reference
    _rand_init                                - Undefined Weak Reference
    _signal_finish                            - Undefined Weak Reference
    _signal_init                              - Undefined Weak Reference
    _terminate_alloc                          - Undefined Weak Reference
    _terminate_user_alloc                     - Undefined Weak Reference
    _terminateio                              - Undefined Weak Reference
    __Vectors_Size                           0x0000018c   Number         0  startup_stm32l431xx.o ABSOLUTE
    __Vectors                                0x08000000   Data           4  startup_stm32l431xx.o(RESET)
    __Vectors_End                            0x0800018c   Data           0  startup_stm32l431xx.o(RESET)
    __main                                   0x0800018d   Thumb Code     8  __main.o(!!!main)
    __scatterload                            0x08000195   Thumb Code     0  __scatter.o(!!!scatter)
    __scatterload_rt2                        0x08000195   Thumb Code    44  __scatter.o(!!!scatter)
    __scatterload_rt2_thumb_only             0x08000195   Thumb Code     0  __scatter.o(!!!scatter)
    __scatterload_null                       0x080001a3   Thumb Code     0  __scatter.o(!!!scatter)
    __scatterload_copy                       0x080001c9   Thumb Code    26  __scatter_copy.o(!!handler_copy)
    __scatterload_zeroinit                   0x080001e5   Thumb Code    28  __scatter_zi.o(!!handler_zi)
    __rt_lib_init                            0x08000201   Thumb Code     0  libinit.o(.ARM.Collect$$libinit$$00000000)
    __rt_lib_init_fp_1                       0x08000203   Thumb Code     0  libinit2.o(.ARM.Collect$$libinit$$00000001)
    __rt_lib_init_alloca_1                   0x08000207   Thumb Code     0  libinit2.o(.ARM.Collect$$libinit$$0000002E)
    __rt_lib_init_argv_1                     0x08000207   Thumb Code     0  libinit2.o(.ARM.Collect$$libinit$$0000002C)
    __rt_lib_init_atexit_1                   0x08000207   Thumb Code     0  libinit2.o(.ARM.Collect$$libinit$$0000001B)
    __rt_lib_init_clock_1                    0x08000207   Thumb Code     0  libinit2.o(.ARM.Collect$$libinit$$00000021)
    __rt_lib_init_cpp_1                      0x08000207   Thumb Code     0  libinit2.o(.ARM.Collect$$libinit$$00000032)
    __rt_lib_init_exceptions_1               0x08000207   Thumb Code     0  libinit2.o(.ARM.Collect$$libinit$$00000030)
    __rt_lib_init_fp_trap_1                  0x08000207   Thumb Code     0  libinit2.o(.ARM.Collect$$libinit$$0000001F)
    __rt_lib_init_getenv_1                   0x08000207   Thumb Code     0  libinit2.o(.ARM.Collect$$libinit$$00000023)
    __rt_lib_init_heap_1                     0x08000207   Thumb Code     0  libinit2.o(.ARM.Collect$$libinit$$0000000A)
    __rt_lib_init_lc_collate_1               0x08000207   Thumb Code     0  libinit2.o(.ARM.Collect$$libinit$$00000011)
    __rt_lib_init_lc_ctype_1                 0x08000207   Thumb Code     0  libinit2.o(.ARM.Collect$$libinit$$00000013)
    __rt_lib_init_lc_monetary_1              0x08000207   Thumb Code     0  libinit2.o(.ARM.Collect$$libinit$$00000015)
    __rt_lib_init_lc_numeric_1               0x08000207   Thumb Code     0  libinit2.o(.ARM.Collect$$libinit$$00000017)
    __rt_lib_init_lc_time_1                  0x08000207   Thumb Code     0  libinit2.o(.ARM.Collect$$libinit$$00000019)
    __rt_lib_init_preinit_1                  0x08000207   Thumb Code     0  libinit2.o(.ARM.Collect$$libinit$$00000004)
    __rt_lib_init_rand_1                     0x08000207   Thumb Code     0  libinit2.o(.ARM.Collect$$libinit$$0000000E)
    __rt_lib_init_return                     0x08000207   Thumb Code     0  libinit2.o(.ARM.Collect$$libinit$$00000033)
    __rt_lib_init_signal_1                   0x08000207   Thumb Code     0  libinit2.o(.ARM.Collect$$libinit$$0000001D)
    __rt_lib_init_stdio_1                    0x08000207   Thumb Code     0  libinit2.o(.ARM.Collect$$libinit$$00000025)
    __rt_lib_init_user_alloc_1               0x08000207   Thumb Code     0  libinit2.o(.ARM.Collect$$libinit$$0000000C)
    __rt_lib_shutdown                        0x08000209   Thumb Code     0  libshutdown.o(.ARM.Collect$$libshutdown$$00000000)
    __rt_lib_shutdown_cpp_1                  0x0800020b   Thumb Code     0  libshutdown2.o(.ARM.Collect$$libshutdown$$00000004)
    __rt_lib_shutdown_fini_1                 0x0800020b   Thumb Code     0  libshutdown2.o(.ARM.Collect$$libshutdown$$00000002)
    __rt_lib_shutdown_fp_trap_1              0x0800020b   Thumb Code     0  libshutdown2.o(.ARM.Collect$$libshutdown$$00000009)
    __rt_lib_shutdown_heap_1                 0x0800020b   Thumb Code     0  libshutdown2.o(.ARM.Collect$$libshutdown$$00000011)
    __rt_lib_shutdown_return                 0x0800020b   Thumb Code     0  libshutdown2.o(.ARM.Collect$$libshutdown$$00000012)
    __rt_lib_shutdown_signal_1               0x0800020b   Thumb Code     0  libshutdown2.o(.ARM.Collect$$libshutdown$$0000000C)
    __rt_lib_shutdown_stdio_1                0x0800020b   Thumb Code     0  libshutdown2.o(.ARM.Collect$$libshutdown$$00000006)
    __rt_lib_shutdown_user_alloc_1           0x0800020b   Thumb Code     0  libshutdown2.o(.ARM.Collect$$libshutdown$$0000000E)
    __rt_entry                               0x0800020d   Thumb Code     0  __rtentry.o(.ARM.Collect$$rtentry$$00000000)
    __rt_entry_presh_1                       0x0800020d   Thumb Code     0  __rtentry2.o(.ARM.Collect$$rtentry$$00000002)
    __rt_entry_sh                            0x0800020d   Thumb Code     0  __rtentry4.o(.ARM.Collect$$rtentry$$00000004)
    __rt_entry_li                            0x08000213   Thumb Code     0  __rtentry2.o(.ARM.Collect$$rtentry$$0000000A)
    __rt_entry_postsh_1                      0x08000213   Thumb Code     0  __rtentry2.o(.ARM.Collect$$rtentry$$00000009)
    __rt_entry_main                          0x08000217   Thumb Code     0  __rtentry2.o(.ARM.Collect$$rtentry$$0000000D)
    __rt_entry_postli_1                      0x08000217   Thumb Code     0  __rtentry2.o(.ARM.Collect$$rtentry$$0000000C)
    __rt_exit                                0x0800021f   Thumb Code     0  rtexit.o(.ARM.Collect$$rtexit$$00000000)
    __rt_exit_ls                             0x08000221   Thumb Code     0  rtexit2.o(.ARM.Collect$$rtexit$$00000003)
    __rt_exit_prels_1                        0x08000221   Thumb Code     0  rtexit2.o(.ARM.Collect$$rtexit$$00000002)
    __rt_exit_exit                           0x08000225   Thumb Code     0  rtexit2.o(.ARM.Collect$$rtexit$$00000004)
    SVC_Handler                              0x0800022d   Thumb Code    28  port.o(.emb_text)
    __asm___6_port_c_39a90d8d__prvStartFirstTask 0x0800024d   Thumb Code    36  port.o(.emb_text)
    __asm___6_port_c_39a90d8d__prvEnableVFP  0x08000275   Thumb Code    16  port.o(.emb_text)
    PendSV_Handler                           0x08000289   Thumb Code    88  port.o(.emb_text)
    vPortGetIPSR                             0x080002e5   Thumb Code     6  port.o(.emb_text)
    Reset_Handler                            0x080002ed   Thumb Code     8  startup_stm32l431xx.o(.text)
    ADC1_IRQHandler                          0x08000307   Thumb Code     0  startup_stm32l431xx.o(.text)
    CAN1_RX0_IRQHandler                      0x08000307   Thumb Code     0  startup_stm32l431xx.o(.text)
    CAN1_RX1_IRQHandler                      0x08000307   Thumb Code     0  startup_stm32l431xx.o(.text)
    CAN1_SCE_IRQHandler                      0x08000307   Thumb Code     0  startup_stm32l431xx.o(.text)
    CAN1_TX_IRQHandler                       0x08000307   Thumb Code     0  startup_stm32l431xx.o(.text)
    COMP_IRQHandler                          0x08000307   Thumb Code     0  startup_stm32l431xx.o(.text)
    CRS_IRQHandler                           0x08000307   Thumb Code     0  startup_stm32l431xx.o(.text)
    DMA1_Channel1_IRQHandler                 0x08000307   Thumb Code     0  startup_stm32l431xx.o(.text)
    DMA1_Channel2_IRQHandler                 0x08000307   Thumb Code     0  startup_stm32l431xx.o(.text)
    DMA1_Channel3_IRQHandler                 0x08000307   Thumb Code     0  startup_stm32l431xx.o(.text)
    DMA1_Channel4_IRQHandler                 0x08000307   Thumb Code     0  startup_stm32l431xx.o(.text)
    DMA1_Channel5_IRQHandler                 0x08000307   Thumb Code     0  startup_stm32l431xx.o(.text)
    DMA1_Channel6_IRQHandler                 0x08000307   Thumb Code     0  startup_stm32l431xx.o(.text)
    DMA1_Channel7_IRQHandler                 0x08000307   Thumb Code     0  startup_stm32l431xx.o(.text)
    DMA2_Channel1_IRQHandler                 0x08000307   Thumb Code     0  startup_stm32l431xx.o(.text)
    DMA2_Channel2_IRQHandler                 0x08000307   Thumb Code     0  startup_stm32l431xx.o(.text)
    DMA2_Channel3_IRQHandler                 0x08000307   Thumb Code     0  startup_stm32l431xx.o(.text)
    DMA2_Channel4_IRQHandler                 0x08000307   Thumb Code     0  startup_stm32l431xx.o(.text)
    DMA2_Channel5_IRQHandler                 0x08000307   Thumb Code     0  startup_stm32l431xx.o(.text)
    DMA2_Channel6_IRQHandler                 0x08000307   Thumb Code     0  startup_stm32l431xx.o(.text)
    DMA2_Channel7_IRQHandler                 0x08000307   Thumb Code     0  startup_stm32l431xx.o(.text)
    EXTI0_IRQHandler                         0x08000307   Thumb Code     0  startup_stm32l431xx.o(.text)
    EXTI15_10_IRQHandler                     0x08000307   Thumb Code     0  startup_stm32l431xx.o(.text)
    EXTI1_IRQHandler                         0x08000307   Thumb Code     0  startup_stm32l431xx.o(.text)
    EXTI2_IRQHandler                         0x08000307   Thumb Code     0  startup_stm32l431xx.o(.text)
    EXTI3_IRQHandler                         0x08000307   Thumb Code     0  startup_stm32l431xx.o(.text)
    EXTI4_IRQHandler                         0x08000307   Thumb Code     0  startup_stm32l431xx.o(.text)
    EXTI9_5_IRQHandler                       0x08000307   Thumb Code     0  startup_stm32l431xx.o(.text)
    FLASH_IRQHandler                         0x08000307   Thumb Code     0  startup_stm32l431xx.o(.text)
    FPU_IRQHandler                           0x08000307   Thumb Code     0  startup_stm32l431xx.o(.text)
    I2C1_ER_IRQHandler                       0x08000307   Thumb Code     0  startup_stm32l431xx.o(.text)
    I2C1_EV_IRQHandler                       0x08000307   Thumb Code     0  startup_stm32l431xx.o(.text)
    I2C2_ER_IRQHandler                       0x08000307   Thumb Code     0  startup_stm32l431xx.o(.text)
    I2C2_EV_IRQHandler                       0x08000307   Thumb Code     0  startup_stm32l431xx.o(.text)
    I2C3_ER_IRQHandler                       0x08000307   Thumb Code     0  startup_stm32l431xx.o(.text)
    I2C3_EV_IRQHandler                       0x08000307   Thumb Code     0  startup_stm32l431xx.o(.text)
    LPTIM1_IRQHandler                        0x08000307   Thumb Code     0  startup_stm32l431xx.o(.text)
    LPTIM2_IRQHandler                        0x08000307   Thumb Code     0  startup_stm32l431xx.o(.text)
    LPUART1_IRQHandler                       0x08000307   Thumb Code     0  startup_stm32l431xx.o(.text)
    PVD_PVM_IRQHandler                       0x08000307   Thumb Code     0  startup_stm32l431xx.o(.text)
    QUADSPI_IRQHandler                       0x08000307   Thumb Code     0  startup_stm32l431xx.o(.text)
    RCC_IRQHandler                           0x08000307   Thumb Code     0  startup_stm32l431xx.o(.text)
    RNG_IRQHandler                           0x08000307   Thumb Code     0  startup_stm32l431xx.o(.text)
    RTC_Alarm_IRQHandler                     0x08000307   Thumb Code     0  startup_stm32l431xx.o(.text)
    RTC_WKUP_IRQHandler                      0x08000307   Thumb Code     0  startup_stm32l431xx.o(.text)
    SAI1_IRQHandler                          0x08000307   Thumb Code     0  startup_stm32l431xx.o(.text)
    SDMMC1_IRQHandler                        0x08000307   Thumb Code     0  startup_stm32l431xx.o(.text)
    SPI1_IRQHandler                          0x08000307   Thumb Code     0  startup_stm32l431xx.o(.text)
    SPI2_IRQHandler                          0x08000307   Thumb Code     0  startup_stm32l431xx.o(.text)
    SPI3_IRQHandler                          0x08000307   Thumb Code     0  startup_stm32l431xx.o(.text)
    SWPMI1_IRQHandler                        0x08000307   Thumb Code     0  startup_stm32l431xx.o(.text)
    TAMP_STAMP_IRQHandler                    0x08000307   Thumb Code     0  startup_stm32l431xx.o(.text)
    TIM1_BRK_TIM15_IRQHandler                0x08000307   Thumb Code     0  startup_stm32l431xx.o(.text)
    TIM1_CC_IRQHandler                       0x08000307   Thumb Code     0  startup_stm32l431xx.o(.text)
    TIM1_TRG_COM_IRQHandler                  0x08000307   Thumb Code     0  startup_stm32l431xx.o(.text)
    TIM1_UP_TIM16_IRQHandler                 0x08000307   Thumb Code     0  startup_stm32l431xx.o(.text)
    TIM2_IRQHandler                          0x08000307   Thumb Code     0  startup_stm32l431xx.o(.text)
    TIM6_DAC_IRQHandler                      0x08000307   Thumb Code     0  startup_stm32l431xx.o(.text)
    TIM7_IRQHandler                          0x08000307   Thumb Code     0  startup_stm32l431xx.o(.text)
    TSC_IRQHandler                           0x08000307   Thumb Code     0  startup_stm32l431xx.o(.text)
    USART1_IRQHandler                        0x08000307   Thumb Code     0  startup_stm32l431xx.o(.text)
    USART2_IRQHandler                        0x08000307   Thumb Code     0  startup_stm32l431xx.o(.text)
    USART3_IRQHandler                        0x08000307   Thumb Code     0  startup_stm32l431xx.o(.text)
    WWDG_IRQHandler                          0x08000307   Thumb Code     0  startup_stm32l431xx.o(.text)
    __user_initial_stackheap                 0x08000309   Thumb Code     0  startup_stm32l431xx.o(.text)
    __aeabi_uldivmod                         0x0800032d   Thumb Code     0  lludivv7m.o(.text)
    _ll_udiv                                 0x0800032d   Thumb Code   238  lludivv7m.o(.text)
    __aeabi_memcpy                           0x0800041b   Thumb Code     0  rt_memcpy_v6.o(.text)
    __rt_memcpy                              0x0800041b   Thumb Code   138  rt_memcpy_v6.o(.text)
    _memcpy_lastbytes                        0x08000481   Thumb Code     0  rt_memcpy_v6.o(.text)
    __aeabi_memset                           0x080004a5   Thumb Code    16  aeabi_memset.o(.text)
    __aeabi_memclr4                          0x080004b5   Thumb Code     0  rt_memclr_w.o(.text)
    __aeabi_memclr8                          0x080004b5   Thumb Code     0  rt_memclr_w.o(.text)
    __rt_memclr_w                            0x080004b5   Thumb Code    78  rt_memclr_w.o(.text)
    _memset_w                                0x080004b9   Thumb Code     0  rt_memclr_w.o(.text)
    __use_two_region_memory                  0x08000503   Thumb Code     2  heapauxi.o(.text)
    __rt_heap_escrow$2region                 0x08000505   Thumb Code     2  heapauxi.o(.text)
    __rt_heap_expand$2region                 0x08000507   Thumb Code     2  heapauxi.o(.text)
    __aeabi_memcpy4                          0x08000509   Thumb Code     0  rt_memcpy_w.o(.text)
    __aeabi_memcpy8                          0x08000509   Thumb Code     0  rt_memcpy_w.o(.text)
    __rt_memcpy_w                            0x08000509   Thumb Code   100  rt_memcpy_w.o(.text)
    _memcpy_lastbytes_aligned                0x08000551   Thumb Code     0  rt_memcpy_w.o(.text)
    __aeabi_memclr                           0x0800056d   Thumb Code     0  rt_memclr.o(.text)
    __rt_memclr                              0x0800056d   Thumb Code    68  rt_memclr.o(.text)
    _memset                                  0x08000571   Thumb Code     0  rt_memclr.o(.text)
    __user_setup_stackheap                   0x080005b1   Thumb Code    74  sys_stackheap_outer.o(.text)
    exit                                     0x080005fb   Thumb Code    18  exit.o(.text)
    __user_libspace                          0x0800060d   Thumb Code     8  libspace.o(.text)
    __user_perproc_libspace                  0x0800060d   Thumb Code     0  libspace.o(.text)
    __user_perthread_libspace                0x0800060d   Thumb Code     0  libspace.o(.text)
    _sys_exit                                0x08000615   Thumb Code     8  sys_exit.o(.text)
    __I$use$semihosting                      0x08000621   Thumb Code     0  use_no_semi.o(.text)
    __use_no_semihosting_swi                 0x08000621   Thumb Code     2  use_no_semi.o(.text)
    BusFault_Handler                         0x08000623   Thumb Code     4  stm32l4xx_it.o(i.BusFault_Handler)
    __semihosting_library_function           0x08000623   Thumb Code     0  indicate_semi.o(.text)
    DebugMon_Handler                         0x08000627   Thumb Code     2  stm32l4xx_it.o(i.DebugMon_Handler)
    Error_Handler                            0x08000629   Thumb Code     6  main.o(i.Error_Handler)
    HAL_GPIO_Init                            0x08000631   Thumb Code   418  stm32l4xx_hal_gpio.o(i.HAL_GPIO_Init)
    HAL_GPIO_WritePin                        0x080007f1   Thumb Code    10  stm32l4xx_hal_gpio.o(i.HAL_GPIO_WritePin)
    HAL_GetTick                              0x080007fd   Thumb Code     6  stm32l4xx_hal.o(i.HAL_GetTick)
    HAL_IncTick                              0x08000809   Thumb Code    16  stm32l4xx_hal.o(i.HAL_IncTick)
    HAL_Init                                 0x08000821   Thumb Code    30  stm32l4xx_hal.o(i.HAL_Init)
    HAL_InitTick                             0x08000841   Thumb Code    74  stm32l4xx_hal.o(i.HAL_InitTick)
    HAL_MspInit                              0x08000899   Thumb Code    68  stm32l4xx_hal_msp.o(i.HAL_MspInit)
    HAL_NVIC_SetPriority                     0x080008e1   Thumb Code   124  stm32l4xx_hal_cortex.o(i.HAL_NVIC_SetPriority)
    HAL_NVIC_SetPriorityGrouping             0x0800095d   Thumb Code    32  stm32l4xx_hal_cortex.o(i.HAL_NVIC_SetPriorityGrouping)
    HAL_PWREx_ControlVoltageScaling          0x08000985   Thumb Code   128  stm32l4xx_hal_pwr_ex.o(i.HAL_PWREx_ControlVoltageScaling)
    HAL_PWREx_GetVoltageRange                0x08000a11   Thumb Code    10  stm32l4xx_hal_pwr_ex.o(i.HAL_PWREx_GetVoltageRange)
    HAL_RCCEx_PeriphCLKConfig                0x08000a21   Thumb Code   894  stm32l4xx_hal_rcc_ex.o(i.HAL_RCCEx_PeriphCLKConfig)
    HAL_RCC_ClockConfig                      0x08000da9   Thumb Code   414  stm32l4xx_hal_rcc.o(i.HAL_RCC_ClockConfig)
    HAL_RCC_GetHCLKFreq                      0x08000f5d   Thumb Code     6  stm32l4xx_hal_rcc.o(i.HAL_RCC_GetHCLKFreq)
    HAL_RCC_GetPCLK1Freq                     0x08000f69   Thumb Code    26  stm32l4xx_hal_rcc.o(i.HAL_RCC_GetPCLK1Freq)
    HAL_RCC_GetPCLK2Freq                     0x08000f8d   Thumb Code    26  stm32l4xx_hal_rcc.o(i.HAL_RCC_GetPCLK2Freq)
    HAL_RCC_GetSysClockFreq                  0x08000fb1   Thumb Code   220  stm32l4xx_hal_rcc.o(i.HAL_RCC_GetSysClockFreq)
    HAL_RCC_OscConfig                        0x0800109d   Thumb Code  1856  stm32l4xx_hal_rcc.o(i.HAL_RCC_OscConfig)
    HAL_SPI_Init                             0x080017ed   Thumb Code   240  stm32l4xx_hal_spi.o(i.HAL_SPI_Init)
    HAL_SPI_MspInit                          0x080018dd   Thumb Code   110  stm32l4xx_hal_msp.o(i.HAL_SPI_MspInit)
    HAL_SYSTICK_Config                       0x08001955   Thumb Code    52  stm32l4xx_hal_cortex.o(i.HAL_SYSTICK_Config)
    HAL_UART_Init                            0x08001989   Thumb Code   116  stm32l4xx_hal_uart.o(i.HAL_UART_Init)
    HAL_UART_MspInit                         0x080019fd   Thumb Code   422  stm32l4xx_hal_msp.o(i.HAL_UART_MspInit)
    HardFault_Handler                        0x08001bbd   Thumb Code     4  stm32l4xx_it.o(i.HardFault_Handler)
    MemManage_Handler                        0x08001d75   Thumb Code     4  stm32l4xx_it.o(i.MemManage_Handler)
    NMI_Handler                              0x08001d79   Thumb Code     4  stm32l4xx_it.o(i.NMI_Handler)
    StartDefaultTask                         0x08001fa1   Thumb Code    10  main.o(i.StartDefaultTask)
    SysTick_Handler                          0x08001fab   Thumb Code    20  stm32l4xx_it.o(i.SysTick_Handler)
    SystemClock_Config                       0x08001fbf   Thumb Code   114  main.o(i.SystemClock_Config)
    SystemInit                               0x08002031   Thumb Code    14  system_stm32l4xx.o(i.SystemInit)
    UART_AdvFeatureConfig                    0x08002045   Thumb Code   248  stm32l4xx_hal_uart.o(i.UART_AdvFeatureConfig)
    UART_CheckIdleState                      0x0800213d   Thumb Code   230  stm32l4xx_hal_uart.o(i.UART_CheckIdleState)
    UART_SetConfig                           0x08002289   Thumb Code   722  stm32l4xx_hal_uart.o(i.UART_SetConfig)
    UART_WaitOnFlagUntilTimeout              0x08002579   Thumb Code   172  stm32l4xx_hal_uart.o(i.UART_WaitOnFlagUntilTimeout)
    UsageFault_Handler                       0x08002625   Thumb Code     4  stm32l4xx_it.o(i.UsageFault_Handler)
    main                                     0x08002669   Thumb Code    54  main.o(i.main)
    osDelay                                  0x080026ad   Thumb Code    30  cmsis_os2.o(i.osDelay)
    osKernelInitialize                       0x080026cd   Thumb Code    38  cmsis_os2.o(i.osKernelInitialize)
    osKernelStart                            0x080026f9   Thumb Code    82  cmsis_os2.o(i.osKernelStart)
    osThreadNew                              0x08002759   Thumb Code   184  cmsis_os2.o(i.osThreadNew)
    pvPortMalloc                             0x08003235   Thumb Code   306  heap_4.o(i.pvPortMalloc)
    pxPortInitialiseStack                    0x08003381   Thumb Code    38  port.o(i.pxPortInitialiseStack)
    uxListRemove                             0x080033ad   Thumb Code    40  list.o(i.uxListRemove)
    vApplicationGetIdleTaskMemory            0x080033d5   Thumb Code    14  cmsis_os2.o(i.vApplicationGetIdleTaskMemory)
    vApplicationGetTimerTaskMemory           0x080033ed   Thumb Code    16  cmsis_os2.o(i.vApplicationGetTimerTaskMemory)
    vListInitialise                          0x08003405   Thumb Code    26  list.o(i.vListInitialise)
    vListInitialiseItem                      0x0800341f   Thumb Code     6  list.o(i.vListInitialiseItem)
    vListInsert                              0x08003425   Thumb Code    52  list.o(i.vListInsert)
    vListInsertEnd                           0x08003459   Thumb Code    24  list.o(i.vListInsertEnd)
    vPortEnterCritical                       0x08003471   Thumb Code    76  port.o(i.vPortEnterCritical)
    vPortExitCritical                        0x080034c5   Thumb Code    56  port.o(i.vPortExitCritical)
    vPortFree                                0x08003501   Thumb Code   150  heap_4.o(i.vPortFree)
    vPortSetupTimerInterrupt                 0x080035a5   Thumb Code    36  port.o(i.vPortSetupTimerInterrupt)
    vPortValidateInterruptPriority           0x080035cd   Thumb Code   106  port.o(i.vPortValidateInterruptPriority)
    vQueueAddToRegistry                      0x08003645   Thumb Code    38  queue.o(i.vQueueAddToRegistry)
    vQueueWaitForMessageRestricted           0x08003671   Thumb Code    74  queue.o(i.vQueueWaitForMessageRestricted)
    vTaskDelay                               0x080036bd   Thumb Code    82  tasks.o(i.vTaskDelay)
    vTaskInternalSetTimeOutState             0x08003719   Thumb Code    14  tasks.o(i.vTaskInternalSetTimeOutState)
    vTaskMissedYield                         0x08003731   Thumb Code     8  tasks.o(i.vTaskMissedYield)
    vTaskPlaceOnEventList                    0x0800373d   Thumb Code    52  tasks.o(i.vTaskPlaceOnEventList)
    vTaskPlaceOnEventListRestricted          0x08003775   Thumb Code    60  tasks.o(i.vTaskPlaceOnEventListRestricted)
    vTaskStartScheduler                      0x080037b5   Thumb Code   156  tasks.o(i.vTaskStartScheduler)
    vTaskSuspendAll                          0x0800386d   Thumb Code    12  tasks.o(i.vTaskSuspendAll)
    vTaskSwitchContext                       0x0800387d   Thumb Code   122  tasks.o(i.vTaskSwitchContext)
    xPortStartScheduler                      0x0800390d   Thumb Code   330  port.o(i.xPortStartScheduler)
    xPortSysTickHandler                      0x08003a75   Thumb Code    46  port.o(i.xPortSysTickHandler)
    xQueueGenericCreateStatic                0x08003aa9   Thumb Code   224  queue.o(i.xQueueGenericCreateStatic)
    xQueueGenericReset                       0x08003b89   Thumb Code   146  queue.o(i.xQueueGenericReset)
    xQueueGenericSend                        0x08003c21   Thumb Code   420  queue.o(i.xQueueGenericSend)
    xQueueGenericSendFromISR                 0x08003dc9   Thumb Code   252  queue.o(i.xQueueGenericSendFromISR)
    xQueueReceive                            0x08003ec5   Thumb Code   356  queue.o(i.xQueueReceive)
    xTaskCheckForTimeOut                     0x0800402d   Thumb Code   132  tasks.o(i.xTaskCheckForTimeOut)
    xTaskCreate                              0x080040b9   Thumb Code   100  tasks.o(i.xTaskCreate)
    xTaskCreateStatic                        0x0800411d   Thumb Code   186  tasks.o(i.xTaskCreateStatic)
    xTaskGetSchedulerState                   0x080041d9   Thumb Code    24  tasks.o(i.xTaskGetSchedulerState)
    xTaskGetTickCount                        0x080041f9   Thumb Code     6  tasks.o(i.xTaskGetTickCount)
    xTaskIncrementTick                       0x08004205   Thumb Code   280  tasks.o(i.xTaskIncrementTick)
    xTaskPriorityDisinherit                  0x08004349   Thumb Code   152  tasks.o(i.xTaskPriorityDisinherit)
    xTaskRemoveFromEventList                 0x080043ed   Thumb Code   126  tasks.o(i.xTaskRemoveFromEventList)
    xTaskResumeAll                           0x08004485   Thumb Code   222  tasks.o(i.xTaskResumeAll)
    xTimerCreateTimerTask                    0x08004589   Thumb Code   100  timers.o(i.xTimerCreateTimerTask)
    xTimerGenericCommand                     0x08004601   Thumb Code   128  timers.o(i.xTimerGenericCommand)
    _fp_init                                 0x08004685   Thumb Code    10  fpinit.o(x$fpl$fpinit)
    __fplib_config_fpu_vfp                   0x0800468d   Thumb Code     0  fpinit.o(x$fpl$fpinit)
    __fplib_config_pureend_doubles           0x0800468d   Thumb Code     0  fpinit.o(x$fpl$fpinit)
    defaultTask_attributes                   0x08004690   Data          36  main.o(.constdata)
    AHBPrescTable                            0x080046b4   Data          16  system_stm32l4xx.o(.constdata)
    APBPrescTable                            0x080046c4   Data           8  system_stm32l4xx.o(.constdata)
    MSIRangeTable                            0x080046cc   Data          48  system_stm32l4xx.o(.constdata)
    Region$$Table$$Base                      0x08004708   Number         0  anon$$obj.o(Region$$Table)
    Region$$Table$$Limit                     0x08004728   Number         0  anon$$obj.o(Region$$Table)
    defaultTaskHandle                        0x20000000   Data           4  main.o(.data)
    uwTick                                   0x20000004   Data           4  stm32l4xx_hal.o(.data)
    uwTickPrio                               0x20000008   Data           4  stm32l4xx_hal.o(.data)
    uwTickFreq                               0x2000000c   Data           1  stm32l4xx_hal.o(.data)
    SystemCoreClock                          0x20000010   Data           4  system_stm32l4xx.o(.data)
    pxCurrentTCB                             0x20000014   Data           4  tasks.o(.data)
    hspi1                                    0x20000094   Data         100  main.o(.bss)
    huart1                                   0x200000f8   Data         136  main.o(.bss)
    huart2                                   0x20000180   Data         136  main.o(.bss)
    huart3                                   0x20000208   Data         136  main.o(.bss)
    xQueueRegistry                           0x20000290   Data          64  queue.o(.bss)
    __libspace_start                         0x20001b1c   Data          96  libspace.o(.bss)
    __temporary_stack_top$libspace           0x20001b7c   Data           0  libspace.o(.bss)



==============================================================================

Memory Map of the image

  Image Entry point : 0x0800018d

  Load Region LR_IROM1 (Base: 0x08000000, Size: 0x000047bc, Max: 0x00040000, ABSOLUTE)

    Execution Region ER_IROM1 (Exec base: 0x08000000, Load base: 0x08000000, Size: 0x00004728, Max: 0x00040000, ABSOLUTE)

    Exec Addr    Load Addr    Size         Type   Attr      Idx    E Section Name        Object

    0x08000000   0x08000000   0x0000018c   Data   RO            3    RESET               startup_stm32l431xx.o
    0x0800018c   0x0800018c   0x00000008   Code   RO         4586  * !!!main             c_w.l(__main.o)
    0x08000194   0x08000194   0x00000034   Code   RO         4759    !!!scatter          c_w.l(__scatter.o)
    0x080001c8   0x080001c8   0x0000001a   Code   RO         4761    !!handler_copy      c_w.l(__scatter_copy.o)
    0x080001e2   0x080001e2   0x00000002   PAD
    0x080001e4   0x080001e4   0x0000001c   Code   RO         4763    !!handler_zi        c_w.l(__scatter_zi.o)
    0x08000200   0x08000200   0x00000002   Code   RO         4627    .ARM.Collect$$libinit$$00000000  c_w.l(libinit.o)
    0x08000202   0x08000202   0x00000004   Code   RO         4639    .ARM.Collect$$libinit$$00000001  c_w.l(libinit2.o)
    0x08000206   0x08000206   0x00000000   Code   RO         4642    .ARM.Collect$$libinit$$00000004  c_w.l(libinit2.o)
    0x08000206   0x08000206   0x00000000   Code   RO         4645    .ARM.Collect$$libinit$$0000000A  c_w.l(libinit2.o)
    0x08000206   0x08000206   0x00000000   Code   RO         4647    .ARM.Collect$$libinit$$0000000C  c_w.l(libinit2.o)
    0x08000206   0x08000206   0x00000000   Code   RO         4649    .ARM.Collect$$libinit$$0000000E  c_w.l(libinit2.o)
    0x08000206   0x08000206   0x00000000   Code   RO         4652    .ARM.Collect$$libinit$$00000011  c_w.l(libinit2.o)
    0x08000206   0x08000206   0x00000000   Code   RO         4654    .ARM.Collect$$libinit$$00000013  c_w.l(libinit2.o)
    0x08000206   0x08000206   0x00000000   Code   RO         4656    .ARM.Collect$$libinit$$00000015  c_w.l(libinit2.o)
    0x08000206   0x08000206   0x00000000   Code   RO         4658    .ARM.Collect$$libinit$$00000017  c_w.l(libinit2.o)
    0x08000206   0x08000206   0x00000000   Code   RO         4660    .ARM.Collect$$libinit$$00000019  c_w.l(libinit2.o)
    0x08000206   0x08000206   0x00000000   Code   RO         4662    .ARM.Collect$$libinit$$0000001B  c_w.l(libinit2.o)
    0x08000206   0x08000206   0x00000000   Code   RO         4664    .ARM.Collect$$libinit$$0000001D  c_w.l(libinit2.o)
    0x08000206   0x08000206   0x00000000   Code   RO         4666    .ARM.Collect$$libinit$$0000001F  c_w.l(libinit2.o)
    0x08000206   0x08000206   0x00000000   Code   RO         4668    .ARM.Collect$$libinit$$00000021  c_w.l(libinit2.o)
    0x08000206   0x08000206   0x00000000   Code   RO         4670    .ARM.Collect$$libinit$$00000023  c_w.l(libinit2.o)
    0x08000206   0x08000206   0x00000000   Code   RO         4672    .ARM.Collect$$libinit$$00000025  c_w.l(libinit2.o)
    0x08000206   0x08000206   0x00000000   Code   RO         4676    .ARM.Collect$$libinit$$0000002C  c_w.l(libinit2.o)
    0x08000206   0x08000206   0x00000000   Code   RO         4678    .ARM.Collect$$libinit$$0000002E  c_w.l(libinit2.o)
    0x08000206   0x08000206   0x00000000   Code   RO         4680    .ARM.Collect$$libinit$$00000030  c_w.l(libinit2.o)
    0x08000206   0x08000206   0x00000000   Code   RO         4682    .ARM.Collect$$libinit$$00000032  c_w.l(libinit2.o)
    0x08000206   0x08000206   0x00000002   Code   RO         4683    .ARM.Collect$$libinit$$00000033  c_w.l(libinit2.o)
    0x08000208   0x08000208   0x00000002   Code   RO         4714    .ARM.Collect$$libshutdown$$00000000  c_w.l(libshutdown.o)
    0x0800020a   0x0800020a   0x00000000   Code   RO         4740    .ARM.Collect$$libshutdown$$00000002  c_w.l(libshutdown2.o)
    0x0800020a   0x0800020a   0x00000000   Code   RO         4742    .ARM.Collect$$libshutdown$$00000004  c_w.l(libshutdown2.o)
    0x0800020a   0x0800020a   0x00000000   Code   RO         4744    .ARM.Collect$$libshutdown$$00000006  c_w.l(libshutdown2.o)
    0x0800020a   0x0800020a   0x00000000   Code   RO         4747    .ARM.Collect$$libshutdown$$00000009  c_w.l(libshutdown2.o)
    0x0800020a   0x0800020a   0x00000000   Code   RO         4750    .ARM.Collect$$libshutdown$$0000000C  c_w.l(libshutdown2.o)
    0x0800020a   0x0800020a   0x00000000   Code   RO         4752    .ARM.Collect$$libshutdown$$0000000E  c_w.l(libshutdown2.o)
    0x0800020a   0x0800020a   0x00000000   Code   RO         4755    .ARM.Collect$$libshutdown$$00000011  c_w.l(libshutdown2.o)
    0x0800020a   0x0800020a   0x00000002   Code   RO         4756    .ARM.Collect$$libshutdown$$00000012  c_w.l(libshutdown2.o)
    0x0800020c   0x0800020c   0x00000000   Code   RO         4588    .ARM.Collect$$rtentry$$00000000  c_w.l(__rtentry.o)
    0x0800020c   0x0800020c   0x00000000   Code   RO         4598    .ARM.Collect$$rtentry$$00000002  c_w.l(__rtentry2.o)
    0x0800020c   0x0800020c   0x00000006   Code   RO         4610    .ARM.Collect$$rtentry$$00000004  c_w.l(__rtentry4.o)
    0x08000212   0x08000212   0x00000000   Code   RO         4600    .ARM.Collect$$rtentry$$00000009  c_w.l(__rtentry2.o)
    0x08000212   0x08000212   0x00000004   Code   RO         4601    .ARM.Collect$$rtentry$$0000000A  c_w.l(__rtentry2.o)
    0x08000216   0x08000216   0x00000000   Code   RO         4603    .ARM.Collect$$rtentry$$0000000C  c_w.l(__rtentry2.o)
    0x08000216   0x08000216   0x00000008   Code   RO         4604    .ARM.Collect$$rtentry$$0000000D  c_w.l(__rtentry2.o)
    0x0800021e   0x0800021e   0x00000002   Code   RO         4631    .ARM.Collect$$rtexit$$00000000  c_w.l(rtexit.o)
    0x08000220   0x08000220   0x00000000   Code   RO         4687    .ARM.Collect$$rtexit$$00000002  c_w.l(rtexit2.o)
    0x08000220   0x08000220   0x00000004   Code   RO         4688    .ARM.Collect$$rtexit$$00000003  c_w.l(rtexit2.o)
    0x08000224   0x08000224   0x00000006   Code   RO         4689    .ARM.Collect$$rtexit$$00000004  c_w.l(rtexit2.o)
    0x0800022a   0x0800022a   0x00000002   PAD
    0x0800022c   0x0800022c   0x000000be   Code   RO         4495    .emb_text           port.o
    0x080002ea   0x080002ea   0x00000002   PAD
    0x080002ec   0x080002ec   0x00000040   Code   RO            4    .text               startup_stm32l431xx.o
    0x0800032c   0x0800032c   0x000000ee   Code   RO         4574    .text               c_w.l(lludivv7m.o)
    0x0800041a   0x0800041a   0x0000008a   Code   RO         4576    .text               c_w.l(rt_memcpy_v6.o)
    0x080004a4   0x080004a4   0x00000010   Code   RO         4580    .text               c_w.l(aeabi_memset.o)
    0x080004b4   0x080004b4   0x0000004e   Code   RO         4582    .text               c_w.l(rt_memclr_w.o)
    0x08000502   0x08000502   0x00000006   Code   RO         4584    .text               c_w.l(heapauxi.o)
    0x08000508   0x08000508   0x00000064   Code   RO         4593    .text               c_w.l(rt_memcpy_w.o)
    0x0800056c   0x0800056c   0x00000044   Code   RO         4595    .text               c_w.l(rt_memclr.o)
    0x080005b0   0x080005b0   0x0000004a   Code   RO         4614    .text               c_w.l(sys_stackheap_outer.o)
    0x080005fa   0x080005fa   0x00000012   Code   RO         4616    .text               c_w.l(exit.o)
    0x0800060c   0x0800060c   0x00000008   Code   RO         4628    .text               c_w.l(libspace.o)
    0x08000614   0x08000614   0x0000000c   Code   RO         4684    .text               c_w.l(sys_exit.o)
    0x08000620   0x08000620   0x00000002   Code   RO         4703    .text               c_w.l(use_no_semi.o)
    0x08000622   0x08000622   0x00000000   Code   RO         4705    .text               c_w.l(indicate_semi.o)
    0x08000622   0x08000622   0x00000004   Code   RO          243    i.BusFault_Handler  stm32l4xx_it.o
    0x08000626   0x08000626   0x00000002   Code   RO          244    i.DebugMon_Handler  stm32l4xx_it.o
    0x08000628   0x08000628   0x00000006   Code   RO           13    i.Error_Handler     main.o
    0x0800062e   0x0800062e   0x00000002   PAD
    0x08000630   0x08000630   0x000001c0   Code   RO         1114    i.HAL_GPIO_Init     stm32l4xx_hal_gpio.o
    0x080007f0   0x080007f0   0x0000000a   Code   RO         1118    i.HAL_GPIO_WritePin  stm32l4xx_hal_gpio.o
    0x080007fa   0x080007fa   0x00000002   PAD
    0x080007fc   0x080007fc   0x0000000c   Code   RO          365    i.HAL_GetTick       stm32l4xx_hal.o
    0x08000808   0x08000808   0x00000018   Code   RO          371    i.HAL_IncTick       stm32l4xx_hal.o
    0x08000820   0x08000820   0x0000001e   Code   RO          372    i.HAL_Init          stm32l4xx_hal.o
    0x0800083e   0x0800083e   0x00000002   PAD
    0x08000840   0x08000840   0x00000058   Code   RO          373    i.HAL_InitTick      stm32l4xx_hal.o
    0x08000898   0x08000898   0x00000048   Code   RO          306    i.HAL_MspInit       stm32l4xx_hal_msp.o
    0x080008e0   0x080008e0   0x0000007c   Code   RO         1645    i.HAL_NVIC_SetPriority  stm32l4xx_hal_cortex.o
    0x0800095c   0x0800095c   0x00000028   Code   RO         1646    i.HAL_NVIC_SetPriorityGrouping  stm32l4xx_hal_cortex.o
    0x08000984   0x08000984   0x0000008c   Code   RO         1441    i.HAL_PWREx_ControlVoltageScaling  stm32l4xx_hal_pwr_ex.o
    0x08000a10   0x08000a10   0x00000010   Code   RO         1464    i.HAL_PWREx_GetVoltageRange  stm32l4xx_hal_pwr_ex.o
    0x08000a20   0x08000a20   0x00000388   Code   RO          717    i.HAL_RCCEx_PeriphCLKConfig  stm32l4xx_hal_rcc_ex.o
    0x08000da8   0x08000da8   0x000001b4   Code   RO          589    i.HAL_RCC_ClockConfig  stm32l4xx_hal_rcc.o
    0x08000f5c   0x08000f5c   0x0000000c   Code   RO          593    i.HAL_RCC_GetHCLKFreq  stm32l4xx_hal_rcc.o
    0x08000f68   0x08000f68   0x00000024   Code   RO          595    i.HAL_RCC_GetPCLK1Freq  stm32l4xx_hal_rcc.o
    0x08000f8c   0x08000f8c   0x00000024   Code   RO          596    i.HAL_RCC_GetPCLK2Freq  stm32l4xx_hal_rcc.o
    0x08000fb0   0x08000fb0   0x000000ec   Code   RO          598    i.HAL_RCC_GetSysClockFreq  stm32l4xx_hal_rcc.o
    0x0800109c   0x0800109c   0x00000750   Code   RO          601    i.HAL_RCC_OscConfig  stm32l4xx_hal_rcc.o
    0x080017ec   0x080017ec   0x000000f0   Code   RO         1867    i.HAL_SPI_Init      stm32l4xx_hal_spi.o
    0x080018dc   0x080018dc   0x00000078   Code   RO          308    i.HAL_SPI_MspInit   stm32l4xx_hal_msp.o
    0x08001954   0x08001954   0x00000034   Code   RO         1650    i.HAL_SYSTICK_Config  stm32l4xx_hal_cortex.o
    0x08001988   0x08001988   0x00000074   Code   RO         2272    i.HAL_UART_Init     stm32l4xx_hal_uart.o
    0x080019fc   0x080019fc   0x000001c0   Code   RO          310    i.HAL_UART_MspInit  stm32l4xx_hal_msp.o
    0x08001bbc   0x08001bbc   0x00000004   Code   RO          245    i.HardFault_Handler  stm32l4xx_it.o
    0x08001bc0   0x08001bc0   0x000000a4   Code   RO           14    i.MX_GPIO_Init      main.o
    0x08001c64   0x08001c64   0x00000050   Code   RO           15    i.MX_SPI1_Init      main.o
    0x08001cb4   0x08001cb4   0x00000040   Code   RO           16    i.MX_USART1_UART_Init  main.o
    0x08001cf4   0x08001cf4   0x00000040   Code   RO           17    i.MX_USART2_UART_Init  main.o
    0x08001d34   0x08001d34   0x00000040   Code   RO           18    i.MX_USART3_UART_Init  main.o
    0x08001d74   0x08001d74   0x00000004   Code   RO          246    i.MemManage_Handler  stm32l4xx_it.o
    0x08001d78   0x08001d78   0x00000004   Code   RO          247    i.NMI_Handler       stm32l4xx_it.o
    0x08001d7c   0x08001d7c   0x00000188   Code   RO          721    i.RCCEx_PLLSAI1_Config  stm32l4xx_hal_rcc_ex.o
    0x08001f04   0x08001f04   0x0000009c   Code   RO          602    i.RCC_SetFlashLatencyFromMSIRange  stm32l4xx_hal_rcc.o
    0x08001fa0   0x08001fa0   0x0000000a   Code   RO           19    i.StartDefaultTask  main.o
    0x08001faa   0x08001faa   0x00000014   Code   RO          248    i.SysTick_Handler   stm32l4xx_it.o
    0x08001fbe   0x08001fbe   0x00000072   Code   RO           20    i.SystemClock_Config  main.o
    0x08002030   0x08002030   0x00000014   Code   RO         2736    i.SystemInit        system_stm32l4xx.o
    0x08002044   0x08002044   0x000000f8   Code   RO         2286    i.UART_AdvFeatureConfig  stm32l4xx_hal_uart.o
    0x0800213c   0x0800213c   0x000000e6   Code   RO         2287    i.UART_CheckIdleState  stm32l4xx_hal_uart.o
    0x08002222   0x08002222   0x00000066   Code   RO         2298    i.UART_EndRxTransfer  stm32l4xx_hal_uart.o
    0x08002288   0x08002288   0x000002f0   Code   RO         2303    i.UART_SetConfig    stm32l4xx_hal_uart.o
    0x08002578   0x08002578   0x000000ac   Code   RO         2308    i.UART_WaitOnFlagUntilTimeout  stm32l4xx_hal_uart.o
    0x08002624   0x08002624   0x00000004   Code   RO          249    i.UsageFault_Handler  stm32l4xx_it.o
    0x08002628   0x08002628   0x00000010   Code   RO         1652    i.__NVIC_GetPriorityGrouping  stm32l4xx_hal_cortex.o
    0x08002638   0x08002638   0x00000028   Code   RO         1653    i.__NVIC_SetPriority  stm32l4xx_hal_cortex.o
    0x08002660   0x08002660   0x00000006   Code   RO         3917    i.__get_IPSR        cmsis_os2.o
    0x08002666   0x08002666   0x00000002   PAD
    0x08002668   0x08002668   0x00000044   Code   RO           21    i.main              main.o
    0x080026ac   0x080026ac   0x0000001e   Code   RO         3918    i.osDelay           cmsis_os2.o
    0x080026ca   0x080026ca   0x00000002   PAD
    0x080026cc   0x080026cc   0x0000002c   Code   RO         3932    i.osKernelInitialize  cmsis_os2.o
    0x080026f8   0x080026f8   0x00000060   Code   RO         3935    i.osKernelStart     cmsis_os2.o
    0x08002758   0x08002758   0x000000b8   Code   RO         3977    i.osThreadNew       cmsis_os2.o
    0x08002810   0x08002810   0x0000007c   Code   RO         3353    i.prvAddCurrentTaskToDelayedList  tasks.o
    0x0800288c   0x0800288c   0x000000b8   Code   RO         3354    i.prvAddNewTaskToReadyList  tasks.o
    0x08002944   0x08002944   0x00000074   Code   RO         3729    i.prvCheckForValidListAndQueue  timers.o
    0x080029b8   0x080029b8   0x00000048   Code   RO         3355    i.prvCheckTasksWaitingTermination  tasks.o
    0x08002a00   0x08002a00   0x0000002a   Code   RO         2940    i.prvCopyDataFromQueue  queue.o
    0x08002a2a   0x08002a2a   0x0000007e   Code   RO         2941    i.prvCopyDataToQueue  queue.o
    0x08002aa8   0x08002aa8   0x00000050   Code   RO         3356    i.prvDeleteTCB      tasks.o
    0x08002af8   0x08002af8   0x00000028   Code   RO         3730    i.prvGetNextExpireTime  timers.o
    0x08002b20   0x08002b20   0x0000007c   Code   RO         4440    i.prvHeapInit       heap_4.o
    0x08002b9c   0x08002b9c   0x00000028   Code   RO         3357    i.prvIdleTask       tasks.o
    0x08002bc4   0x08002bc4   0x0000002a   Code   RO         2944    i.prvInitialiseNewQueue  queue.o
    0x08002bee   0x08002bee   0x000000be   Code   RO         3358    i.prvInitialiseNewTask  tasks.o
    0x08002cac   0x08002cac   0x00000068   Code   RO         3359    i.prvInitialiseTaskLists  tasks.o
    0x08002d14   0x08002d14   0x00000068   Code   RO         4441    i.prvInsertBlockIntoFreeList  heap_4.o
    0x08002d7c   0x08002d7c   0x00000058   Code   RO         3732    i.prvInsertTimerInActiveList  timers.o
    0x08002dd4   0x08002dd4   0x0000001a   Code   RO         2945    i.prvIsQueueEmpty   queue.o
    0x08002dee   0x08002dee   0x0000001e   Code   RO         2946    i.prvIsQueueFull    queue.o
    0x08002e0c   0x08002e0c   0x00000074   Code   RO         3733    i.prvProcessExpiredTimer  timers.o
    0x08002e80   0x08002e80   0x00000164   Code   RO         3734    i.prvProcessReceivedCommands  timers.o
    0x08002fe4   0x08002fe4   0x00000074   Code   RO         3735    i.prvProcessTimerOrBlockTask  timers.o
    0x08003058   0x08003058   0x00000034   Code   RO         3361    i.prvResetNextTaskUnblockTime  tasks.o
    0x0800308c   0x0800308c   0x0000002c   Code   RO         3736    i.prvSampleTimeNow  timers.o
    0x080030b8   0x080030b8   0x000000a4   Code   RO         3737    i.prvSwitchTimerLists  timers.o
    0x0800315c   0x0800315c   0x00000040   Code   RO         4496    i.prvTaskExitError  port.o
    0x0800319c   0x0800319c   0x0000001a   Code   RO         3738    i.prvTimerTask      timers.o
    0x080031b6   0x080031b6   0x0000007e   Code   RO         2947    i.prvUnlockQueue    queue.o
    0x08003234   0x08003234   0x0000014c   Code   RO         4442    i.pvPortMalloc      heap_4.o
    0x08003380   0x08003380   0x0000002c   Code   RO         4497    i.pxPortInitialiseStack  port.o
    0x080033ac   0x080033ac   0x00000028   Code   RO         2900    i.uxListRemove      list.o
    0x080033d4   0x080033d4   0x00000018   Code   RO         3989    i.vApplicationGetIdleTaskMemory  cmsis_os2.o
    0x080033ec   0x080033ec   0x00000018   Code   RO         3990    i.vApplicationGetTimerTaskMemory  cmsis_os2.o
    0x08003404   0x08003404   0x0000001a   Code   RO         2901    i.vListInitialise   list.o
    0x0800341e   0x0800341e   0x00000006   Code   RO         2902    i.vListInitialiseItem  list.o
    0x08003424   0x08003424   0x00000034   Code   RO         2903    i.vListInsert       list.o
    0x08003458   0x08003458   0x00000018   Code   RO         2904    i.vListInsertEnd    list.o
    0x08003470   0x08003470   0x00000054   Code   RO         4499    i.vPortEnterCritical  port.o
    0x080034c4   0x080034c4   0x0000003c   Code   RO         4500    i.vPortExitCritical  port.o
    0x08003500   0x08003500   0x000000a4   Code   RO         4443    i.vPortFree         heap_4.o
    0x080035a4   0x080035a4   0x00000028   Code   RO         4501    i.vPortSetupTimerInterrupt  port.o
    0x080035cc   0x080035cc   0x00000078   Code   RO         4502    i.vPortValidateInterruptPriority  port.o
    0x08003644   0x08003644   0x0000002c   Code   RO         2953    i.vQueueAddToRegistry  queue.o
    0x08003670   0x08003670   0x0000004a   Code   RO         2957    i.vQueueWaitForMessageRestricted  queue.o
    0x080036ba   0x080036ba   0x00000002   PAD
    0x080036bc   0x080036bc   0x0000005c   Code   RO         3374    i.vTaskDelay        tasks.o
    0x08003718   0x08003718   0x00000018   Code   RO         3379    i.vTaskInternalSetTimeOutState  tasks.o
    0x08003730   0x08003730   0x0000000c   Code   RO         3380    i.vTaskMissedYield  tasks.o
    0x0800373c   0x0800373c   0x00000038   Code   RO         3382    i.vTaskPlaceOnEventList  tasks.o
    0x08003774   0x08003774   0x00000040   Code   RO         3383    i.vTaskPlaceOnEventListRestricted  tasks.o
    0x080037b4   0x080037b4   0x000000b8   Code   RO         3391    i.vTaskStartScheduler  tasks.o
    0x0800386c   0x0800386c   0x00000010   Code   RO         3393    i.vTaskSuspendAll   tasks.o
    0x0800387c   0x0800387c   0x00000090   Code   RO         3394    i.vTaskSwitchContext  tasks.o
    0x0800390c   0x0800390c   0x00000168   Code   RO         4503    i.xPortStartScheduler  port.o
    0x08003a74   0x08003a74   0x00000034   Code   RO         4504    i.xPortSysTickHandler  port.o
    0x08003aa8   0x08003aa8   0x000000e0   Code   RO         2963    i.xQueueGenericCreateStatic  queue.o
    0x08003b88   0x08003b88   0x00000098   Code   RO         2964    i.xQueueGenericReset  queue.o
    0x08003c20   0x08003c20   0x000001a8   Code   RO         2965    i.xQueueGenericSend  queue.o
    0x08003dc8   0x08003dc8   0x000000fc   Code   RO         2966    i.xQueueGenericSendFromISR  queue.o
    0x08003ec4   0x08003ec4   0x00000168   Code   RO         2975    i.xQueueReceive     queue.o
    0x0800402c   0x0800402c   0x0000008c   Code   RO         3396    i.xTaskCheckForTimeOut  tasks.o
    0x080040b8   0x080040b8   0x00000064   Code   RO         3397    i.xTaskCreate       tasks.o
    0x0800411c   0x0800411c   0x000000ba   Code   RO         3398    i.xTaskCreateStatic  tasks.o
    0x080041d6   0x080041d6   0x00000002   PAD
    0x080041d8   0x080041d8   0x00000020   Code   RO         3402    i.xTaskGetSchedulerState  tasks.o
    0x080041f8   0x080041f8   0x0000000c   Code   RO         3403    i.xTaskGetTickCount  tasks.o
    0x08004204   0x08004204   0x00000144   Code   RO         3405    i.xTaskIncrementTick  tasks.o
    0x08004348   0x08004348   0x000000a4   Code   RO         3408    i.xTaskPriorityDisinherit  tasks.o
    0x080043ec   0x080043ec   0x00000098   Code   RO         3410    i.xTaskRemoveFromEventList  tasks.o
    0x08004484   0x08004484   0x00000104   Code   RO         3411    i.xTaskResumeAll    tasks.o
    0x08004588   0x08004588   0x00000078   Code   RO         3747    i.xTimerCreateTimerTask  timers.o
    0x08004600   0x08004600   0x00000084   Code   RO         3748    i.xTimerGenericCommand  timers.o
    0x08004684   0x08004684   0x0000000a   Code   RO         4699    x$fpl$fpinit        fz_wm.l(fpinit.o)
    0x0800468e   0x0800468e   0x00000002   PAD
    0x08004690   0x08004690   0x00000024   Data   RO           23    .constdata          main.o
    0x080046b4   0x080046b4   0x00000048   Data   RO         2737    .constdata          system_stm32l4xx.o
    0x080046fc   0x080046fc   0x0000000c   Data   RO           24    .conststring        main.o
    0x08004708   0x08004708   0x00000020   Data   RO         4757    Region$$Table       anon$$obj.o


    Execution Region RW_IRAM2 (Exec base: 0x10000000, Load base: 0x080047bc, Size: 0x00000000, Max: 0x00004000, ABSOLUTE)

    **** No section assigned to this execution region ****


    Execution Region RW_IRAM1 (Exec base: 0x20000000, Load base: 0x08004728, Size: 0x00002180, Max: 0x0000c000, ABSOLUTE)

    Exec Addr    Load Addr    Size         Type   Attr      Idx    E Section Name        Object

    0x20000000   0x08004728   0x00000004   Data   RW           25    .data               main.o
    0x20000004   0x0800472c   0x00000009   Data   RW          389    .data               stm32l4xx_hal.o
    0x2000000d   0x08004735   0x00000003   PAD
    0x20000010   0x08004738   0x00000004   Data   RW         2738    .data               system_stm32l4xx.o
    0x20000014   0x0800473c   0x0000003c   Data   RW         3414    .data               tasks.o
    0x20000050   0x08004778   0x00000014   Data   RW         3756    .data               timers.o
    0x20000064   0x0800478c   0x00000004   Data   RW         3992    .data               cmsis_os2.o
    0x20000068   0x08004790   0x00000020   Data   RW         4449    .data               heap_4.o
    0x20000088   0x080047b0   0x0000000c   Data   RW         4505    .data               port.o
    0x20000094        -       0x000001fc   Zero   RW           22    .bss                main.o
    0x20000290        -       0x00000040   Zero   RW         2979    .bss                queue.o
    0x200002d0        -       0x000004c4   Zero   RW         3413    .bss                tasks.o
    0x20000794        -       0x00000118   Zero   RW         3755    .bss                timers.o
    0x200008ac        -       0x000006b8   Zero   RW         3991    .bss                cmsis_os2.o
    0x20000f64        -       0x00000bb8   Zero   RW         4448    .bss                heap_4.o
    0x20001b1c        -       0x00000060   Zero   RW         4629    .bss                c_w.l(libspace.o)
    0x20001b7c   0x080047bc   0x00000004   PAD
    0x20001b80        -       0x00000200   Zero   RW            2    HEAP                startup_stm32l431xx.o
    0x20001d80        -       0x00000400   Zero   RW            1    STACK               startup_stm32l431xx.o


==============================================================================

Image component sizes


      Code (inc. data)   RO Data    RW Data    ZI Data      Debug   Object Name

       408         38          0          4       1720      64941   cmsis_os2.o
         0          0          0          0          0      19496   event_groups.o
       724         74          0         32       3000       5087   heap_4.o
       148          0          0          0          0       3798   list.o
       634         56         48          4        508     663105   main.o
      1014         92          0         12          0      12013   port.o
      1922         20          0          0         64      17792   queue.o
        64         26        396          0       1536        860   startup_stm32l431xx.o
       154         28          0          9          0      12233   stm32l4xx_hal.o
       272         22          0          0          0      33746   stm32l4xx_hal_cortex.o
       458         30          0          0          0       2220   stm32l4xx_hal_gpio.o
       640         40          0          0          0       2875   stm32l4xx_hal_msp.o
       156         18          0          0          0       1390   stm32l4xx_hal_pwr_ex.o
      2784        108          0          0          0       7656   stm32l4xx_hal_rcc.o
      1296         26          0          0          0       3052   stm32l4xx_hal_rcc_ex.o
       240          0          0          0          0       1403   stm32l4xx_hal_spi.o
      1620         50          0          0          0       6253   stm32l4xx_hal_uart.o
        42          0          0          0          0       3439   stm32l4xx_it.o
         0          0          0          0          0        392   stream_buffer.o
        20          6         72          4          0       1361   system_stm32l4xx.o
      2808        346          0         60       1220      28038   tasks.o
      1318        124          0         20        280      33303   timers.o

    ----------------------------------------------------------------------
     16738       1104        548        148       8328     924453   Object Totals
         0          0         32          0          0          0   (incl. Generated)
        16          0          0          3          0          0   (incl. Padding)

    ----------------------------------------------------------------------

      Code (inc. data)   RO Data    RW Data    ZI Data      Debug   Library Member Name

         8          0          0          0          0         68   __main.o
         0          0          0          0          0          0   __rtentry.o
        12          0          0          0          0          0   __rtentry2.o
         6          0          0          0          0          0   __rtentry4.o
        52          8          0          0          0          0   __scatter.o
        26          0          0          0          0          0   __scatter_copy.o
        28          0          0          0          0          0   __scatter_zi.o
        16          0          0          0          0         68   aeabi_memset.o
        18          0          0          0          0         80   exit.o
         6          0          0          0          0        152   heapauxi.o
         0          0          0          0          0          0   indicate_semi.o
         2          0          0          0          0          0   libinit.o
         6          0          0          0          0          0   libinit2.o
         2          0          0          0          0          0   libshutdown.o
         2          0          0          0          0          0   libshutdown2.o
         8          4          0          0         96         68   libspace.o
       238          0          0          0          0        100   lludivv7m.o
        68          0          0          0          0         68   rt_memclr.o
        78          0          0          0          0         80   rt_memclr_w.o
       138          0          0          0          0         68   rt_memcpy_v6.o
       100          0          0          0          0         80   rt_memcpy_w.o
         2          0          0          0          0          0   rtexit.o
        10          0          0          0          0          0   rtexit2.o
        12          4          0          0          0         68   sys_exit.o
        74          0          0          0          0         80   sys_stackheap_outer.o
         2          0          0          0          0         68   use_no_semi.o
        10          0          0          0          0        116   fpinit.o

    ----------------------------------------------------------------------
       930         16          0          0        100       1164   Library Totals
         6          0          0          0          4          0   (incl. Padding)

    ----------------------------------------------------------------------

      Code (inc. data)   RO Data    RW Data    ZI Data      Debug   Library Name

       914         16          0          0         96       1048   c_w.l
        10          0          0          0          0        116   fz_wm.l

    ----------------------------------------------------------------------
       930         16          0          0        100       1164   Library Totals

    ----------------------------------------------------------------------

==============================================================================


      Code (inc. data)   RO Data    RW Data    ZI Data      Debug   

     17668       1120        548        148       8428     913449   Grand Totals
     17668       1120        548        148       8428     913449   ELF Image Totals
     17668       1120        548        148          0          0   ROM Totals

==============================================================================

    Total RO  Size (Code + RO Data)                18216 (  17.79kB)
    Total RW  Size (RW Data + ZI Data)              8576 (   8.38kB)
    Total ROM Size (Code + RO Data + RW Data)      18364 (  17.93kB)

==============================================================================

