<html>
<body>
<pre>
<h1>µVision Build Log</h1>
<h2>Tool Versions:</h2>
IDE-Version: ¦ÌVision V5.36.0.0
Copyright (C) 2021 ARM Ltd and ARM Germany GmbH. All rights reserved.
License Information: xu 1487503814@qq.com, cls, LIC=----
 
Tool Versions:
Toolchain:       MDK-Lite  Version: 5.36.0.0
Toolchain Path:  C:\Keil_v5\ARM\ARMCC\Bin
C Compiler:      Armcc.exe V5.06 update 7 (build 960)
Assembler:       Armasm.exe V5.06 update 7 (build 960)
Linker/Locator:  ArmLink.exe V5.06 update 7 (build 960)
Library Manager: ArmAr.exe V5.06 update 7 (build 960)
Hex Converter:   FromElf.exe V5.06 update 7 (build 960)
CPU DLL:         SARMCM3.DLL V5.36.0.0
Dialog DLL:      DCM.DLL V1.17.3.0
Target DLL:      STLink\ST-LINKIII-KEIL_SWO.dll V3.0.9.0
Dialog DLL:      TCM.DLL V1.53.0.0
 
<h2>Project:</h2>
D:\stm32l431 test case\pressure_sensor\pressure_sensor\MDK-ARM\pressure_sensor.uvprojx
Project File Date:  10/02/2024

<h2>Output:</h2>
*** Using Compiler 'V5.06 update 7 (build 960)', folder: 'C:\Keil_v5\ARM\ARMCC\Bin'
Rebuild target 'pressure_sensor'
assembling startup_stm32l431xx.s...
compiling stm32l4xx_hal_gpio.c...
compiling stm32l4xx_hal_flash.c...
compiling stm32l4xx_hal_flash_ramfunc.c...
compiling stm32l4xx_hal_rcc.c...
compiling stm32l4xx_hal_dma_ex.c...
compiling stm32l4xx_hal.c...
compiling freertos.c...
compiling stm32l4xx_hal_i2c_ex.c...
compiling stm32l4xx_hal_i2c.c...
compiling main.c...
compiling stm32l4xx_hal_rcc_ex.c...
compiling stm32l4xx_hal_flash_ex.c...
compiling stm32l4xx_it.c...
compiling croutine.c...
compiling event_groups.c...
compiling list.c...
compiling stm32l4xx_hal_msp.c...
compiling queue.c...
compiling stream_buffer.c...
compiling tasks.c...
compiling timers.c...
compiling heap_4.c...
compiling port.c...
compiling stm32l4xx_hal_dma.c...
compiling stm32l4xx_hal_pwr.c...
compiling stm32l4xx_hal_exti.c...
compiling stm32l4xx_hal_uart_ex.c...
compiling stm32l4xx_hal_pwr_ex.c...
compiling stm32l4xx_hal_tim_ex.c...
compiling stm32l4xx_hal_spi_ex.c...
compiling stm32l4xx_hal_tim.c...
compiling system_stm32l4xx.c...
compiling stm32l4xx_hal_cortex.c...
compiling stm32l4xx_hal_spi.c...
compiling cmsis_os2.c...
compiling stm32l4xx_hal_uart.c...
linking...
Program Size: Code=17668 RO-data=548 RW-data=148 ZI-data=8428  
FromELF: creating hex file...
"pressure_sensor\pressure_sensor.axf" - 0 Error(s), 0 Warning(s).

<h2>Software Packages used:</h2>

Package Vendor: ARM
                https://www.keil.com/pack/ARM.CMSIS.6.1.0.pack
                ARM.CMSIS.6.1.0
                CMSIS (Common Microcontroller Software Interface Standard)
   * Component: CORE Version: 6.1.0

<h2>Collection of Component include folders:</h2>
  .\RTE\_pressure_sensor
  C:\Users\14875\AppData\Local\Arm\Packs\ARM\CMSIS\6.1.0\CMSIS\Core\Include

<h2>Collection of Component Files used:</h2>

   * Component: ARM::CMSIS:CORE:6.1.0
      Include file:  CMSIS\Core\Include\tz_context.h
Build Time Elapsed:  00:00:09
</pre>
</body>
</html>
