Component: ARM Compiler 5.06 update 7 (build 960) Tool: armlink [4d3601]

==============================================================================

Section Cross References

    startup_stm32l431xx.o(STACK) refers (Special) to heapauxi.o(.text) for __use_two_region_memory
    startup_stm32l431xx.o(HEAP) refers (Special) to heapauxi.o(.text) for __use_two_region_memory
    startup_stm32l431xx.o(RESET) refers (Special) to heapauxi.o(.text) for __use_two_region_memory
    startup_stm32l431xx.o(RESET) refers to startup_stm32l431xx.o(STACK) for __initial_sp
    startup_stm32l431xx.o(RESET) refers to startup_stm32l431xx.o(.text) for Reset_Handler
    startup_stm32l431xx.o(RESET) refers to stm32l4xx_it.o(i.NMI_Handler) for NMI_Handler
    startup_stm32l431xx.o(RESET) refers to stm32l4xx_it.o(i.HardFault_Handler) for HardFault_Handler
    startup_stm32l431xx.o(RESET) refers to stm32l4xx_it.o(i.MemManage_Handler) for MemManage_Handler
    startup_stm32l431xx.o(RESET) refers to stm32l4xx_it.o(i.BusFault_Handler) for BusFault_Handler
    startup_stm32l431xx.o(RESET) refers to stm32l4xx_it.o(i.UsageFault_Handler) for UsageFault_Handler
    startup_stm32l431xx.o(RESET) refers to port.o(.emb_text) for SVC_Handler
    startup_stm32l431xx.o(RESET) refers to stm32l4xx_it.o(i.DebugMon_Handler) for DebugMon_Handler
    startup_stm32l431xx.o(RESET) refers to stm32l4xx_it.o(i.SysTick_Handler) for SysTick_Handler
    startup_stm32l431xx.o(.text) refers (Special) to heapauxi.o(.text) for __use_two_region_memory
    startup_stm32l431xx.o(.text) refers to system_stm32l4xx.o(i.SystemInit) for SystemInit
    startup_stm32l431xx.o(.text) refers to __main.o(!!!main) for __main
    startup_stm32l431xx.o(.text) refers to startup_stm32l431xx.o(HEAP) for Heap_Mem
    startup_stm32l431xx.o(.text) refers to startup_stm32l431xx.o(STACK) for Stack_Mem
    main.o(i.ADS1220_disable_PGA) refers to main.o(i.ADS1220_writeRegister) for ADS1220_writeRegister
    main.o(i.ADS1220_enable_PGA) refers to main.o(i.ADS1220_writeRegister) for ADS1220_writeRegister
    main.o(i.ADS1220_get_config) refers to main.o(i.ADS1220_readRegister) for ADS1220_readRegister
    main.o(i.ADS1220_get_config) refers to main.o(.data) for cfgbuf
    main.o(i.ADS1220_init) refers to main.o(i.ADS1220_reset) for ADS1220_reset
    main.o(i.ADS1220_init) refers to stm32l4xx_hal.o(i.HAL_Delay) for HAL_Delay
    main.o(i.ADS1220_init) refers to main.o(i.ADS1220_writeRegister) for ADS1220_writeRegister
    main.o(i.ADS1220_init) refers to main.o(i.ADS1220_readRegister) for ADS1220_readRegister
    main.o(i.ADS1220_readRegister) refers to stm32l4xx_hal_spi.o(i.HAL_SPI_TransmitReceive) for HAL_SPI_TransmitReceive
    main.o(i.ADS1220_read_blocking) refers to stm32l4xx_hal.o(i.HAL_Delay) for HAL_Delay
    main.o(i.ADS1220_read_blocking) refers to stm32l4xx_hal_gpio.o(i.HAL_GPIO_ReadPin) for HAL_GPIO_ReadPin
    main.o(i.ADS1220_read_blocking) refers to stm32l4xx_hal_spi.o(i.HAL_SPI_Receive) for HAL_SPI_Receive
    main.o(i.ADS1220_read_singleshot) refers to main.o(i.ADS1220_start_conversion) for ADS1220_start_conversion
    main.o(i.ADS1220_read_singleshot) refers to main.o(i.ADS1220_read_blocking) for ADS1220_read_blocking
    main.o(i.ADS1220_read_singleshot_channel) refers to main.o(i.ADS1220_select_mux_config) for ADS1220_select_mux_config
    main.o(i.ADS1220_read_singleshot_channel) refers to main.o(i.ADS1220_start_conversion) for ADS1220_start_conversion
    main.o(i.ADS1220_read_singleshot_channel) refers to main.o(i.ADS1220_read_blocking) for ADS1220_read_blocking
    main.o(i.ADS1220_reset) refers to stm32l4xx_hal_spi.o(i.HAL_SPI_Transmit) for HAL_SPI_Transmit
    main.o(i.ADS1220_select_mux_config) refers to main.o(i.ADS1220_writeRegister) for ADS1220_writeRegister
    main.o(i.ADS1220_set_conv_mode_continuous) refers to main.o(i.ADS1220_writeRegister) for ADS1220_writeRegister
    main.o(i.ADS1220_set_conv_mode_single_shot) refers to main.o(i.ADS1220_writeRegister) for ADS1220_writeRegister
    main.o(i.ADS1220_set_data_rate) refers to main.o(i.ADS1220_writeRegister) for ADS1220_writeRegister
    main.o(i.ADS1220_set_pga_gain) refers to main.o(i.ADS1220_writeRegister) for ADS1220_writeRegister
    main.o(i.ADS1220_start_conversion) refers to stm32l4xx_hal_spi.o(i.HAL_SPI_Transmit) for HAL_SPI_Transmit
    main.o(i.ADS1220_writeRegister) refers to stm32l4xx_hal_spi.o(i.HAL_SPI_Transmit) for HAL_SPI_Transmit
    main.o(i.MX_GPIO_Init) refers to rt_memclr_w.o(.text) for __aeabi_memclr4
    main.o(i.MX_GPIO_Init) refers to stm32l4xx_hal_gpio.o(i.HAL_GPIO_WritePin) for HAL_GPIO_WritePin
    main.o(i.MX_GPIO_Init) refers to stm32l4xx_hal_gpio.o(i.HAL_GPIO_Init) for HAL_GPIO_Init
    main.o(i.MX_RNG_Init) refers to stm32l4xx_hal_rng.o(i.HAL_RNG_Init) for HAL_RNG_Init
    main.o(i.MX_RNG_Init) refers to main.o(i.Error_Handler) for Error_Handler
    main.o(i.MX_RNG_Init) refers to main.o(.bss) for hrng
[...]
    ..\Drivers\STM32L4xx_HAL_Driver\Src\stm32l4xx_hal_uart_ex.c 0x00000000   Number         0  stm32l4xx_hal_uart_ex.o ABSOLUTE
    ..\Middlewares\Third_Party\ATCommand\src\at_chat.c 0x00000000   Number         0  at_chat.o ABSOLUTE
    ..\Middlewares\Third_Party\ATCommand\src\at_port.c 0x00000000   Number         0  at_port.o ABSOLUTE
    ..\Middlewares\Third_Party\CircularBuffer\circular_buffer.c 0x00000000   Number         0  circular_buffer.o ABSOLUTE
    ..\Middlewares\Third_Party\FreeRTOS\Source\CMSIS_RTOS_V2\cmsis_os2.c 0x00000000   Number         0  cmsis_os2.o ABSOLUTE
    ..\Middlewares\Third_Party\FreeRTOS\Source\portable\RVDS\ARM_CM4F\port.c 0x00000000   Number         0  port.o ABSOLUTE
    ..\\Drivers\\MODBUS\\src\\f2f_modbus.c   0x00000000   Number         0  f2f_modbus.o ABSOLUTE
    ..\\Drivers\\MODBUS\\src\\fmb_core.c     0x00000000   Number         0  fmb_core.o ABSOLUTE
    ..\\Drivers\\MODBUS\\src\\fmb_tty.c      0x00000000   Number         0  fmb_tty.o ABSOLUTE
    ..\\Drivers\\MODBUS\\src\\modbus.c       0x00000000   Number         0  modbus.o ABSOLUTE
    ..\\Middlewares\\Third_Party\\ATCommand\\src\\at_port.c 0x00000000   Number         0  at_port.o ABSOLUTE
    ..\\Middlewares\\Third_Party\\CircularBuffer\\circular_buffer.c 0x00000000   Number         0  circular_buffer.o ABSOLUTE
    dc.s                                     0x00000000   Number         0  dc.o ABSOLUTE
    startup_stm32l431xx.s                    0x00000000   Number         0  startup_stm32l431xx.o ABSOLUTE
    RESET                                    0x08000000   Section      396  startup_stm32l431xx.o(RESET)
    !!!main                                  0x0800018c   Section        8  __main.o(!!!main)
    !!!scatter                               0x08000194   Section       52  __scatter.o(!!!scatter)
    !!handler_copy                           0x080001c8   Section       26  __scatter_copy.o(!!handler_copy)
    !!handler_zi                             0x080001e4   Section       28  __scatter_zi.o(!!handler_zi)
    .ARM.Collect$$libinit$$00000000          0x08000200   Section        2  libinit.o(.ARM.Collect$$libinit$$00000000)
    .ARM.Collect$$libinit$$00000001          0x08000202   Section        4  libinit2.o(.ARM.Collect$$libinit$$00000001)
    .ARM.Collect$$libinit$$00000004          0x08000206   Section        0  libinit2.o(.ARM.Collect$$libinit$$00000004)
    .ARM.Collect$$libinit$$0000000A          0x08000206   Section        0  libinit2.o(.ARM.Collect$$libinit$$0000000A)
    .ARM.Collect$$libinit$$0000000C          0x08000206   Section        0  libinit2.o(.ARM.Collect$$libinit$$0000000C)
    .ARM.Collect$$libinit$$0000000E          0x08000206   Section        0  libinit2.o(.ARM.Collect$$libinit$$0000000E)
    .ARM.Collect$$libinit$$00000011          0x08000206   Section        0  libinit2.o(.ARM.Collect$$libinit$$00000011)
    .ARM.Collect$$libinit$$00000013          0x08000206   Section        0  libinit2.o(.ARM.Collect$$libinit$$00000013)
    .ARM.Collect$$libinit$$00000015          0x08000206   Section        0  libinit2.o(.ARM.Collect$$libinit$$00000015)
    .ARM.Collect$$libinit$$00000017          0x08000206   Section        0  libinit2.o(.ARM.Collect$$libinit$$00000017)
    .ARM.Collect$$libinit$$00000019          0x08000206   Section        0  libinit2.o(.ARM.Collect$$libinit$$00000019)
    .ARM.Collect$$libinit$$0000001B          0x08000206   Section        0  libinit2.o(.ARM.Collect$$libinit$$0000001B)
    .ARM.Collect$$libinit$$0000001D          0x08000206   Section        0  libinit2.o(.ARM.Collect$$libinit$$0000001D)
    .ARM.Collect$$libinit$$0000001F          0x08000206   Section        0  libinit2.o(.ARM.Collect$$libinit$$0000001F)
    .ARM.Collect$$libinit$$00000021          0x08000206   Section        0  libinit2.o(.ARM.Collect$$libinit$$00000021)
    .ARM.Collect$$libinit$$00000023          0x08000206   Section        0  libinit2.o(.ARM.Collect$$libinit$$00000023)
    .ARM.Collect$$libinit$$00000025          0x08000206   Section        0  libinit2.o(.ARM.Collect$$libinit$$00000025)
    .ARM.Collect$$libinit$$0000002C          0x08000206   Section        0  libinit2.o(.ARM.Collect$$libinit$$0000002C)
    .ARM.Collect$$libinit$$0000002E          0x08000206   Section        0  libinit2.o(.ARM.Collect$$libinit$$0000002E)
    .ARM.Collect$$libinit$$00000030          0x08000206   Section        0  libinit2.o(.ARM.Collect$$libinit$$00000030)
    .ARM.Collect$$libinit$$00000032          0x08000206   Section        0  libinit2.o(.ARM.Collect$$libinit$$00000032)
    .ARM.Collect$$libinit$$00000033          0x08000206   Section        2  libinit2.o(.ARM.Collect$$libinit$$00000033)
    .ARM.Collect$$libshutdown$$00000000      0x08000208   Section        2  libshutdown.o(.ARM.Collect$$libshutdown$$00000000)
    .ARM.Collect$$libshutdown$$00000002      0x0800020a   Section        0  libshutdown2.o(.ARM.Collect$$libshutdown$$00000002)
    .ARM.Collect$$libshutdown$$00000004      0x0800020a   Section        0  libshutdown2.o(.ARM.Collect$$libshutdown$$00000004)
    .ARM.Collect$$libshutdown$$00000006      0x0800020a   Section        0  libshutdown2.o(.ARM.Collect$$libshutdown$$00000006)
    .ARM.Collect$$libshutdown$$00000009      0x0800020a   Section        0  libshutdown2.o(.ARM.Collect$$libshutdown$$00000009)
    .ARM.Collect$$libshutdown$$0000000C      0x0800020a   Section        0  libshutdown2.o(.ARM.Collect$$libshutdown$$0000000C)
    .ARM.Collect$$libshutdown$$0000000E      0x0800020a   Section        0  libshutdown2.o(.ARM.Collect$$libshutdown$$0000000E)
    .ARM.Collect$$libshutdown$$00000011      0x0800020a   Section        0  libshutdown2.o(.ARM.Collect$$libshutdown$$00000011)
    .ARM.Collect$$libshutdown$$00000012      0x0800020a   Section        2  libshutdown2.o(.ARM.Collect$$libshutdown$$00000012)
    .ARM.Collect$$rtentry$$00000000          0x0800020c   Section        0  __rtentry.o(.ARM.Collect$$rtentry$$00000000)
    .ARM.Collect$$rtentry$$00000002          0x0800020c   Section        0  __rtentry2.o(.ARM.Collect$$rtentry$$00000002)
    .ARM.Collect$$rtentry$$00000004          0x0800020c   Section        6  __rtentry4.o(.ARM.Collect$$rtentry$$00000004)
    .ARM.Collect$$rtentry$$00000009          0x08000212   Section        0  __rtentry2.o(.ARM.Collect$$rtentry$$00000009)
    .ARM.Collect$$rtentry$$0000000A          0x08000212   Section        4  __rtentry2.o(.ARM.Collect$$rtentry$$0000000A)
    .ARM.Collect$$rtentry$$0000000C          0x08000216   Section        0  __rtentry2.o(.ARM.Collect$$rtentry$$0000000C)
    .ARM.Collect$$rtentry$$0000000D          0x08000216   Section        8  __rtentry2.o(.ARM.Collect$$rtentry$$0000000D)
    .ARM.Collect$$rtexit$$00000000           0x0800021e   Section        2  rtexit.o(.ARM.Collect$$rtexit$$00000000)
    .ARM.Collect$$rtexit$$00000002           0x08000220   Section        0  rtexit2.o(.ARM.Collect$$rtexit$$00000002)
    .ARM.Collect$$rtexit$$00000003           0x08000220   Section        4  rtexit2.o(.ARM.Collect$$rtexit$$00000003)
    .ARM.Collect$$rtexit$$00000004           0x08000224   Section        6  rtexit2.o(.ARM.Collect$$rtexit$$00000004)
    .emb_text                                0x0800022c   Section      190  port.o(.emb_text)
    $v0                                      0x0800022c   Number         0  port.o(.emb_text)
    .text                                    0x0800030c   Section       64  startup_stm32l431xx.o(.text)
    $v0                                      0x0800030c   Number         0  startup_stm32l431xx.o(.text)
    .text                                    0x0800034c   Section      238  lludivv7m.o(.text)
    .text                                    0x0800043a   Section        0  exit.o(.text)
    .text                                    0x0800044c   Section      138  rt_memcpy_v6.o(.text)
    .text                                    0x080004d6   Section      100  rt_memcpy_w.o(.text)
    .text                                    0x0800053a   Section       16  aeabi_memset.o(.text)
    .text                                    0x0800054a   Section       78  rt_memclr_w.o(.text)
    .text                                    0x08000598   Section        0  heapauxi.o(.text)
    .text                                    0x0800059e   Section       68  rt_memclr.o(.text)
    .text                                    0x080005e4   Section        8  libspace.o(.text)
    .text                                    0x080005ec   Section        0  sys_exit.o(.text)
    .text                                    0x080005f8   Section        2  use_no_semi.o(.text)
    .text                                    0x080005fa   Section       74  sys_stackheap_outer.o(.text)
    .text                                    0x080005fa   Section        0  indicate_semi.o(.text)
    i.BusFault_Handler                       0x08000644   Section        0  stm32l4xx_it.o(i.BusFault_Handler)
    i.DebugMon_Handler                       0x08000648   Section        0  stm32l4xx_it.o(i.DebugMon_Handler)
    i.Error_Handler                          0x0800064a   Section        0  main.o(i.Error_Handler)
    i.HAL_GPIO_Init                          0x08000650   Section        0  stm32l4xx_hal_gpio.o(i.HAL_GPIO_Init)
    i.HAL_GPIO_WritePin                      0x08000810   Section        0  stm32l4xx_hal_gpio.o(i.HAL_GPIO_WritePin)
    i.HAL_GetTick                            0x0800081c   Section        0  stm32l4xx_hal.o(i.HAL_GetTick)
    i.HAL_IncTick                            0x08000828   Section        0  stm32l4xx_hal.o(i.HAL_IncTick)
    i.HAL_Init                               0x08000840   Section        0  stm32l4xx_hal.o(i.HAL_Init)
    i.HAL_InitTick                           0x08000860   Section        0  stm32l4xx_hal.o(i.HAL_InitTick)
    i.HAL_MspInit                            0x080008b8   Section        0  stm32l4xx_hal_msp.o(i.HAL_MspInit)
    i.HAL_NVIC_SetPriority                   0x08000900   Section        0  stm32l4xx_hal_cortex.o(i.HAL_NVIC_SetPriority)
    i.HAL_NVIC_SetPriorityGrouping           0x08000984   Section        0  stm32l4xx_hal_cortex.o(i.HAL_NVIC_SetPriorityGrouping)
    i.HAL_PWREx_ControlVoltageScaling        0x080009ac   Section        0  stm32l4xx_hal_pwr_ex.o(i.HAL_PWREx_ControlVoltageScaling)
    i.HAL_PWREx_GetVoltageRange              0x08000a38   Section        0  stm32l4xx_hal_pwr_ex.o(i.HAL_PWREx_GetVoltageRange)
    i.HAL_RCCEx_PeriphCLKConfig              0x08000a48   Section        0  stm32l4xx_hal_rcc_ex.o(i.HAL_RCCEx_PeriphCLKConfig)
    i.HAL_RCC_ClockConfig                    0x08000dd0   Section        0  stm32l4xx_hal_rcc.o(i.HAL_RCC_ClockConfig)
    i.HAL_RCC_GetHCLKFreq                    0x08000f84   Section        0  stm32l4xx_hal_rcc.o(i.HAL_RCC_GetHCLKFreq)
    i.HAL_RCC_GetPCLK1Freq                   0x08000f90   Section        0  stm32l4xx_hal_rcc.o(i.HAL_RCC_GetPCLK1Freq)
    i.HAL_RCC_GetPCLK2Freq                   0x08000fb4   Section        0  stm32l4xx_hal_rcc.o(i.HAL_RCC_GetPCLK2Freq)
    i.HAL_RCC_GetSysClockFreq                0x08000fd8   Section        0  stm32l4xx_hal_rcc.o(i.HAL_RCC_GetSysClockFreq)
    i.HAL_RCC_OscConfig                      0x080010c4   Section        0  stm32l4xx_hal_rcc.o(i.HAL_RCC_OscConfig)
    i.HAL_RNG_Init                           0x08001814   Section        0  stm32l4xx_hal_rng.o(i.HAL_RNG_Init)
    i.HAL_RNG_MspInit                        0x08001890   Section        0  stm32l4xx_hal_msp.o(i.HAL_RNG_MspInit)
    i.HAL_SPI_Init                           0x08001900   Section        0  stm32l4xx_hal_spi.o(i.HAL_SPI_Init)
    i.HAL_SPI_MspInit                        0x080019f0   Section        0  stm32l4xx_hal_msp.o(i.HAL_SPI_MspInit)
    i.HAL_SYSTICK_Config                     0x08001a68   Section        0  stm32l4xx_hal_cortex.o(i.HAL_SYSTICK_Config)
    i.HAL_UART_Init                          0x08001a9c   Section        0  stm32l4xx_hal_uart.o(i.HAL_UART_Init)
    i.HAL_UART_MspInit                       0x08001b10   Section        0  stm32l4xx_hal_msp.o(i.HAL_UART_MspInit)
    i.HardFault_Handler                      0x08001cd0   Section        0  stm32l4xx_it.o(i.HardFault_Handler)
    i.MX_GPIO_Init                           0x08001cd4   Section        0  main.o(i.MX_GPIO_Init)
    MX_GPIO_Init                             0x08001cd5   Thumb Code   154  main.o(i.MX_GPIO_Init)
    i.MX_RNG_Init                            0x08001d78   Section        0  main.o(i.MX_RNG_Init)
    MX_RNG_Init                              0x08001d79   Thumb Code    22  main.o(i.MX_RNG_Init)
    i.MX_SPI1_Init                           0x08001d98   Section        0  main.o(i.MX_SPI1_Init)
    MX_SPI1_Init                             0x08001d99   Thumb Code    72  main.o(i.MX_SPI1_Init)
    i.MX_USART1_UART_Init                    0x08001de8   Section        0  main.o(i.MX_USART1_UART_Init)
    MX_USART1_UART_Init                      0x08001de9   Thumb Code    56  main.o(i.MX_USART1_UART_Init)
    i.MX_USART2_UART_Init                    0x08001e28   Section        0  main.o(i.MX_USART2_UART_Init)
    MX_USART2_UART_Init                      0x08001e29   Thumb Code    56  main.o(i.MX_USART2_UART_Init)
    i.MX_USART3_UART_Init                    0x08001e68   Section        0  main.o(i.MX_USART3_UART_Init)
    MX_USART3_UART_Init                      0x08001e69   Thumb Code    56  main.o(i.MX_USART3_UART_Init)
    i.MemManage_Handler                      0x08001ea8   Section        0  stm32l4xx_it.o(i.MemManage_Handler)
    i.NMI_Handler                            0x08001eac   Section        0  stm32l4xx_it.o(i.NMI_Handler)
    i.RCCEx_PLLSAI1_Config                   0x08001eb0   Section        0  stm32l4xx_hal_rcc_ex.o(i.RCCEx_PLLSAI1_Config)
    RCCEx_PLLSAI1_Config                     0x08001eb1   Thumb Code   376  stm32l4xx_hal_rcc_ex.o(i.RCCEx_PLLSAI1_Config)
    i.RCC_SetFlashLatencyFromMSIRange        0x08002038   Section        0  stm32l4xx_hal_rcc.o(i.RCC_SetFlashLatencyFromMSIRange)
    RCC_SetFlashLatencyFromMSIRange          0x08002039   Thumb Code   148  stm32l4xx_hal_rcc.o(i.RCC_SetFlashLatencyFromMSIRange)
    i.StartDefaultTask                       0x080020d4   Section        0  main.o(i.StartDefaultTask)
    i.SysTick_Handler                        0x080020de   Section        0  stm32l4xx_it.o(i.SysTick_Handler)
    i.SystemClock_Config                     0x080020f2   Section        0  main.o(i.SystemClock_Config)
    i.SystemInit                             0x08002164   Section        0  system_stm32l4xx.o(i.SystemInit)
    i.UART_AdvFeatureConfig                  0x08002178   Section        0  stm32l4xx_hal_uart.o(i.UART_AdvFeatureConfig)
    i.UART_CheckIdleState                    0x08002270   Section        0  stm32l4xx_hal_uart.o(i.UART_CheckIdleState)
    i.UART_EndRxTransfer                     0x08002356   Section        0  stm32l4xx_hal_uart.o(i.UART_EndRxTransfer)
    UART_EndRxTransfer                       0x08002357   Thumb Code   102  stm32l4xx_hal_uart.o(i.UART_EndRxTransfer)
    i.UART_SetConfig                         0x080023bc   Section        0  stm32l4xx_hal_uart.o(i.UART_SetConfig)
    i.UART_WaitOnFlagUntilTimeout            0x080026b2   Section        0  stm32l4xx_hal_uart.o(i.UART_WaitOnFlagUntilTimeout)
    i.UsageFault_Handler                     0x0800275e   Section        0  stm32l4xx_it.o(i.UsageFault_Handler)
    i.__NVIC_GetPriorityGrouping             0x08002764   Section        0  stm32l4xx_hal_cortex.o(i.__NVIC_GetPriorityGrouping)
    __NVIC_GetPriorityGrouping               0x08002765   Thumb Code    10  stm32l4xx_hal_cortex.o(i.__NVIC_GetPriorityGrouping)
    i.__NVIC_SetPriority                     0x08002774   Section        0  stm32l4xx_hal_cortex.o(i.__NVIC_SetPriority)
    __NVIC_SetPriority                       0x08002775   Thumb Code    32  stm32l4xx_hal_cortex.o(i.__NVIC_SetPriority)
    i.__get_IPSR                             0x0800279c   Section        0  cmsis_os2.o(i.__get_IPSR)
    __get_IPSR                               0x0800279d   Thumb Code     6  cmsis_os2.o(i.__get_IPSR)
    i.main                                   0x080027a4   Section        0  main.o(i.main)
    i.osDelay                                0x080027ec   Section        0  cmsis_os2.o(i.osDelay)
    i.osKernelInitialize                     0x0800280c   Section        0  cmsis_os2.o(i.osKernelInitialize)
    i.osKernelStart                          0x08002838   Section        0  cmsis_os2.o(i.osKernelStart)
    i.osThreadNew                            0x08002898   Section        0  cmsis_os2.o(i.osThreadNew)
    i.prvAddCurrentTaskToDelayedList         0x08002950   Section        0  tasks.o(i.prvAddCurrentTaskToDelayedList)
    prvAddCurrentTaskToDelayedList           0x08002951   Thumb Code   100  tasks.o(i.prvAddCurrentTaskToDelayedList)
    i.prvAddNewTaskToReadyList               0x080029cc   Section        0  tasks.o(i.prvAddNewTaskToReadyList)
    prvAddNewTaskToReadyList                 0x080029cd   Thumb Code   154  tasks.o(i.prvAddNewTaskToReadyList)
    i.prvCheckForValidListAndQueue           0x08002a84   Section        0  timers.o(i.prvCheckForValidListAndQueue)
    prvCheckForValidListAndQueue             0x08002a85   Thumb Code    78  timers.o(i.prvCheckForValidListAndQueue)
    i.prvCheckTasksWaitingTermination        0x08002af8   Section        0  tasks.o(i.prvCheckTasksWaitingTermination)
    prvCheckTasksWaitingTermination          0x08002af9   Thumb Code    60  tasks.o(i.prvCheckTasksWaitingTermination)
    i.prvCopyDataFromQueue                   0x08002b40   Section        0  queue.o(i.prvCopyDataFromQueue)
    prvCopyDataFromQueue                     0x08002b41   Thumb Code    42  queue.o(i.prvCopyDataFromQueue)
    i.prvCopyDataToQueue                     0x08002b6a   Section        0  queue.o(i.prvCopyDataToQueue)
    prvCopyDataToQueue                       0x08002b6b   Thumb Code   126  queue.o(i.prvCopyDataToQueue)
    i.prvDeleteTCB                           0x08002be8   Section        0  tasks.o(i.prvDeleteTCB)
    prvDeleteTCB                             0x08002be9   Thumb Code    80  tasks.o(i.prvDeleteTCB)
    i.prvGetNextExpireTime                   0x08002c38   Section        0  timers.o(i.prvGetNextExpireTime)
    prvGetNextExpireTime                     0x08002c39   Thumb Code    36  timers.o(i.prvGetNextExpireTime)
    i.prvHeapInit                            0x08002c60   Section        0  heap_4.o(i.prvHeapInit)
    prvHeapInit                              0x08002c61   Thumb Code    98  heap_4.o(i.prvHeapInit)
    i.prvIdleTask                            0x08002cdc   Section        0  tasks.o(i.prvIdleTask)
    prvIdleTask                              0x08002cdd   Thumb Code    32  tasks.o(i.prvIdleTask)
    i.prvInitialiseNewQueue                  0x08002d04   Section        0  queue.o(i.prvInitialiseNewQueue)
    prvInitialiseNewQueue                    0x08002d05   Thumb Code    42  queue.o(i.prvInitialiseNewQueue)
    i.prvInitialiseNewTask                   0x08002d2e   Section        0  tasks.o(i.prvInitialiseNewTask)
    prvInitialiseNewTask                     0x08002d2f   Thumb Code   190  tasks.o(i.prvInitialiseNewTask)
    i.prvInitialiseTaskLists                 0x08002df4   Section        0  tasks.o(i.prvInitialiseTaskLists)
    prvInitialiseTaskLists                   0x08002df5   Thumb Code    70  tasks.o(i.prvInitialiseTaskLists)
    i.prvInsertBlockIntoFreeList             0x08002e5c   Section        0  heap_4.o(i.prvInsertBlockIntoFreeList)
    prvInsertBlockIntoFreeList               0x08002e5d   Thumb Code    96  heap_4.o(i.prvInsertBlockIntoFreeList)
    i.prvInsertTimerInActiveList             0x08002ec4   Section        0  timers.o(i.prvInsertTimerInActiveList)
    prvInsertTimerInActiveList               0x08002ec5   Thumb Code    80  timers.o(i.prvInsertTimerInActiveList)
    i.prvIsQueueEmpty                        0x08002f1c   Section        0  queue.o(i.prvIsQueueEmpty)
    prvIsQueueEmpty                          0x08002f1d   Thumb Code    26  queue.o(i.prvIsQueueEmpty)
    i.prvIsQueueFull                         0x08002f36   Section        0  queue.o(i.prvIsQueueFull)
    prvIsQueueFull                           0x08002f37   Thumb Code    30  queue.o(i.prvIsQueueFull)
    i.prvProcessExpiredTimer                 0x08002f54   Section        0  timers.o(i.prvProcessExpiredTimer)
    prvProcessExpiredTimer                   0x08002f55   Thumb Code   110  timers.o(i.prvProcessExpiredTimer)
    i.prvProcessReceivedCommands             0x08002fc8   Section        0  timers.o(i.prvProcessReceivedCommands)
    prvProcessReceivedCommands               0x08002fc9   Thumb Code   350  timers.o(i.prvProcessReceivedCommands)
    i.prvProcessTimerOrBlockTask             0x0800312c   Section        0  timers.o(i.prvProcessTimerOrBlockTask)
    prvProcessTimerOrBlockTask               0x0800312d   Thumb Code   102  timers.o(i.prvProcessTimerOrBlockTask)
    i.prvResetNextTaskUnblockTime            0x080031a0   Section        0  tasks.o(i.prvResetNextTaskUnblockTime)
    prvResetNextTaskUnblockTime              0x080031a1   Thumb Code    42  tasks.o(i.prvResetNextTaskUnblockTime)
    i.prvSampleTimeNow                       0x080031d4   Section        0  timers.o(i.prvSampleTimeNow)
    prvSampleTimeNow                         0x080031d5   Thumb Code    40  timers.o(i.prvSampleTimeNow)
    i.prvSwitchTimerLists                    0x08003200   Section        0  timers.o(i.prvSwitchTimerLists)
    prvSwitchTimerLists                      0x08003201   Thumb Code   154  timers.o(i.prvSwitchTimerLists)
    i.prvTaskExitError                       0x080032a4   Section        0  port.o(i.prvTaskExitError)
    prvTaskExitError                         0x080032a5   Thumb Code    60  port.o(i.prvTaskExitError)
    i.prvTimerTask                           0x080032e4   Section        0  timers.o(i.prvTimerTask)
    prvTimerTask                             0x080032e5   Thumb Code    26  timers.o(i.prvTimerTask)
    i.prvUnlockQueue                         0x080032fe   Section        0  queue.o(i.prvUnlockQueue)
    prvUnlockQueue                           0x080032ff   Thumb Code   126  queue.o(i.prvUnlockQueue)
    i.pvPortMalloc                           0x0800337c   Section        0  heap_4.o(i.pvPortMalloc)
    i.pxPortInitialiseStack                  0x080034c8   Section        0  port.o(i.pxPortInitialiseStack)
    i.uxListRemove                           0x080034f4   Section        0  list.o(i.uxListRemove)
    i.vApplicationGetIdleTaskMemory          0x0800351c   Section        0  cmsis_os2.o(i.vApplicationGetIdleTaskMemory)
    i.vApplicationGetTimerTaskMemory         0x08003534   Section        0  cmsis_os2.o(i.vApplicationGetTimerTaskMemory)
    i.vListInitialise                        0x0800354c   Section        0  list.o(i.vListInitialise)
    i.vListInitialiseItem                    0x08003566   Section        0  list.o(i.vListInitialiseItem)
    i.vListInsert                            0x0800356c   Section        0  list.o(i.vListInsert)
    i.vListInsertEnd                         0x080035a0   Section        0  list.o(i.vListInsertEnd)
    i.vPortEnterCritical                     0x080035b8   Section        0  port.o(i.vPortEnterCritical)
    i.vPortExitCritical                      0x0800360c   Section        0  port.o(i.vPortExitCritical)
    i.vPortFree                              0x08003648   Section        0  heap_4.o(i.vPortFree)
    i.vPortSetupTimerInterrupt               0x080036ec   Section        0  port.o(i.vPortSetupTimerInterrupt)
    i.vPortValidateInterruptPriority         0x08003714   Section        0  port.o(i.vPortValidateInterruptPriority)
    i.vQueueAddToRegistry                    0x0800378c   Section        0  queue.o(i.vQueueAddToRegistry)
    i.vQueueWaitForMessageRestricted         0x080037b8   Section        0  queue.o(i.vQueueWaitForMessageRestricted)
    i.vTaskDelay                             0x08003804   Section        0  tasks.o(i.vTaskDelay)
    i.vTaskInternalSetTimeOutState           0x08003860   Section        0  tasks.o(i.vTaskInternalSetTimeOutState)
    i.vTaskMissedYield                       0x08003878   Section        0  tasks.o(i.vTaskMissedYield)
    i.vTaskPlaceOnEventList                  0x08003884   Section        0  tasks.o(i.vTaskPlaceOnEventList)
    i.vTaskPlaceOnEventListRestricted        0x080038bc   Section        0  tasks.o(i.vTaskPlaceOnEventListRestricted)
    i.vTaskStartScheduler                    0x080038fc   Section        0  tasks.o(i.vTaskStartScheduler)
    i.vTaskSuspendAll                        0x080039b4   Section        0  tasks.o(i.vTaskSuspendAll)
    i.vTaskSwitchContext                     0x080039c4   Section        0  tasks.o(i.vTaskSwitchContext)
    i.xPortStartScheduler                    0x08003a54   Section        0  port.o(i.xPortStartScheduler)
    i.xPortSysTickHandler                    0x08003bbc   Section        0  port.o(i.xPortSysTickHandler)
    i.xQueueGenericCreateStatic              0x08003bf0   Section        0  queue.o(i.xQueueGenericCreateStatic)
    i.xQueueGenericReset                     0x08003cd0   Section        0  queue.o(i.xQueueGenericReset)
    i.xQueueGenericSend                      0x08003d68   Section        0  queue.o(i.xQueueGenericSend)
    i.xQueueGenericSendFromISR               0x08003f10   Section        0  queue.o(i.xQueueGenericSendFromISR)
    i.xQueueReceive                          0x08004014   Section        0  queue.o(i.xQueueReceive)
    i.xTaskCheckForTimeOut                   0x0800417c   Section        0  tasks.o(i.xTaskCheckForTimeOut)
    i.xTaskCreate                            0x08004208   Section        0  tasks.o(i.xTaskCreate)
    i.xTaskCreateStatic                      0x08004272   Section        0  tasks.o(i.xTaskCreateStatic)
    i.xTaskGetSchedulerState                 0x08004334   Section        0  tasks.o(i.xTaskGetSchedulerState)
    i.xTaskGetTickCount                      0x08004354   Section        0  tasks.o(i.xTaskGetTickCount)
    i.xTaskIncrementTick                     0x08004360   Section        0  tasks.o(i.xTaskIncrementTick)
    i.xTaskPriorityDisinherit                0x080044a4   Section        0  tasks.o(i.xTaskPriorityDisinherit)
    i.xTaskRemoveFromEventList               0x08004548   Section        0  tasks.o(i.xTaskRemoveFromEventList)
    i.xTaskResumeAll                         0x080045e0   Section        0  tasks.o(i.xTaskResumeAll)
    i.xTimerCreateTimerTask                  0x080046e4   Section        0  timers.o(i.xTimerCreateTimerTask)
    i.xTimerGenericCommand                   0x0800475c   Section        0  timers.o(i.xTimerGenericCommand)
    x$fpl$fpinit                             0x080047e0   Section       10  fpinit.o(x$fpl$fpinit)
    $v0                                      0x080047e0   Number         0  fpinit.o(x$fpl$fpinit)
    .constdata                               0x080047ec   Section       36  main.o(.constdata)
    .constdata                               0x08004810   Section       72  system_stm32l4xx.o(.constdata)
    .conststring                             0x08004858   Section       12  main.o(.conststring)
    .data                                    0x20000000   Section        8  main.o(.data)
    cfgbuf                                   0x20000004   Data           4  main.o(.data)
    .data                                    0x20000008   Section        9  stm32l4xx_hal.o(.data)
    .data                                    0x20000014   Section        4  system_stm32l4xx.o(.data)
    .data                                    0x20000018   Section       60  tasks.o(.data)
    pxDelayedTaskList                        0x2000001c   Data           4  tasks.o(.data)
    pxOverflowDelayedTaskList                0x20000020   Data           4  tasks.o(.data)
    uxDeletedTasksWaitingCleanUp             0x20000024   Data           4  tasks.o(.data)
    uxCurrentNumberOfTasks                   0x20000028   Data           4  tasks.o(.data)
    xTickCount                               0x2000002c   Data           4  tasks.o(.data)
    uxTopReadyPriority                       0x20000030   Data           4  tasks.o(.data)
    xSchedulerRunning                        0x20000034   Data           4  tasks.o(.data)
    xPendedTicks                             0x20000038   Data           4  tasks.o(.data)
    xYieldPending                            0x2000003c   Data           4  tasks.o(.data)
    xNumOfOverflows                          0x20000040   Data           4  tasks.o(.data)
    uxTaskNumber                             0x20000044   Data           4  tasks.o(.data)
    xNextTaskUnblockTime                     0x20000048   Data           4  tasks.o(.data)
    xIdleTaskHandle                          0x2000004c   Data           4  tasks.o(.data)
    uxSchedulerSuspended                     0x20000050   Data           4  tasks.o(.data)
    .data                                    0x20000054   Section       20  timers.o(.data)
    pxCurrentTimerList                       0x20000054   Data           4  timers.o(.data)
    pxOverflowTimerList                      0x20000058   Data           4  timers.o(.data)
    xTimerQueue                              0x2000005c   Data           4  timers.o(.data)
    xTimerTaskHandle                         0x20000060   Data           4  timers.o(.data)
    xLastTime                                0x20000064   Data           4  timers.o(.data)
    .data                                    0x20000068   Section        4  cmsis_os2.o(.data)
    KernelState                              0x20000068   Data           4  cmsis_os2.o(.data)
    .data                                    0x2000006c   Section       32  heap_4.o(.data)
    xStart                                   0x2000006c   Data           8  heap_4.o(.data)
    pxEnd                                    0x20000074   Data           4  heap_4.o(.data)
    xFreeBytesRemaining                      0x20000078   Data           4  heap_4.o(.data)
    xMinimumEverFreeBytesRemaining           0x2000007c   Data           4  heap_4.o(.data)
    xNumberOfSuccessfulAllocations           0x20000080   Data           4  heap_4.o(.data)
    xNumberOfSuccessfulFrees                 0x20000084   Data           4  heap_4.o(.data)
    xBlockAllocatedBit                       0x20000088   Data           4  heap_4.o(.data)
    .data                                    0x2000008c   Section       12  port.o(.data)
    uxCriticalNesting                        0x2000008c   Data           4  port.o(.data)
    ucMaxSysCallPriority                     0x20000090   Data           1  port.o(.data)
    ulMaxPRIGROUPValue                       0x20000094   Data           4  port.o(.data)
    .bss                                     0x20000098   Section      524  main.o(.bss)
    .bss                                     0x200002a4   Section       64  queue.o(.bss)
    .bss                                     0x200002e4   Section     1220  tasks.o(.bss)
    pxReadyTasksLists                        0x200002e4   Data        1120  tasks.o(.bss)
    xDelayedTaskList1                        0x20000744   Data          20  tasks.o(.bss)
    xDelayedTaskList2                        0x20000758   Data          20  tasks.o(.bss)
    xPendingReadyList                        0x2000076c   Data          20  tasks.o(.bss)
    xTasksWaitingTermination                 0x20000780   Data          20  tasks.o(.bss)
    xSuspendedTaskList                       0x20000794   Data          20  tasks.o(.bss)
    .bss                                     0x200007a8   Section      280  timers.o(.bss)
    xActiveTimerList1                        0x200007a8   Data          20  timers.o(.bss)
    xActiveTimerList2                        0x200007bc   Data          20  timers.o(.bss)
    xStaticTimerQueue                        0x200007d0   Data          80  timers.o(.bss)
    ucStaticTimerQueueStorage                0x20000820   Data         160  timers.o(.bss)
    .bss                                     0x200008c0   Section     1720  cmsis_os2.o(.bss)
    Idle_TCB                                 0x200008c0   Data          92  cmsis_os2.o(.bss)
    Idle_Stack                               0x2000091c   Data         512  cmsis_os2.o(.bss)
    Timer_TCB                                0x20000b1c   Data          92  cmsis_os2.o(.bss)
    Timer_Stack                              0x20000b78   Data        1024  cmsis_os2.o(.bss)
    .bss                                     0x20000f78   Section     3000  heap_4.o(.bss)
    ucHeap                                   0x20000f78   Data        3000  heap_4.o(.bss)
    .bss                                     0x20001b30   Section       96  libspace.o(.bss)
    HEAP                                     0x20001b90   Section      512  startup_stm32l431xx.o(HEAP)
    Heap_Mem                                 0x20001b90   Data         512  startup_stm32l431xx.o(HEAP)
    STACK                                    0x20001d90   Section     1024  startup_stm32l431xx.o(STACK)
    Stack_Mem                                0x20001d90   Data        1024  startup_stm32l431xx.o(STACK)
    __initial_sp                             0x20002190   Data           0  startup_stm32l431xx.o(STACK)

    Global Symbols

    Symbol Name                              Value     Ov Type        Size  Object(Section)

    BuildAttributes$$THM_ISAv4$E$P$D$K$B$S$7EM$VFPi3$EXTD16$VFPS$VFMA$PE$A:L22UL41UL21$X:L11$S22US41US21$IEEE1$IW$USESV6$~STKCKD$USESV7$~SHL$OTIME$ROPI$IEEEX$EBA8$UX$STANDARDLIB$REQ8$PRES8$EABIv2 0x00000000   Number         0  anon$$obj.o ABSOLUTE
    __ARM_use_no_argv                        0x00000000   Number         0  main.o ABSOLUTE
    _printf_flags                            0x00000000   Number         0  printf_stubs.o ABSOLUTE
    _printf_return_value                     0x00000000   Number         0  printf_stubs.o ABSOLUTE
    _printf_sizespec                         0x00000000   Number         0  printf_stubs.o ABSOLUTE
    _printf_widthprec                        0x00000000   Number         0  printf_stubs.o ABSOLUTE
    __ARM_exceptions_init                     - Undefined Weak Reference
    __alloca_initialize                       - Undefined Weak Reference
    __arm_fini_                               - Undefined Weak Reference
    __arm_preinit_                            - Undefined Weak Reference
    __cpp_initialize__aeabi_                  - Undefined Weak Reference
    __cxa_finalize                            - Undefined Weak Reference
    __sigvec_lookup                           - Undefined Weak Reference
    __user_heap_extent                        - Undefined Weak Reference
    _atexit_init                              - Undefined Weak Reference
    _call_atexit_fns                          - Undefined Weak Reference
    _clock_init                               - Undefined Weak Reference
    _fp_trap_init                             - Undefined Weak Reference
    _fp_trap_shutdown                         - Undefined Weak Reference
    _get_lc_collate                           - Undefined Weak Reference
    _get_lc_monetary                          - Undefined Weak Reference
    _get_lc_time                              - Undefined Weak Reference
    _getenv_init                              - Undefined Weak Reference
    _handle_redirection                       - Undefined Weak Reference
    _mutex_acquire                            - Undefined Weak Reference
    _mutex_free                               - Undefined Weak Reference
    _mutex_release                            - Undefined Weak Reference
    _printf_mbtowc                            - Undefined Weak Reference
    _printf_wc                                - Undefined Weak Reference
    _rand_init                                - Undefined Weak Reference
    _signal_finish                            - Undefined Weak Reference
    _signal_init                              - Undefined Weak Reference
    __Vectors_Size                           0x0000018c   Number         0  startup_stm32l431xx.o ABSOLUTE
    __Vectors                                0x08000000   Data           4  startup_stm32l431xx.o(RESET)
    __Vectors_End                            0x0800018c   Data           0  startup_stm32l431xx.o(RESET)
    __main                                   0x0800018d   Thumb Code     8  __main.o(!!!main)
    __scatterload                            0x08000195   Thumb Code     0  __scatter.o(!!!scatter)
    __scatterload_rt2                        0x08000195   Thumb Code    44  __scatter.o(!!!scatter)
    __scatterload_rt2_thumb_only             0x08000195   Thumb Code     0  __scatter.o(!!!scatter)
    __scatterload_null                       0x080001a3   Thumb Code     0  __scatter.o(!!!scatter)
    __scatterload_copy                       0x080001c9   Thumb Code    26  __scatter_copy.o(!!handler_copy)
    __scatterload_zeroinit                   0x080001e5   Thumb Code    28  __scatter_zi.o(!!handler_zi)
    __rt_lib_init                            0x08000201   Thumb Code     0  libinit.o(.ARM.Collect$$libinit$$00000000)
    __rt_lib_init_fp_1                       0x08000203   Thumb Code     0  libinit2.o(.ARM.Collect$$libinit$$00000001)
    __rt_lib_init_alloca_1                   0x08000207   Thumb Code     0  libinit2.o(.ARM.Collect$$libinit$$0000002E)
    __rt_lib_init_argv_1                     0x08000207   Thumb Code     0  libinit2.o(.ARM.Collect$$libinit$$0000002C)
    __rt_lib_init_atexit_1                   0x08000207   Thumb Code     0  libinit2.o(.ARM.Collect$$libinit$$0000001B)
    __rt_lib_init_clock_1                    0x08000207   Thumb Code     0  libinit2.o(.ARM.Collect$$libinit$$00000021)
    __rt_lib_init_cpp_1                      0x08000207   Thumb Code     0  libinit2.o(.ARM.Collect$$libinit$$00000032)
    __rt_lib_init_exceptions_1               0x08000207   Thumb Code     0  libinit2.o(.ARM.Collect$$libinit$$00000030)
    __rt_lib_init_fp_trap_1                  0x08000207   Thumb Code     0  libinit2.o(.ARM.Collect$$libinit$$0000001F)
    __rt_lib_init_getenv_1                   0x08000207   Thumb Code     0  libinit2.o(.ARM.Collect$$libinit$$00000023)
    __rt_lib_init_heap_1                     0x08000207   Thumb Code     0  libinit2.o(.ARM.Collect$$libinit$$0000000A)
    __rt_lib_init_lc_collate_1               0x08000207   Thumb Code     0  libinit2.o(.ARM.Collect$$libinit$$00000011)
    __rt_lib_init_lc_ctype_1                 0x08000207   Thumb Code     0  libinit2.o(.ARM.Collect$$libinit$$00000013)
    __rt_lib_init_lc_monetary_1              0x08000207   Thumb Code     0  libinit2.o(.ARM.Collect$$libinit$$00000015)
    __rt_lib_init_lc_numeric_1               0x08000207   Thumb Code     0  libinit2.o(.ARM.Collect$$libinit$$00000017)
    __rt_lib_init_lc_time_1                  0x08000207   Thumb Code     0  libinit2.o(.ARM.Collect$$libinit$$00000019)
    __rt_lib_init_preinit_1                  0x08000207   Thumb Code     0  libinit2.o(.ARM.Collect$$libinit$$00000004)
    __rt_lib_init_rand_1                     0x08000207   Thumb Code     0  libinit2.o(.ARM.Collect$$libinit$$0000000E)
    __rt_lib_init_return                     0x08000207   Thumb Code     0  libinit2.o(.ARM.Collect$$libinit$$00000033)
    __rt_lib_init_signal_1                   0x08000207   Thumb Code     0  libinit2.o(.ARM.Collect$$libinit$$0000001D)
    __rt_lib_init_stdio_1                    0x08000207   Thumb Code     0  libinit2.o(.ARM.Collect$$libinit$$00000025)
    __rt_lib_init_user_alloc_1               0x08000207   Thumb Code     0  libinit2.o(.ARM.Collect$$libinit$$0000000C)
    __rt_lib_shutdown                        0x08000209   Thumb Code     0  libshutdown.o(.ARM.Collect$$libshutdown$$00000000)
    __rt_lib_shutdown_cpp_1                  0x0800020b   Thumb Code     0  libshutdown2.o(.ARM.Collect$$libshutdown$$00000004)
    __rt_lib_shutdown_fini_1                 0x0800020b   Thumb Code     0  libshutdown2.o(.ARM.Collect$$libshutdown$$00000002)
    __rt_lib_shutdown_fp_trap_1              0x0800020b   Thumb Code     0  libshutdown2.o(.ARM.Collect$$libshutdown$$00000009)
    __rt_lib_shutdown_heap_1                 0x0800020b   Thumb Code     0  libshutdown2.o(.ARM.Collect$$libshutdown$$00000011)
    __rt_lib_shutdown_return                 0x0800020b   Thumb Code     0  libshutdown2.o(.ARM.Collect$$libshutdown$$00000012)
    __rt_lib_shutdown_signal_1               0x0800020b   Thumb Code     0  libshutdown2.o(.ARM.Collect$$libshutdown$$0000000C)
    __rt_lib_shutdown_stdio_1                0x0800020b   Thumb Code     0  libshutdown2.o(.ARM.Collect$$libshutdown$$00000006)
    __rt_lib_shutdown_user_alloc_1           0x0800020b   Thumb Code     0  libshutdown2.o(.ARM.Collect$$libshutdown$$0000000E)
    __rt_entry                               0x0800020d   Thumb Code     0  __rtentry.o(.ARM.Collect$$rtentry$$00000000)
    __rt_entry_presh_1                       0x0800020d   Thumb Code     0  __rtentry2.o(.ARM.Collect$$rtentry$$00000002)
    __rt_entry_sh                            0x0800020d   Thumb Code     0  __rtentry4.o(.ARM.Collect$$rtentry$$00000004)
    __rt_entry_li                            0x08000213   Thumb Code     0  __rtentry2.o(.ARM.Collect$$rtentry$$0000000A)
    __rt_entry_postsh_1                      0x08000213   Thumb Code     0  __rtentry2.o(.ARM.Collect$$rtentry$$00000009)
    __rt_entry_main                          0x08000217   Thumb Code     0  __rtentry2.o(.ARM.Collect$$rtentry$$0000000D)
    __rt_entry_postli_1                      0x08000217   Thumb Code     0  __rtentry2.o(.ARM.Collect$$rtentry$$0000000C)
    __rt_exit                                0x0800021f   Thumb Code     0  rtexit.o(.ARM.Collect$$rtexit$$00000000)
    __rt_exit_ls                             0x08000221   Thumb Code     0  rtexit2.o(.ARM.Collect$$rtexit$$00000003)
    __rt_exit_prels_1                        0x08000221   Thumb Code     0  rtexit2.o(.ARM.Collect$$rtexit$$00000002)
    __rt_exit_exit                           0x08000225   Thumb Code     0  rtexit2.o(.ARM.Collect$$rtexit$$00000004)
    SVC_Handler                              0x0800022d   Thumb Code    28  port.o(.emb_text)
    __asm___6_port_c_39a90d8d__prvStartFirstTask 0x0800024d   Thumb Code    36  port.o(.emb_text)
    __asm___6_port_c_39a90d8d__prvEnableVFP  0x08000275   Thumb Code    16  port.o(.emb_text)
    PendSV_Handler                           0x08000289   Thumb Code    88  port.o(.emb_text)
    vPortGetIPSR                             0x080002e5   Thumb Code     6  port.o(.emb_text)
    Reset_Handler                            0x0800030d   Thumb Code     8  startup_stm32l431xx.o(.text)
    ADC1_IRQHandler                          0x08000327   Thumb Code     0  startup_stm32l431xx.o(.text)
    CAN1_RX0_IRQHandler                      0x08000327   Thumb Code     0  startup_stm32l431xx.o(.text)
    CAN1_RX1_IRQHandler                      0x08000327   Thumb Code     0  startup_stm32l431xx.o(.text)
    CAN1_SCE_IRQHandler                      0x08000327   Thumb Code     0  startup_stm32l431xx.o(.text)
    CAN1_TX_IRQHandler                       0x08000327   Thumb Code     0  startup_stm32l431xx.o(.text)
    COMP_IRQHandler                          0x08000327   Thumb Code     0  startup_stm32l431xx.o(.text)
    CRS_IRQHandler                           0x08000327   Thumb Code     0  startup_stm32l431xx.o(.text)
    DMA1_Channel1_IRQHandler                 0x08000327   Thumb Code     0  startup_stm32l431xx.o(.text)
    DMA1_Channel2_IRQHandler                 0x08000327   Thumb Code     0  startup_stm32l431xx.o(.text)
    DMA1_Channel3_IRQHandler                 0x08000327   Thumb Code     0  startup_stm32l431xx.o(.text)
    DMA1_Channel4_IRQHandler                 0x08000327   Thumb Code     0  startup_stm32l431xx.o(.text)
    DMA1_Channel5_IRQHandler                 0x08000327   Thumb Code     0  startup_stm32l431xx.o(.text)
    DMA1_Channel6_IRQHandler                 0x08000327   Thumb Code     0  startup_stm32l431xx.o(.text)
    DMA1_Channel7_IRQHandler                 0x08000327   Thumb Code     0  startup_stm32l431xx.o(.text)
    DMA2_Channel1_IRQHandler                 0x08000327   Thumb Code     0  startup_stm32l431xx.o(.text)
    DMA2_Channel2_IRQHandler                 0x08000327   Thumb Code     0  startup_stm32l431xx.o(.text)
    DMA2_Channel3_IRQHandler                 0x08000327   Thumb Code     0  startup_stm32l431xx.o(.text)
    DMA2_Channel4_IRQHandler                 0x08000327   Thumb Code     0  startup_stm32l431xx.o(.text)
    DMA2_Channel5_IRQHandler                 0x08000327   Thumb Code     0  startup_stm32l431xx.o(.text)
    DMA2_Channel6_IRQHandler                 0x08000327   Thumb Code     0  startup_stm32l431xx.o(.text)
    DMA2_Channel7_IRQHandler                 0x08000327   Thumb Code     0  startup_stm32l431xx.o(.text)
    EXTI0_IRQHandler                         0x08000327   Thumb Code     0  startup_stm32l431xx.o(.text)
    EXTI15_10_IRQHandler                     0x08000327   Thumb Code     0  startup_stm32l431xx.o(.text)
    EXTI1_IRQHandler                         0x08000327   Thumb Code     0  startup_stm32l431xx.o(.text)
    EXTI2_IRQHandler                         0x08000327   Thumb Code     0  startup_stm32l431xx.o(.text)
    EXTI3_IRQHandler                         0x08000327   Thumb Code     0  startup_stm32l431xx.o(.text)
    EXTI4_IRQHandler                         0x08000327   Thumb Code     0  startup_stm32l431xx.o(.text)
    EXTI9_5_IRQHandler                       0x08000327   Thumb Code     0  startup_stm32l431xx.o(.text)
    FLASH_IRQHandler                         0x08000327   Thumb Code     0  startup_stm32l431xx.o(.text)
    FPU_IRQHandler                           0x08000327   Thumb Code     0  startup_stm32l431xx.o(.text)
    I2C1_ER_IRQHandler                       0x08000327   Thumb Code     0  startup_stm32l431xx.o(.text)
    I2C1_EV_IRQHandler                       0x08000327   Thumb Code     0  startup_stm32l431xx.o(.text)
    I2C2_ER_IRQHandler                       0x08000327   Thumb Code     0  startup_stm32l431xx.o(.text)
    I2C2_EV_IRQHandler                       0x08000327   Thumb Code     0  startup_stm32l431xx.o(.text)
    I2C3_ER_IRQHandler                       0x08000327   Thumb Code     0  startup_stm32l431xx.o(.text)
    I2C3_EV_IRQHandler                       0x08000327   Thumb Code     0  startup_stm32l431xx.o(.text)
    LPTIM1_IRQHandler                        0x08000327   Thumb Code     0  startup_stm32l431xx.o(.text)
    LPTIM2_IRQHandler                        0x08000327   Thumb Code     0  startup_stm32l431xx.o(.text)
    LPUART1_IRQHandler                       0x08000327   Thumb Code     0  startup_stm32l431xx.o(.text)
    PVD_PVM_IRQHandler                       0x08000327   Thumb Code     0  startup_stm32l431xx.o(.text)
    QUADSPI_IRQHandler                       0x08000327   Thumb Code     0  startup_stm32l431xx.o(.text)
    RCC_IRQHandler                           0x08000327   Thumb Code     0  startup_stm32l431xx.o(.text)
    RNG_IRQHandler                           0x08000327   Thumb Code     0  startup_stm32l431xx.o(.text)
    RTC_Alarm_IRQHandler                     0x08000327   Thumb Code     0  startup_stm32l431xx.o(.text)
    RTC_WKUP_IRQHandler                      0x08000327   Thumb Code     0  startup_stm32l431xx.o(.text)
    SAI1_IRQHandler                          0x08000327   Thumb Code     0  startup_stm32l431xx.o(.text)
    SDMMC1_IRQHandler                        0x08000327   Thumb Code     0  startup_stm32l431xx.o(.text)
    SPI1_IRQHandler                          0x08000327   Thumb Code     0  startup_stm32l431xx.o(.text)
    SPI2_IRQHandler                          0x08000327   Thumb Code     0  startup_stm32l431xx.o(.text)
    SPI3_IRQHandler                          0x08000327   Thumb Code     0  startup_stm32l431xx.o(.text)
    SWPMI1_IRQHandler                        0x08000327   Thumb Code     0  startup_stm32l431xx.o(.text)
    TAMP_STAMP_IRQHandler                    0x08000327   Thumb Code     0  startup_stm32l431xx.o(.text)
    TIM1_BRK_TIM15_IRQHandler                0x08000327   Thumb Code     0  startup_stm32l431xx.o(.text)
    TIM1_CC_IRQHandler                       0x08000327   Thumb Code     0  startup_stm32l431xx.o(.text)
    TIM1_TRG_COM_IRQHandler                  0x08000327   Thumb Code     0  startup_stm32l431xx.o(.text)
    TIM1_UP_TIM16_IRQHandler                 0x08000327   Thumb Code     0  startup_stm32l431xx.o(.text)
    TIM2_IRQHandler                          0x08000327   Thumb Code     0  startup_stm32l431xx.o(.text)
    TIM6_DAC_IRQHandler                      0x08000327   Thumb Code     0  startup_stm32l431xx.o(.text)
    TIM7_IRQHandler                          0x08000327   Thumb Code     0  startup_stm32l431xx.o(.text)
    TSC_IRQHandler                           0x08000327   Thumb Code     0  startup_stm32l431xx.o(.text)
    USART1_IRQHandler                        0x08000327   Thumb Code     0  startup_stm32l431xx.o(.text)
    USART2_IRQHandler                        0x08000327   Thumb Code     0  startup_stm32l431xx.o(.text)
    USART3_IRQHandler                        0x08000327   Thumb Code     0  startup_stm32l431xx.o(.text)
    WWDG_IRQHandler                          0x08000327   Thumb Code     0  startup_stm32l431xx.o(.text)
    __user_initial_stackheap                 0x08000329   Thumb Code     0  startup_stm32l431xx.o(.text)
    __aeabi_uldivmod                         0x0800034d   Thumb Code     0  lludivv7m.o(.text)
    _ll_udiv                                 0x0800034d   Thumb Code   238  lludivv7m.o(.text)
    exit                                     0x0800043b   Thumb Code    18  exit.o(.text)
    __aeabi_memcpy                           0x0800044d   Thumb Code     0  rt_memcpy_v6.o(.text)
    __rt_memcpy                              0x0800044d   Thumb Code   138  rt_memcpy_v6.o(.text)
    _memcpy_lastbytes                        0x080004b3   Thumb Code     0  rt_memcpy_v6.o(.text)
    __aeabi_memcpy4                          0x080004d7   Thumb Code     0  rt_memcpy_w.o(.text)
    __aeabi_memcpy8                          0x080004d7   Thumb Code     0  rt_memcpy_w.o(.text)
    __rt_memcpy_w                            0x080004d7   Thumb Code   100  rt_memcpy_w.o(.text)
    _memcpy_lastbytes_aligned                0x0800051f   Thumb Code     0  rt_memcpy_w.o(.text)
    __aeabi_memset                           0x0800053b   Thumb Code    16  aeabi_memset.o(.text)
    __aeabi_memclr4                          0x0800054b   Thumb Code     0  rt_memclr_w.o(.text)
    __aeabi_memclr8                          0x0800054b   Thumb Code     0  rt_memclr_w.o(.text)
    __rt_memclr_w                            0x0800054b   Thumb Code    78  rt_memclr_w.o(.text)
    _memset_w                                0x0800054f   Thumb Code     0  rt_memclr_w.o(.text)
    __use_two_region_memory                  0x08000599   Thumb Code     2  heapauxi.o(.text)
    __rt_heap_escrow                         0x0800059b   Thumb Code     2  heapauxi.o(.text)
    __rt_heap_expand                         0x0800059d   Thumb Code     2  heapauxi.o(.text)
    __aeabi_memclr                           0x0800059f   Thumb Code     0  rt_memclr.o(.text)
    __rt_memclr                              0x0800059f   Thumb Code    68  rt_memclr.o(.text)
    _memset                                  0x080005a3   Thumb Code     0  rt_memclr.o(.text)
    __user_libspace                          0x080005e5   Thumb Code     8  libspace.o(.text)
    __user_perproc_libspace                  0x080005e5   Thumb Code     0  libspace.o(.text)
    __user_perthread_libspace                0x080005e5   Thumb Code     0  libspace.o(.text)
    _sys_exit                                0x080005ed   Thumb Code     8  sys_exit.o(.text)
    __I$use$semihosting                      0x080005f9   Thumb Code     0  use_no_semi.o(.text)
    __use_no_semihosting_swi                 0x080005f9   Thumb Code     2  use_no_semi.o(.text)
    __semihosting_library_function           0x080005fb   Thumb Code     0  indicate_semi.o(.text)
    __user_setup_stackheap                   0x080005fb   Thumb Code    74  sys_stackheap_outer.o(.text)
    BusFault_Handler                         0x08000645   Thumb Code     4  stm32l4xx_it.o(i.BusFault_Handler)
    DebugMon_Handler                         0x08000649   Thumb Code     2  stm32l4xx_it.o(i.DebugMon_Handler)
    Error_Handler                            0x0800064b   Thumb Code     6  main.o(i.Error_Handler)
    HAL_GPIO_Init                            0x08000651   Thumb Code   418  stm32l4xx_hal_gpio.o(i.HAL_GPIO_Init)
    HAL_GPIO_WritePin                        0x08000811   Thumb Code    10  stm32l4xx_hal_gpio.o(i.HAL_GPIO_WritePin)
    HAL_GetTick                              0x0800081d   Thumb Code     6  stm32l4xx_hal.o(i.HAL_GetTick)
    HAL_IncTick                              0x08000829   Thumb Code    16  stm32l4xx_hal.o(i.HAL_IncTick)
    HAL_Init                                 0x08000841   Thumb Code    30  stm32l4xx_hal.o(i.HAL_Init)
    HAL_InitTick                             0x08000861   Thumb Code    74  stm32l4xx_hal.o(i.HAL_InitTick)
    HAL_MspInit                              0x080008b9   Thumb Code    68  stm32l4xx_hal_msp.o(i.HAL_MspInit)
    HAL_NVIC_SetPriority                     0x08000901   Thumb Code   124  stm32l4xx_hal_cortex.o(i.HAL_NVIC_SetPriority)
    HAL_NVIC_SetPriorityGrouping             0x08000985   Thumb Code    32  stm32l4xx_hal_cortex.o(i.HAL_NVIC_SetPriorityGrouping)
    HAL_PWREx_ControlVoltageScaling          0x080009ad   Thumb Code   128  stm32l4xx_hal_pwr_ex.o(i.HAL_PWREx_ControlVoltageScaling)
    HAL_PWREx_GetVoltageRange                0x08000a39   Thumb Code    10  stm32l4xx_hal_pwr_ex.o(i.HAL_PWREx_GetVoltageRange)
    HAL_RCCEx_PeriphCLKConfig                0x08000a49   Thumb Code   894  stm32l4xx_hal_rcc_ex.o(i.HAL_RCCEx_PeriphCLKConfig)
    HAL_RCC_ClockConfig                      0x08000dd1   Thumb Code   414  stm32l4xx_hal_rcc.o(i.HAL_RCC_ClockConfig)
    HAL_RCC_GetHCLKFreq                      0x08000f85   Thumb Code     6  stm32l4xx_hal_rcc.o(i.HAL_RCC_GetHCLKFreq)
    HAL_RCC_GetPCLK1Freq                     0x08000f91   Thumb Code    26  stm32l4xx_hal_rcc.o(i.HAL_RCC_GetPCLK1Freq)
    HAL_RCC_GetPCLK2Freq                     0x08000fb5   Thumb Code    26  stm32l4xx_hal_rcc.o(i.HAL_RCC_GetPCLK2Freq)
    HAL_RCC_GetSysClockFreq                  0x08000fd9   Thumb Code   220  stm32l4xx_hal_rcc.o(i.HAL_RCC_GetSysClockFreq)
    HAL_RCC_OscConfig                        0x080010c5   Thumb Code  1856  stm32l4xx_hal_rcc.o(i.HAL_RCC_OscConfig)
    HAL_RNG_Init                             0x08001815   Thumb Code   122  stm32l4xx_hal_rng.o(i.HAL_RNG_Init)
    HAL_RNG_MspInit                          0x08001891   Thumb Code   102  stm32l4xx_hal_msp.o(i.HAL_RNG_MspInit)
    HAL_SPI_Init                             0x08001901   Thumb Code   240  stm32l4xx_hal_spi.o(i.HAL_SPI_Init)
    HAL_SPI_MspInit                          0x080019f1   Thumb Code   110  stm32l4xx_hal_msp.o(i.HAL_SPI_MspInit)
    HAL_SYSTICK_Config                       0x08001a69   Thumb Code    52  stm32l4xx_hal_cortex.o(i.HAL_SYSTICK_Config)
    HAL_UART_Init                            0x08001a9d   Thumb Code   116  stm32l4xx_hal_uart.o(i.HAL_UART_Init)
    HAL_UART_MspInit                         0x08001b11   Thumb Code   422  stm32l4xx_hal_msp.o(i.HAL_UART_MspInit)
    HardFault_Handler                        0x08001cd1   Thumb Code     4  stm32l4xx_it.o(i.HardFault_Handler)
    MemManage_Handler                        0x08001ea9   Thumb Code     4  stm32l4xx_it.o(i.MemManage_Handler)
    NMI_Handler                              0x08001ead   Thumb Code     4  stm32l4xx_it.o(i.NMI_Handler)
    StartDefaultTask                         0x080020d5   Thumb Code    10  main.o(i.StartDefaultTask)
    SysTick_Handler                          0x080020df   Thumb Code    20  stm32l4xx_it.o(i.SysTick_Handler)
    SystemClock_Config                       0x080020f3   Thumb Code   114  main.o(i.SystemClock_Config)
    SystemInit                               0x08002165   Thumb Code    14  system_stm32l4xx.o(i.SystemInit)
    UART_AdvFeatureConfig                    0x08002179   Thumb Code   248  stm32l4xx_hal_uart.o(i.UART_AdvFeatureConfig)
    UART_CheckIdleState                      0x08002271   Thumb Code   230  stm32l4xx_hal_uart.o(i.UART_CheckIdleState)
    UART_SetConfig                           0x080023bd   Thumb Code   722  stm32l4xx_hal_uart.o(i.UART_SetConfig)
    UART_WaitOnFlagUntilTimeout              0x080026b3   Thumb Code   172  stm32l4xx_hal_uart.o(i.UART_WaitOnFlagUntilTimeout)
    UsageFault_Handler                       0x0800275f   Thumb Code     4  stm32l4xx_it.o(i.UsageFault_Handler)
    main                                     0x080027a5   Thumb Code    58  main.o(i.main)
    osDelay                                  0x080027ed   Thumb Code    30  cmsis_os2.o(i.osDelay)
    osKernelInitialize                       0x0800280d   Thumb Code    38  cmsis_os2.o(i.osKernelInitialize)
    osKernelStart                            0x08002839   Thumb Code    82  cmsis_os2.o(i.osKernelStart)
    osThreadNew                              0x08002899   Thumb Code   184  cmsis_os2.o(i.osThreadNew)
    pvPortMalloc                             0x0800337d   Thumb Code   306  heap_4.o(i.pvPortMalloc)
    pxPortInitialiseStack                    0x080034c9   Thumb Code    38  port.o(i.pxPortInitialiseStack)
    uxListRemove                             0x080034f5   Thumb Code    40  list.o(i.uxListRemove)
    vApplicationGetIdleTaskMemory            0x0800351d   Thumb Code    14  cmsis_os2.o(i.vApplicationGetIdleTaskMemory)
    vApplicationGetTimerTaskMemory           0x08003535   Thumb Code    16  cmsis_os2.o(i.vApplicationGetTimerTaskMemory)
    vListInitialise                          0x0800354d   Thumb Code    26  list.o(i.vListInitialise)
    vListInitialiseItem                      0x08003567   Thumb Code     6  list.o(i.vListInitialiseItem)
    vListInsert                              0x0800356d   Thumb Code    52  list.o(i.vListInsert)
    vListInsertEnd                           0x080035a1   Thumb Code    24  list.o(i.vListInsertEnd)
    vPortEnterCritical                       0x080035b9   Thumb Code    76  port.o(i.vPortEnterCritical)
    vPortExitCritical                        0x0800360d   Thumb Code    56  port.o(i.vPortExitCritical)
    vPortFree                                0x08003649   Thumb Code   150  heap_4.o(i.vPortFree)
    vPortSetupTimerInterrupt                 0x080036ed   Thumb Code    36  port.o(i.vPortSetupTimerInterrupt)
    vPortValidateInterruptPriority           0x08003715   Thumb Code   106  port.o(i.vPortValidateInterruptPriority)
    vQueueAddToRegistry                      0x0800378d   Thumb Code    38  queue.o(i.vQueueAddToRegistry)
    vQueueWaitForMessageRestricted           0x080037b9   Thumb Code    74  queue.o(i.vQueueWaitForMessageRestricted)
    vTaskDelay                               0x08003805   Thumb Code    82  tasks.o(i.vTaskDelay)
    vTaskInternalSetTimeOutState             0x08003861   Thumb Code    14  tasks.o(i.vTaskInternalSetTimeOutState)
    vTaskMissedYield                         0x08003879   Thumb Code     8  tasks.o(i.vTaskMissedYield)
    vTaskPlaceOnEventList                    0x08003885   Thumb Code    52  tasks.o(i.vTaskPlaceOnEventList)
    vTaskPlaceOnEventListRestricted          0x080038bd   Thumb Code    60  tasks.o(i.vTaskPlaceOnEventListRestricted)
    vTaskStartScheduler                      0x080038fd   Thumb Code   156  tasks.o(i.vTaskStartScheduler)
    vTaskSuspendAll                          0x080039b5   Thumb Code    12  tasks.o(i.vTaskSuspendAll)
    vTaskSwitchContext                       0x080039c5   Thumb Code   122  tasks.o(i.vTaskSwitchContext)
    xPortStartScheduler                      0x08003a55   Thumb Code   330  port.o(i.xPortStartScheduler)
    xPortSysTickHandler                      0x08003bbd   Thumb Code    46  port.o(i.xPortSysTickHandler)
    xQueueGenericCreateStatic                0x08003bf1   Thumb Code   224  queue.o(i.xQueueGenericCreateStatic)
    xQueueGenericReset                       0x08003cd1   Thumb Code   146  queue.o(i.xQueueGenericReset)
    xQueueGenericSend                        0x08003d69   Thumb Code   420  queue.o(i.xQueueGenericSend)
    xQueueGenericSendFromISR                 0x08003f11   Thumb Code   252  queue.o(i.xQueueGenericSendFromISR)
    xQueueReceive                            0x08004015   Thumb Code   356  queue.o(i.xQueueReceive)
    xTaskCheckForTimeOut                     0x0800417d   Thumb Code   132  tasks.o(i.xTaskCheckForTimeOut)
    xTaskCreate                              0x08004209   Thumb Code   100  tasks.o(i.xTaskCreate)
    xTaskCreateStatic                        0x08004273   Thumb Code   186  tasks.o(i.xTaskCreateStatic)
    xTaskGetSchedulerState                   0x08004335   Thumb Code    24  tasks.o(i.xTaskGetSchedulerState)
    xTaskGetTickCount                        0x08004355   Thumb Code     6  tasks.o(i.xTaskGetTickCount)
    xTaskIncrementTick                       0x08004361   Thumb Code   280  tasks.o(i.xTaskIncrementTick)
    xTaskPriorityDisinherit                  0x080044a5   Thumb Code   152  tasks.o(i.xTaskPriorityDisinherit)
    xTaskRemoveFromEventList                 0x08004549   Thumb Code   126  tasks.o(i.xTaskRemoveFromEventList)
    xTaskResumeAll                           0x080045e1   Thumb Code   222  tasks.o(i.xTaskResumeAll)
    xTimerCreateTimerTask                    0x080046e5   Thumb Code   100  timers.o(i.xTimerCreateTimerTask)
    xTimerGenericCommand                     0x0800475d   Thumb Code   128  timers.o(i.xTimerGenericCommand)
    _fp_init                                 0x080047e1   Thumb Code    10  fpinit.o(x$fpl$fpinit)
    __fplib_config_fpu_vfp                   0x080047e9   Thumb Code     0  fpinit.o(x$fpl$fpinit)
    __fplib_config_pureend_doubles           0x080047e9   Thumb Code     0  fpinit.o(x$fpl$fpinit)
    defaultTask_attributes                   0x080047ec   Data          36  main.o(.constdata)
    AHBPrescTable                            0x08004810   Data          16  system_stm32l4xx.o(.constdata)
    APBPrescTable                            0x08004820   Data           8  system_stm32l4xx.o(.constdata)
    MSIRangeTable                            0x08004828   Data          48  system_stm32l4xx.o(.constdata)
    Region$$Table$$Base                      0x08004864   Number         0  anon$$obj.o(Region$$Table)
    Region$$Table$$Limit                     0x08004884   Number         0  anon$$obj.o(Region$$Table)
    defaultTaskHandle                        0x20000000   Data           4  main.o(.data)
    uwTick                                   0x20000008   Data           4  stm32l4xx_hal.o(.data)
    uwTickPrio                               0x2000000c   Data           4  stm32l4xx_hal.o(.data)
    uwTickFreq                               0x20000010   Data           1  stm32l4xx_hal.o(.data)
    SystemCoreClock                          0x20000014   Data           4  system_stm32l4xx.o(.data)
    pxCurrentTCB                             0x20000018   Data           4  tasks.o(.data)
    hrng                                     0x20000098   Data          16  main.o(.bss)
    hspi1                                    0x200000a8   Data         100  main.o(.bss)
    huart1                                   0x2000010c   Data         136  main.o(.bss)
    huart2                                   0x20000194   Data         136  main.o(.bss)
    huart3                                   0x2000021c   Data         136  main.o(.bss)
    xQueueRegistry                           0x200002a4   Data          64  queue.o(.bss)
    __libspace_start                         0x20001b30   Data          96  libspace.o(.bss)
    __temporary_stack_top$libspace           0x20001b90   Data           0  libspace.o(.bss)



==============================================================================

Memory Map of the image

  Image Entry point : 0x0800018d

  Load Region LR_IROM1 (Base: 0x08000000, Size: 0x0000491c, Max: 0x00040000, ABSOLUTE)

    Execution Region ER_IROM1 (Exec base: 0x08000000, Load base: 0x08000000, Size: 0x00004884, Max: 0x00040000, ABSOLUTE)

    Exec Addr    Load Addr    Size         Type   Attr      Idx    E Section Name        Object

    0x08000000   0x08000000   0x0000018c   Data   RO            3    RESET               startup_stm32l431xx.o
    0x0800018c   0x0800018c   0x00000008   Code   RO         5874  * !!!main             c_w.l(__main.o)
    0x08000194   0x08000194   0x00000034   Code   RO         6417    !!!scatter          c_w.l(__scatter.o)
    0x080001c8   0x080001c8   0x0000001a   Code   RO         6419    !!handler_copy      c_w.l(__scatter_copy.o)
    0x080001e2   0x080001e2   0x00000002   PAD
    0x080001e4   0x080001e4   0x0000001c   Code   RO         6421    !!handler_zi        c_w.l(__scatter_zi.o)
    0x08000200   0x08000200   0x00000002   Code   RO         6254    .ARM.Collect$$libinit$$00000000  c_w.l(libinit.o)
    0x08000202   0x08000202   0x00000004   Code   RO         6019    .ARM.Collect$$libinit$$00000001  c_w.l(libinit2.o)
    0x08000206   0x08000206   0x00000000   Code   RO         6022    .ARM.Collect$$libinit$$00000004  c_w.l(libinit2.o)
    0x08000206   0x08000206   0x00000000   Code   RO         6025    .ARM.Collect$$libinit$$0000000A  c_w.l(libinit2.o)
    0x08000206   0x08000206   0x00000000   Code   RO         6027    .ARM.Collect$$libinit$$0000000C  c_w.l(libinit2.o)
    0x08000206   0x08000206   0x00000000   Code   RO         6029    .ARM.Collect$$libinit$$0000000E  c_w.l(libinit2.o)
    0x08000206   0x08000206   0x00000000   Code   RO         6032    .ARM.Collect$$libinit$$00000011  c_w.l(libinit2.o)
    0x08000206   0x08000206   0x00000000   Code   RO         6034    .ARM.Collect$$libinit$$00000013  c_w.l(libinit2.o)
    0x08000206   0x08000206   0x00000000   Code   RO         6036    .ARM.Collect$$libinit$$00000015  c_w.l(libinit2.o)
    0x08000206   0x08000206   0x00000000   Code   RO         6038    .ARM.Collect$$libinit$$00000017  c_w.l(libinit2.o)
    0x08000206   0x08000206   0x00000000   Code   RO         6040    .ARM.Collect$$libinit$$00000019  c_w.l(libinit2.o)
    0x08000206   0x08000206   0x00000000   Code   RO         6042    .ARM.Collect$$libinit$$0000001B  c_w.l(libinit2.o)
    0x08000206   0x08000206   0x00000000   Code   RO         6044    .ARM.Collect$$libinit$$0000001D  c_w.l(libinit2.o)
    0x08000206   0x08000206   0x00000000   Code   RO         6046    .ARM.Collect$$libinit$$0000001F  c_w.l(libinit2.o)
    0x08000206   0x08000206   0x00000000   Code   RO         6048    .ARM.Collect$$libinit$$00000021  c_w.l(libinit2.o)
    0x08000206   0x08000206   0x00000000   Code   RO         6050    .ARM.Collect$$libinit$$00000023  c_w.l(libinit2.o)
    0x08000206   0x08000206   0x00000000   Code   RO         6052    .ARM.Collect$$libinit$$00000025  c_w.l(libinit2.o)
    0x08000206   0x08000206   0x00000000   Code   RO         6056    .ARM.Collect$$libinit$$0000002C  c_w.l(libinit2.o)
    0x08000206   0x08000206   0x00000000   Code   RO         6058    .ARM.Collect$$libinit$$0000002E  c_w.l(libinit2.o)
    0x08000206   0x08000206   0x00000000   Code   RO         6060    .ARM.Collect$$libinit$$00000030  c_w.l(libinit2.o)
    0x08000206   0x08000206   0x00000000   Code   RO         6062    .ARM.Collect$$libinit$$00000032  c_w.l(libinit2.o)
    0x08000206   0x08000206   0x00000002   Code   RO         6063    .ARM.Collect$$libinit$$00000033  c_w.l(libinit2.o)
    0x08000208   0x08000208   0x00000002   Code   RO         6255    .ARM.Collect$$libshutdown$$00000000  c_w.l(libshutdown.o)
    0x0800020a   0x0800020a   0x00000000   Code   RO         6257    .ARM.Collect$$libshutdown$$00000002  c_w.l(libshutdown2.o)
    0x0800020a   0x0800020a   0x00000000   Code   RO         6259    .ARM.Collect$$libshutdown$$00000004  c_w.l(libshutdown2.o)
    0x0800020a   0x0800020a   0x00000000   Code   RO         6261    .ARM.Collect$$libshutdown$$00000006  c_w.l(libshutdown2.o)
    0x0800020a   0x0800020a   0x00000000   Code   RO         6264    .ARM.Collect$$libshutdown$$00000009  c_w.l(libshutdown2.o)
    0x0800020a   0x0800020a   0x00000000   Code   RO         6267    .ARM.Collect$$libshutdown$$0000000C  c_w.l(libshutdown2.o)
    0x0800020a   0x0800020a   0x00000000   Code   RO         6269    .ARM.Collect$$libshutdown$$0000000E  c_w.l(libshutdown2.o)
    0x0800020a   0x0800020a   0x00000000   Code   RO         6272    .ARM.Collect$$libshutdown$$00000011  c_w.l(libshutdown2.o)
    0x0800020a   0x0800020a   0x00000002   Code   RO         6273    .ARM.Collect$$libshutdown$$00000012  c_w.l(libshutdown2.o)
    0x0800020c   0x0800020c   0x00000000   Code   RO         5890    .ARM.Collect$$rtentry$$00000000  c_w.l(__rtentry.o)
    0x0800020c   0x0800020c   0x00000000   Code   RO         6085    .ARM.Collect$$rtentry$$00000002  c_w.l(__rtentry2.o)
    0x0800020c   0x0800020c   0x00000006   Code   RO         6097    .ARM.Collect$$rtentry$$00000004  c_w.l(__rtentry4.o)
    0x08000212   0x08000212   0x00000000   Code   RO         6087    .ARM.Collect$$rtentry$$00000009  c_w.l(__rtentry2.o)
    0x08000212   0x08000212   0x00000004   Code   RO         6088    .ARM.Collect$$rtentry$$0000000A  c_w.l(__rtentry2.o)
    0x08000216   0x08000216   0x00000000   Code   RO         6090    .ARM.Collect$$rtentry$$0000000C  c_w.l(__rtentry2.o)
    0x08000216   0x08000216   0x00000008   Code   RO         6091    .ARM.Collect$$rtentry$$0000000D  c_w.l(__rtentry2.o)
    0x0800021e   0x0800021e   0x00000002   Code   RO         5891    .ARM.Collect$$rtexit$$00000000  c_w.l(rtexit.o)
    0x08000220   0x08000220   0x00000000   Code   RO         6100    .ARM.Collect$$rtexit$$00000002  c_w.l(rtexit2.o)
    0x08000220   0x08000220   0x00000004   Code   RO         6101    .ARM.Collect$$rtexit$$00000003  c_w.l(rtexit2.o)
    0x08000224   0x08000224   0x00000006   Code   RO         6102    .ARM.Collect$$rtexit$$00000004  c_w.l(rtexit2.o)
    0x0800022a   0x0800022a   0x00000002   PAD
    0x0800022c   0x0800022c   0x000000de   Code   RO         4716    .emb_text           port.o
    0x0800030a   0x0800030a   0x00000002   PAD
    0x0800030c   0x0800030c   0x00000040   Code   RO            4    .text               startup_stm32l431xx.o
    0x0800034c   0x0800034c   0x000000ee   Code   RO         5796    .text               c_w.l(lludivv7m.o)
    0x0800043a   0x0800043a   0x00000012   Code   RO         5846    .text               c_w.l(exit.o)
    0x0800044c   0x0800044c   0x0000008a   Code   RO         5858    .text               c_w.l(rt_memcpy_v6.o)
    0x080004d6   0x080004d6   0x00000064   Code   RO         5862    .text               c_w.l(rt_memcpy_w.o)
    0x0800053a   0x0800053a   0x00000010   Code   RO         5866    .text               c_w.l(aeabi_memset.o)
    0x0800054a   0x0800054a   0x0000004e   Code   RO         5868    .text               c_w.l(rt_memclr_w.o)
    0x08000598   0x08000598   0x00000006   Code   RO         5872    .text               c_w.l(heapauxi.o)
    0x0800059e   0x0800059e   0x00000044   Code   RO         6015    .text               c_w.l(rt_memclr.o)
    0x080005e2   0x080005e2   0x00000002   PAD
    0x080005e4   0x080005e4   0x00000008   Code   RO         6081    .text               c_w.l(libspace.o)
    0x080005ec   0x080005ec   0x0000000c   Code   RO         6205    .text               c_w.l(sys_exit.o)
    0x080005f8   0x080005f8   0x00000002   Code   RO         6207    .text               c_w.l(use_no_semi.o)
    0x080005fa   0x080005fa   0x00000000   Code   RO         6209    .text               c_w.l(indicate_semi.o)
    0x080005fa   0x080005fa   0x0000004a   Code   RO         6210    .text               c_w.l(sys_stackheap_outer.o)
    0x08000644   0x08000644   0x00000004   Code   RO          350    i.BusFault_Handler  stm32l4xx_it.o
    0x08000648   0x08000648   0x00000002   Code   RO          351    i.DebugMon_Handler  stm32l4xx_it.o
    0x0800064a   0x0800064a   0x00000006   Code   RO           29    i.Error_Handler     main.o
    0x08000650   0x08000650   0x000001c0   Code   RO         1233    i.HAL_GPIO_Init     stm32l4xx_hal_gpio.o
    0x08000810   0x08000810   0x0000000a   Code   RO         1237    i.HAL_GPIO_WritePin  stm32l4xx_hal_gpio.o
    0x0800081a   0x0800081a   0x00000002   PAD
    0x0800081c   0x0800081c   0x0000000c   Code   RO          484    i.HAL_GetTick       stm32l4xx_hal.o
    0x08000828   0x08000828   0x00000018   Code   RO          490    i.HAL_IncTick       stm32l4xx_hal.o
    0x08000840   0x08000840   0x0000001e   Code   RO          491    i.HAL_Init          stm32l4xx_hal.o
    0x0800085e   0x0800085e   0x00000002   PAD
    0x08000860   0x08000860   0x00000058   Code   RO          492    i.HAL_InitTick      stm32l4xx_hal.o
    0x080008b8   0x080008b8   0x00000048   Code   RO          413    i.HAL_MspInit       stm32l4xx_hal_msp.o
    0x08000900   0x08000900   0x00000082   Code   RO         1764    i.HAL_NVIC_SetPriority  stm32l4xx_hal_cortex.o
    0x08000982   0x08000982   0x00000002   PAD
    0x08000984   0x08000984   0x00000028   Code   RO         1765    i.HAL_NVIC_SetPriorityGrouping  stm32l4xx_hal_cortex.o
    0x080009ac   0x080009ac   0x0000008c   Code   RO         1560    i.HAL_PWREx_ControlVoltageScaling  stm32l4xx_hal_pwr_ex.o
    0x08000a38   0x08000a38   0x00000010   Code   RO         1583    i.HAL_PWREx_GetVoltageRange  stm32l4xx_hal_pwr_ex.o
    0x08000a48   0x08000a48   0x00000388   Code   RO          836    i.HAL_RCCEx_PeriphCLKConfig  stm32l4xx_hal_rcc_ex.o
    0x08000dd0   0x08000dd0   0x000001b4   Code   RO          708    i.HAL_RCC_ClockConfig  stm32l4xx_hal_rcc.o
    0x08000f84   0x08000f84   0x0000000c   Code   RO          712    i.HAL_RCC_GetHCLKFreq  stm32l4xx_hal_rcc.o
    0x08000f90   0x08000f90   0x00000024   Code   RO          714    i.HAL_RCC_GetPCLK1Freq  stm32l4xx_hal_rcc.o
    0x08000fb4   0x08000fb4   0x00000024   Code   RO          715    i.HAL_RCC_GetPCLK2Freq  stm32l4xx_hal_rcc.o
    0x08000fd8   0x08000fd8   0x000000ec   Code   RO          717    i.HAL_RCC_GetSysClockFreq  stm32l4xx_hal_rcc.o
    0x080010c4   0x080010c4   0x00000750   Code   RO          720    i.HAL_RCC_OscConfig  stm32l4xx_hal_rcc.o
    0x08001814   0x08001814   0x0000007a   Code   RO         1984    i.HAL_RNG_Init      stm32l4xx_hal_rng.o
    0x0800188e   0x0800188e   0x00000002   PAD
    0x08001890   0x08001890   0x00000070   Code   RO          415    i.HAL_RNG_MspInit   stm32l4xx_hal_msp.o
    0x08001900   0x08001900   0x000000f0   Code   RO         2088    i.HAL_SPI_Init      stm32l4xx_hal_spi.o
    0x080019f0   0x080019f0   0x00000078   Code   RO          417    i.HAL_SPI_MspInit   stm32l4xx_hal_msp.o
    0x08001a68   0x08001a68   0x00000034   Code   RO         1769    i.HAL_SYSTICK_Config  stm32l4xx_hal_cortex.o
    0x08001a9c   0x08001a9c   0x00000074   Code   RO         2493    i.HAL_UART_Init     stm32l4xx_hal_uart.o
    0x08001b10   0x08001b10   0x000001c0   Code   RO          419    i.HAL_UART_MspInit  stm32l4xx_hal_msp.o
    0x08001cd0   0x08001cd0   0x00000004   Code   RO          352    i.HardFault_Handler  stm32l4xx_it.o
    0x08001cd4   0x08001cd4   0x000000a4   Code   RO           30    i.MX_GPIO_Init      main.o
    0x08001d78   0x08001d78   0x00000020   Code   RO           31    i.MX_RNG_Init       main.o
    0x08001d98   0x08001d98   0x00000050   Code   RO           32    i.MX_SPI1_Init      main.o
    0x08001de8   0x08001de8   0x00000040   Code   RO           33    i.MX_USART1_UART_Init  main.o
    0x08001e28   0x08001e28   0x00000040   Code   RO           34    i.MX_USART2_UART_Init  main.o
    0x08001e68   0x08001e68   0x00000040   Code   RO           35    i.MX_USART3_UART_Init  main.o
    0x08001ea8   0x08001ea8   0x00000004   Code   RO          353    i.MemManage_Handler  stm32l4xx_it.o
    0x08001eac   0x08001eac   0x00000004   Code   RO          354    i.NMI_Handler       stm32l4xx_it.o
    0x08001eb0   0x08001eb0   0x00000188   Code   RO          840    i.RCCEx_PLLSAI1_Config  stm32l4xx_hal_rcc_ex.o
    0x08002038   0x08002038   0x0000009c   Code   RO          721    i.RCC_SetFlashLatencyFromMSIRange  stm32l4xx_hal_rcc.o
    0x080020d4   0x080020d4   0x0000000a   Code   RO           36    i.StartDefaultTask  main.o
    0x080020de   0x080020de   0x00000014   Code   RO          355    i.SysTick_Handler   stm32l4xx_it.o
    0x080020f2   0x080020f2   0x00000072   Code   RO           37    i.SystemClock_Config  main.o
    0x08002164   0x08002164   0x00000014   Code   RO         2957    i.SystemInit        system_stm32l4xx.o
    0x08002178   0x08002178   0x000000f8   Code   RO         2507    i.UART_AdvFeatureConfig  stm32l4xx_hal_uart.o
    0x08002270   0x08002270   0x000000e6   Code   RO         2508    i.UART_CheckIdleState  stm32l4xx_hal_uart.o
    0x08002356   0x08002356   0x00000066   Code   RO         2519    i.UART_EndRxTransfer  stm32l4xx_hal_uart.o
    0x080023bc   0x080023bc   0x000002f6   Code   RO         2524    i.UART_SetConfig    stm32l4xx_hal_uart.o
    0x080026b2   0x080026b2   0x000000ac   Code   RO         2529    i.UART_WaitOnFlagUntilTimeout  stm32l4xx_hal_uart.o
    0x0800275e   0x0800275e   0x00000004   Code   RO          356    i.UsageFault_Handler  stm32l4xx_it.o
    0x08002762   0x08002762   0x00000002   PAD
    0x08002764   0x08002764   0x00000010   Code   RO         1771    i.__NVIC_GetPriorityGrouping  stm32l4xx_hal_cortex.o
    0x08002774   0x08002774   0x00000028   Code   RO         1772    i.__NVIC_SetPriority  stm32l4xx_hal_cortex.o
    0x0800279c   0x0800279c   0x00000006   Code   RO         4138    i.__get_IPSR        cmsis_os2.o
    0x080027a2   0x080027a2   0x00000002   PAD
    0x080027a4   0x080027a4   0x00000048   Code   RO           38    i.main              main.o
    0x080027ec   0x080027ec   0x0000001e   Code   RO         4139    i.osDelay           cmsis_os2.o
    0x0800280a   0x0800280a   0x00000002   PAD
    0x0800280c   0x0800280c   0x0000002c   Code   RO         4153    i.osKernelInitialize  cmsis_os2.o
    0x08002838   0x08002838   0x00000060   Code   RO         4156    i.osKernelStart     cmsis_os2.o
    0x08002898   0x08002898   0x000000b8   Code   RO         4198    i.osThreadNew       cmsis_os2.o
    0x08002950   0x08002950   0x0000007c   Code   RO         3574    i.prvAddCurrentTaskToDelayedList  tasks.o
    0x080029cc   0x080029cc   0x000000b8   Code   RO         3575    i.prvAddNewTaskToReadyList  tasks.o
    0x08002a84   0x08002a84   0x00000074   Code   RO         3950    i.prvCheckForValidListAndQueue  timers.o
    0x08002af8   0x08002af8   0x00000048   Code   RO         3576    i.prvCheckTasksWaitingTermination  tasks.o
    0x08002b40   0x08002b40   0x0000002a   Code   RO         3161    i.prvCopyDataFromQueue  queue.o
    0x08002b6a   0x08002b6a   0x0000007e   Code   RO         3162    i.prvCopyDataToQueue  queue.o
    0x08002be8   0x08002be8   0x00000050   Code   RO         3577    i.prvDeleteTCB      tasks.o
    0x08002c38   0x08002c38   0x00000028   Code   RO         3951    i.prvGetNextExpireTime  timers.o
    0x08002c60   0x08002c60   0x0000007c   Code   RO         4661    i.prvHeapInit       heap_4.o
    0x08002cdc   0x08002cdc   0x00000028   Code   RO         3578    i.prvIdleTask       tasks.o
    0x08002d04   0x08002d04   0x0000002a   Code   RO         3165    i.prvInitialiseNewQueue  queue.o
    0x08002d2e   0x08002d2e   0x000000c4   Code   RO         3579    i.prvInitialiseNewTask  tasks.o
    0x08002df2   0x08002df2   0x00000002   PAD
    0x08002df4   0x08002df4   0x00000068   Code   RO         3580    i.prvInitialiseTaskLists  tasks.o
    0x08002e5c   0x08002e5c   0x00000068   Code   RO         4662    i.prvInsertBlockIntoFreeList  heap_4.o
    0x08002ec4   0x08002ec4   0x00000058   Code   RO         3953    i.prvInsertTimerInActiveList  timers.o
    0x08002f1c   0x08002f1c   0x0000001a   Code   RO         3166    i.prvIsQueueEmpty   queue.o
    0x08002f36   0x08002f36   0x0000001e   Code   RO         3167    i.prvIsQueueFull    queue.o
    0x08002f54   0x08002f54   0x00000074   Code   RO         3954    i.prvProcessExpiredTimer  timers.o
    0x08002fc8   0x08002fc8   0x00000164   Code   RO         3955    i.prvProcessReceivedCommands  timers.o
    0x0800312c   0x0800312c   0x00000074   Code   RO         3956    i.prvProcessTimerOrBlockTask  timers.o
    0x080031a0   0x080031a0   0x00000034   Code   RO         3582    i.prvResetNextTaskUnblockTime  tasks.o
    0x080031d4   0x080031d4   0x0000002c   Code   RO         3957    i.prvSampleTimeNow  timers.o
    0x08003200   0x08003200   0x000000a4   Code   RO         3958    i.prvSwitchTimerLists  timers.o
    0x080032a4   0x080032a4   0x00000040   Code   RO         4717    i.prvTaskExitError  port.o
    0x080032e4   0x080032e4   0x0000001a   Code   RO         3959    i.prvTimerTask      timers.o
    0x080032fe   0x080032fe   0x0000007e   Code   RO         3168    i.prvUnlockQueue    queue.o
    0x0800337c   0x0800337c   0x0000014c   Code   RO         4663    i.pvPortMalloc      heap_4.o
    0x080034c8   0x080034c8   0x0000002c   Code   RO         4718    i.pxPortInitialiseStack  port.o
    0x080034f4   0x080034f4   0x00000028   Code   RO         3121    i.uxListRemove      list.o
    0x0800351c   0x0800351c   0x00000018   Code   RO         4210    i.vApplicationGetIdleTaskMemory  cmsis_os2.o
    0x08003534   0x08003534   0x00000018   Code   RO         4211    i.vApplicationGetTimerTaskMemory  cmsis_os2.o
    0x0800354c   0x0800354c   0x0000001a   Code   RO         3122    i.vListInitialise   list.o
    0x08003566   0x08003566   0x00000006   Code   RO         3123    i.vListInitialiseItem  list.o
    0x0800356c   0x0800356c   0x00000034   Code   RO         3124    i.vListInsert       list.o
    0x080035a0   0x080035a0   0x00000018   Code   RO         3125    i.vListInsertEnd    list.o
    0x080035b8   0x080035b8   0x00000054   Code   RO         4720    i.vPortEnterCritical  port.o
    0x0800360c   0x0800360c   0x0000003c   Code   RO         4721    i.vPortExitCritical  port.o
    0x08003648   0x08003648   0x000000a4   Code   RO         4664    i.vPortFree         heap_4.o
    0x080036ec   0x080036ec   0x00000028   Code   RO         4722    i.vPortSetupTimerInterrupt  port.o
    0x08003714   0x08003714   0x00000078   Code   RO         4723    i.vPortValidateInterruptPriority  port.o
    0x0800378c   0x0800378c   0x0000002c   Code   RO         3174    i.vQueueAddToRegistry  queue.o
    0x080037b8   0x080037b8   0x0000004a   Code   RO         3178    i.vQueueWaitForMessageRestricted  queue.o
    0x08003802   0x08003802   0x00000002   PAD
    0x08003804   0x08003804   0x0000005c   Code   RO         3595    i.vTaskDelay        tasks.o
    0x08003860   0x08003860   0x00000018   Code   RO         3600    i.vTaskInternalSetTimeOutState  tasks.o
    0x08003878   0x08003878   0x0000000c   Code   RO         3601    i.vTaskMissedYield  tasks.o
    0x08003884   0x08003884   0x00000038   Code   RO         3603    i.vTaskPlaceOnEventList  tasks.o
    0x080038bc   0x080038bc   0x00000040   Code   RO         3604    i.vTaskPlaceOnEventListRestricted  tasks.o
    0x080038fc   0x080038fc   0x000000b8   Code   RO         3612    i.vTaskStartScheduler  tasks.o
    0x080039b4   0x080039b4   0x00000010   Code   RO         3614    i.vTaskSuspendAll   tasks.o
    0x080039c4   0x080039c4   0x00000090   Code   RO         3615    i.vTaskSwitchContext  tasks.o
    0x08003a54   0x08003a54   0x00000168   Code   RO         4724    i.xPortStartScheduler  port.o
    0x08003bbc   0x08003bbc   0x00000034   Code   RO         4725    i.xPortSysTickHandler  port.o
    0x08003bf0   0x08003bf0   0x000000e0   Code   RO         3184    i.xQueueGenericCreateStatic  queue.o
    0x08003cd0   0x08003cd0   0x00000098   Code   RO         3185    i.xQueueGenericReset  queue.o
    0x08003d68   0x08003d68   0x000001a8   Code   RO         3186    i.xQueueGenericSend  queue.o
    0x08003f10   0x08003f10   0x00000102   Code   RO         3187    i.xQueueGenericSendFromISR  queue.o
    0x08004012   0x08004012   0x00000002   PAD
    0x08004014   0x08004014   0x00000168   Code   RO         3196    i.xQueueReceive     queue.o
    0x0800417c   0x0800417c   0x0000008c   Code   RO         3617    i.xTaskCheckForTimeOut  tasks.o
    0x08004208   0x08004208   0x0000006a   Code   RO         3618    i.xTaskCreate       tasks.o
    0x08004272   0x08004272   0x000000c0   Code   RO         3619    i.xTaskCreateStatic  tasks.o
    0x08004332   0x08004332   0x00000002   PAD
    0x08004334   0x08004334   0x00000020   Code   RO         3623    i.xTaskGetSchedulerState  tasks.o
    0x08004354   0x08004354   0x0000000c   Code   RO         3624    i.xTaskGetTickCount  tasks.o
    0x08004360   0x08004360   0x00000144   Code   RO         3626    i.xTaskIncrementTick  tasks.o
    0x080044a4   0x080044a4   0x000000a4   Code   RO         3629    i.xTaskPriorityDisinherit  tasks.o
    0x08004548   0x08004548   0x00000098   Code   RO         3631    i.xTaskRemoveFromEventList  tasks.o
    0x080045e0   0x080045e0   0x00000104   Code   RO         3632    i.xTaskResumeAll    tasks.o
    0x080046e4   0x080046e4   0x00000078   Code   RO         3968    i.xTimerCreateTimerTask  timers.o
    0x0800475c   0x0800475c   0x00000084   Code   RO         3969    i.xTimerGenericCommand  timers.o
    0x080047e0   0x080047e0   0x0000000a   Code   RO         6192    x$fpl$fpinit        fz_wm.l(fpinit.o)
    0x080047ea   0x080047ea   0x00000002   PAD
    0x080047ec   0x080047ec   0x00000024   Data   RO           40    .constdata          main.o
    0x08004810   0x08004810   0x00000048   Data   RO         2958    .constdata          system_stm32l4xx.o
    0x08004858   0x08004858   0x0000000c   Data   RO           41    .conststring        main.o
    0x08004864   0x08004864   0x00000020   Data   RO         6415    Region$$Table       anon$$obj.o


    Execution Region RW_IRAM2 (Exec base: 0x10000000, Load base: 0x0800491c, Size: 0x00000000, Max: 0x00004000, ABSOLUTE)

    **** No section assigned to this execution region ****


    Execution Region RW_IRAM1 (Exec base: 0x20000000, Load base: 0x08004884, Size: 0x00002190, Max: 0x0000c000, ABSOLUTE)

    Exec Addr    Load Addr    Size         Type   Attr      Idx    E Section Name        Object

    0x20000000   0x08004884   0x00000008   Data   RW           42    .data               main.o
    0x20000008   0x0800488c   0x00000009   Data   RW          508    .data               stm32l4xx_hal.o
    0x20000011   0x08004895   0x00000003   PAD
    0x20000014   0x08004898   0x00000004   Data   RW         2959    .data               system_stm32l4xx.o
    0x20000018   0x0800489c   0x0000003c   Data   RW         3635    .data               tasks.o
    0x20000054   0x080048d8   0x00000014   Data   RW         3977    .data               timers.o
    0x20000068   0x080048ec   0x00000004   Data   RW         4213    .data               cmsis_os2.o
    0x2000006c   0x080048f0   0x00000020   Data   RW         4670    .data               heap_4.o
    0x2000008c   0x08004910   0x0000000c   Data   RW         4726    .data               port.o
    0x20000098        -       0x0000020c   Zero   RW           39    .bss                main.o
    0x200002a4        -       0x00000040   Zero   RW         3200    .bss                queue.o
    0x200002e4        -       0x000004c4   Zero   RW         3634    .bss                tasks.o
    0x200007a8        -       0x00000118   Zero   RW         3976    .bss                timers.o
    0x200008c0        -       0x000006b8   Zero   RW         4212    .bss                cmsis_os2.o
    0x20000f78        -       0x00000bb8   Zero   RW         4669    .bss                heap_4.o
    0x20001b30        -       0x00000060   Zero   RW         6082    .bss                c_w.l(libspace.o)
    0x20001b90        -       0x00000200   Zero   RW            2    HEAP                startup_stm32l431xx.o
    0x20001d90        -       0x00000400   Zero   RW            1    STACK               startup_stm32l431xx.o


==============================================================================

Image component sizes


      Code (inc. data)   RO Data    RW Data    ZI Data      Debug   Object Name

       408         38          0          4       1720      64941   cmsis_os2.o
         0          0          0          0          0      19496   event_groups.o
       724         74          0         32       3000       5087   heap_4.o
       148          0          0          0          0       3798   list.o
       670         66         48          8        524     667607   main.o
      1046         92          0         12          0      12013   port.o
      1928         20          0          0         64      17792   queue.o
        64         26        396          0       1536        860   startup_stm32l431xx.o
       154         28          0          9          0      12233   stm32l4xx_hal.o
       278         22          0          0          0      33746   stm32l4xx_hal_cortex.o
       458         30          0          0          0       2220   stm32l4xx_hal_gpio.o
       752         50          0          0          0       3605   stm32l4xx_hal_msp.o
       156         18          0          0          0       1390   stm32l4xx_hal_pwr_ex.o
      2784        108          0          0          0       7656   stm32l4xx_hal_rcc.o
      1296         26          0          0          0       3052   stm32l4xx_hal_rcc_ex.o
       122          0          0          0          0       1395   stm32l4xx_hal_rng.o
       240          0          0          0          0       1403   stm32l4xx_hal_spi.o
      1626         50          0          0          0       6253   stm32l4xx_hal_uart.o
        42          0          0          0          0       3439   stm32l4xx_it.o
         0          0          0          0          0        392   stream_buffer.o
        20          6         72          4          0       1361   system_stm32l4xx.o
      2826        346          0         60       1220      28038   tasks.o
      1318        124          0         20        280      33303   timers.o

    ----------------------------------------------------------------------
     17084       1124        548        152       8344     931080   Object Totals
         0          0         32          0          0          0   (incl. Generated)
        24          0          0          3          0          0   (incl. Padding)

    ----------------------------------------------------------------------

      Code (inc. data)   RO Data    RW Data    ZI Data      Debug   Library Member Name

         8          0          0          0          0         68   __main.o
         0          0          0          0          0          0   __rtentry.o
        12          0          0          0          0          0   __rtentry2.o
         6          0          0          0          0          0   __rtentry4.o
        52          8          0          0          0          0   __scatter.o
        26          0          0          0          0          0   __scatter_copy.o
        28          0          0          0          0          0   __scatter_zi.o
        16          0          0          0          0         68   aeabi_memset.o
        18          0          0          0          0         80   exit.o
         6          0          0          0          0        152   heapauxi.o
         0          0          0          0          0          0   indicate_semi.o
         2          0          0          0          0          0   libinit.o
         6          0          0          0          0          0   libinit2.o
         2          0          0          0          0          0   libshutdown.o
         2          0          0          0          0          0   libshutdown2.o
         8          4          0          0         96         68   libspace.o
       238          0          0          0          0        100   lludivv7m.o
        68          0          0          0          0         68   rt_memclr.o
        78          0          0          0          0         80   rt_memclr_w.o
       138          0          0          0          0         68   rt_memcpy_v6.o
       100          0          0          0          0         80   rt_memcpy_w.o
         2          0          0          0          0          0   rtexit.o
        10          0          0          0          0          0   rtexit2.o
        12          4          0          0          0         68   sys_exit.o
        74          0          0          0          0         80   sys_stackheap_outer.o
         2          0          0          0          0         68   use_no_semi.o
        10          0          0          0          0        116   fpinit.o

    ----------------------------------------------------------------------
       932         16          0          0         96       1164   Library Totals
         8          0          0          0          0          0   (incl. Padding)

    ----------------------------------------------------------------------

      Code (inc. data)   RO Data    RW Data    ZI Data      Debug   Library Name

       914         16          0          0         96       1048   c_w.l
        10          0          0          0          0        116   fz_wm.l

    ----------------------------------------------------------------------
       932         16          0          0         96       1164   Library Totals

    ----------------------------------------------------------------------

==============================================================================


      Code (inc. data)   RO Data    RW Data    ZI Data      Debug   

     18016       1140        548        152       8440     919776   Grand Totals
     18016       1140        548        152       8440     919776   ELF Image Totals
     18016       1140        548        152          0          0   ROM Totals

==============================================================================

    Total RO  Size (Code + RO Data)                18564 (  18.13kB)
    Total RW  Size (RW Data + ZI Data)              8592 (   8.39kB)
    Total ROM Size (Code + RO Data + RW Data)      18716 (  18.28kB)

==============================================================================

